/home/moyu/workspace/vr_teleop/vr_rm75_ws/install/vr_rm75_teleop/lib/python3.10/site-packages/vr_rm75_teleop/deadman_clutch.py
/home/moyu/workspace/vr_teleop/vr_rm75_ws/install/vr_rm75_teleop/lib/python3.10/site-packages/vr_rm75_teleop/following_error_monitor.py
/home/moyu/workspace/vr_teleop/vr_rm75_ws/install/vr_rm75_teleop/lib/python3.10/site-packages/vr_rm75_teleop/rm75_state_node.py
/home/moyu/workspace/vr_teleop/vr_rm75_ws/install/vr_rm75_teleop/lib/python3.10/site-packages/vr_rm75_teleop/check_ik_joint_centering.py
/home/moyu/workspace/vr_teleop/vr_rm75_ws/install/vr_rm75_teleop/lib/python3.10/site-packages/vr_rm75_teleop/quest_dual_ik_fusion.py
/home/moyu/workspace/vr_teleop/vr_rm75_ws/install/vr_rm75_teleop/lib/python3.10/site-packages/vr_rm75_teleop/rm75_hardware_interface.py
/home/moyu/workspace/vr_teleop/vr_rm75_ws/install/vr_rm75_teleop/lib/python3.10/site-packages/vr_rm75_teleop/collision_backend.py
/home/moyu/workspace/vr_teleop/vr_rm75_ws/install/vr_rm75_teleop/lib/python3.10/site-packages/vr_rm75_teleop/check_adaptive_damping.py
/home/moyu/workspace/vr_teleop/vr_rm75_ws/install/vr_rm75_teleop/lib/python3.10/site-packages/vr_rm75_teleop/rm75_ik.py
/home/moyu/workspace/vr_teleop/vr_rm75_ws/install/vr_rm75_teleop/lib/python3.10/site-packages/vr_rm75_teleop/se3_rate_limiter.py
/home/moyu/workspace/vr_teleop/vr_rm75_ws/install/vr_rm75_teleop/lib/python3.10/site-packages/vr_rm75_teleop/check_urdf_fk.py
/home/moyu/workspace/vr_teleop/vr_rm75_ws/install/vr_rm75_teleop/lib/python3.10/site-packages/vr_rm75_teleop/robot_feedback_monitor.py
/home/moyu/workspace/vr_teleop/vr_rm75_ws/install/vr_rm75_teleop/lib/python3.10/site-packages/vr_rm75_teleop/check_vr_pose_mapping.py
/home/moyu/workspace/vr_teleop/vr_rm75_ws/install/vr_rm75_teleop/lib/python3.10/site-packages/vr_rm75_teleop/__init__.py
/home/moyu/workspace/vr_teleop/vr_rm75_ws/install/vr_rm75_teleop/lib/python3.10/site-packages/vr_rm75_teleop/check_nullspace.py
/home/moyu/workspace/vr_teleop/vr_rm75_ws/install/vr_rm75_teleop/lib/python3.10/site-packages/vr_rm75_teleop/meta_quest_bridge.py
/home/moyu/workspace/vr_teleop/vr_rm75_ws/install/vr_rm75_teleop/lib/python3.10/site-packages/vr_rm75_teleop/rm75_jacobian.py
/home/moyu/workspace/vr_teleop/vr_rm75_ws/install/vr_rm75_teleop/lib/python3.10/site-packages/vr_rm75_teleop/rm75_model.py
/home/moyu/workspace/vr_teleop/vr_rm75_ws/install/vr_rm75_teleop/lib/python3.10/site-packages/vr_rm75_teleop/check_se3_rate_limiter.py
/home/moyu/workspace/vr_teleop/vr_rm75_ws/install/vr_rm75_teleop/lib/python3.10/site-packages/vr_rm75_teleop/check_controller_fk.py
/home/moyu/workspace/vr_teleop/vr_rm75_ws/install/vr_rm75_teleop/lib/python3.10/site-packages/vr_rm75_teleop/check_fk.py
/home/moyu/workspace/vr_teleop/vr_rm75_ws/install/vr_rm75_teleop/lib/python3.10/site-packages/vr_rm75_teleop/vr_pose_mapping.py
/home/moyu/workspace/vr_teleop/vr_rm75_ws/install/vr_rm75_teleop/lib/python3.10/site-packages/vr_rm75_teleop/timing_monitor.py
/home/moyu/workspace/vr_teleop/vr_rm75_ws/install/vr_rm75_teleop/lib/python3.10/site-packages/vr_rm75_teleop/check_target_feasibility.py
/home/moyu/workspace/vr_teleop/vr_rm75_ws/install/vr_rm75_teleop/lib/python3.10/site-packages/vr_rm75_teleop/check_singularity_scan.py
/home/moyu/workspace/vr_teleop/vr_rm75_ws/install/vr_rm75_teleop/lib/python3.10/site-packages/vr_rm75_teleop/stop_policy.py
/home/moyu/workspace/vr_teleop/vr_rm75_ws/install/vr_rm75_teleop/lib/python3.10/site-packages/vr_rm75_teleop/check_ik.py
/home/moyu/workspace/vr_teleop/vr_rm75_ws/install/vr_rm75_teleop/lib/python3.10/site-packages/vr_rm75_teleop/collision_backend_node.py
/home/moyu/workspace/vr_teleop/vr_rm75_ws/install/vr_rm75_teleop/lib/python3.10/site-packages/vr_rm75_teleop/quest_ik_fusion.py
/home/moyu/workspace/vr_teleop/vr_rm75_ws/install/vr_rm75_teleop/lib/python3.10/site-packages/vr_rm75_teleop/check_continuous_ik.py
/home/moyu/workspace/vr_teleop/vr_rm75_ws/install/vr_rm75_teleop/lib/python3.10/site-packages/vr_rm75_teleop/rm75_fk.py
/home/moyu/workspace/vr_teleop/vr_rm75_ws/install/vr_rm75_teleop/lib/python3.10/site-packages/vr_rm75_teleop/safety_supervisor.py
/home/moyu/workspace/vr_teleop/vr_rm75_ws/install/vr_rm75_teleop/lib/python3.10/site-packages/vr_rm75_teleop/check_jacobian.py
/home/moyu/workspace/vr_teleop/vr_rm75_ws/install/vr_rm75_teleop/lib/python3.10/site-packages/vr_rm75_teleop/arm_fusion_state.py
/home/moyu/workspace/vr_teleop/vr_rm75_ws/install/vr_rm75_teleop/lib/python3.10/site-packages/vr_rm75_teleop/joint_safety.py
/home/moyu/workspace/vr_teleop/vr_rm75_ws/install/vr_rm75_teleop/lib/python3.10/site-packages/vr_rm75_teleop/collision_safety.py
/home/moyu/workspace/vr_teleop/vr_rm75_ws/install/vr_rm75_teleop/lib/python3.10/site-packages/vr_rm75_teleop/rm75_command_interface.py
/home/moyu/workspace/vr_teleop/vr_rm75_ws/install/vr_rm75_teleop/lib/python3.10/site-packages/vr_rm75_teleop/rm75_nullspace.py
/home/moyu/workspace/vr_teleop/vr_rm75_ws/install/vr_rm75_teleop/lib/python3.10/site-packages/vr_rm75_teleop/target_feasibility.py
/home/moyu/workspace/vr_teleop/vr_rm75_ws/install/vr_rm75_teleop/lib/python3.10/site-packages/vr_rm75_teleop/__pycache__/deadman_clutch.cpython-310.pyc
/home/moyu/workspace/vr_teleop/vr_rm75_ws/install/vr_rm75_teleop/lib/python3.10/site-packages/vr_rm75_teleop/__pycache__/following_error_monitor.cpython-310.pyc
/home/moyu/workspace/vr_teleop/vr_rm75_ws/install/vr_rm75_teleop/lib/python3.10/site-packages/vr_rm75_teleop/__pycache__/rm75_state_node.cpython-310.pyc
/home/moyu/workspace/vr_teleop/vr_rm75_ws/install/vr_rm75_teleop/lib/python3.10/site-packages/vr_rm75_teleop/__pycache__/check_ik_joint_centering.cpython-310.pyc
/home/moyu/workspace/vr_teleop/vr_rm75_ws/install/vr_rm75_teleop/lib/python3.10/site-packages/vr_rm75_teleop/__pycache__/quest_dual_ik_fusion.cpython-310.pyc
/home/moyu/workspace/vr_teleop/vr_rm75_ws/install/vr_rm75_teleop/lib/python3.10/site-packages/vr_rm75_teleop/__pycache__/rm75_hardware_interface.cpython-310.pyc
/home/moyu/workspace/vr_teleop/vr_rm75_ws/install/vr_rm75_teleop/lib/python3.10/site-packages/vr_rm75_teleop/__pycache__/collision_backend.cpython-310.pyc
/home/moyu/workspace/vr_teleop/vr_rm75_ws/install/vr_rm75_teleop/lib/python3.10/site-packages/vr_rm75_teleop/__pycache__/check_adaptive_damping.cpython-310.pyc
/home/moyu/workspace/vr_teleop/vr_rm75_ws/install/vr_rm75_teleop/lib/python3.10/site-packages/vr_rm75_teleop/__pycache__/rm75_ik.cpython-310.pyc
/home/moyu/workspace/vr_teleop/vr_rm75_ws/install/vr_rm75_teleop/lib/python3.10/site-packages/vr_rm75_teleop/__pycache__/se3_rate_limiter.cpython-310.pyc
/home/moyu/workspace/vr_teleop/vr_rm75_ws/install/vr_rm75_teleop/lib/python3.10/site-packages/vr_rm75_teleop/__pycache__/check_urdf_fk.cpython-310.pyc
/home/moyu/workspace/vr_teleop/vr_rm75_ws/install/vr_rm75_teleop/lib/python3.10/site-packages/vr_rm75_teleop/__pycache__/robot_feedback_monitor.cpython-310.pyc
/home/moyu/workspace/vr_teleop/vr_rm75_ws/install/vr_rm75_teleop/lib/python3.10/site-packages/vr_rm75_teleop/__pycache__/check_vr_pose_mapping.cpython-310.pyc
/home/moyu/workspace/vr_teleop/vr_rm75_ws/install/vr_rm75_teleop/lib/python3.10/site-packages/vr_rm75_teleop/__pycache__/__init__.cpython-310.pyc
/home/moyu/workspace/vr_teleop/vr_rm75_ws/install/vr_rm75_teleop/lib/python3.10/site-packages/vr_rm75_teleop/__pycache__/check_nullspace.cpython-310.pyc
/home/moyu/workspace/vr_teleop/vr_rm75_ws/install/vr_rm75_teleop/lib/python3.10/site-packages/vr_rm75_teleop/__pycache__/meta_quest_bridge.cpython-310.pyc
/home/moyu/workspace/vr_teleop/vr_rm75_ws/install/vr_rm75_teleop/lib/python3.10/site-packages/vr_rm75_teleop/__pycache__/rm75_jacobian.cpython-310.pyc
/home/moyu/workspace/vr_teleop/vr_rm75_ws/install/vr_rm75_teleop/lib/python3.10/site-packages/vr_rm75_teleop/__pycache__/rm75_model.cpython-310.pyc
/home/moyu/workspace/vr_teleop/vr_rm75_ws/install/vr_rm75_teleop/lib/python3.10/site-packages/vr_rm75_teleop/__pycache__/check_se3_rate_limiter.cpython-310.pyc
/home/moyu/workspace/vr_teleop/vr_rm75_ws/install/vr_rm75_teleop/lib/python3.10/site-packages/vr_rm75_teleop/__pycache__/check_controller_fk.cpython-310.pyc
/home/moyu/workspace/vr_teleop/vr_rm75_ws/install/vr_rm75_teleop/lib/python3.10/site-packages/vr_rm75_teleop/__pycache__/check_fk.cpython-310.pyc
/home/moyu/workspace/vr_teleop/vr_rm75_ws/install/vr_rm75_teleop/lib/python3.10/site-packages/vr_rm75_teleop/__pycache__/vr_pose_mapping.cpython-310.pyc
/home/moyu/workspace/vr_teleop/vr_rm75_ws/install/vr_rm75_teleop/lib/python3.10/site-packages/vr_rm75_teleop/__pycache__/timing_monitor.cpython-310.pyc
/home/moyu/workspace/vr_teleop/vr_rm75_ws/install/vr_rm75_teleop/lib/python3.10/site-packages/vr_rm75_teleop/__pycache__/check_target_feasibility.cpython-310.pyc
/home/moyu/workspace/vr_teleop/vr_rm75_ws/install/vr_rm75_teleop/lib/python3.10/site-packages/vr_rm75_teleop/__pycache__/check_singularity_scan.cpython-310.pyc
/home/moyu/workspace/vr_teleop/vr_rm75_ws/install/vr_rm75_teleop/lib/python3.10/site-packages/vr_rm75_teleop/__pycache__/stop_policy.cpython-310.pyc
/home/moyu/workspace/vr_teleop/vr_rm75_ws/install/vr_rm75_teleop/lib/python3.10/site-packages/vr_rm75_teleop/__pycache__/check_ik.cpython-310.pyc
/home/moyu/workspace/vr_teleop/vr_rm75_ws/install/vr_rm75_teleop/lib/python3.10/site-packages/vr_rm75_teleop/__pycache__/collision_backend_node.cpython-310.pyc
/home/moyu/workspace/vr_teleop/vr_rm75_ws/install/vr_rm75_teleop/lib/python3.10/site-packages/vr_rm75_teleop/__pycache__/quest_ik_fusion.cpython-310.pyc
/home/moyu/workspace/vr_teleop/vr_rm75_ws/install/vr_rm75_teleop/lib/python3.10/site-packages/vr_rm75_teleop/__pycache__/check_continuous_ik.cpython-310.pyc
/home/moyu/workspace/vr_teleop/vr_rm75_ws/install/vr_rm75_teleop/lib/python3.10/site-packages/vr_rm75_teleop/__pycache__/rm75_fk.cpython-310.pyc
/home/moyu/workspace/vr_teleop/vr_rm75_ws/install/vr_rm75_teleop/lib/python3.10/site-packages/vr_rm75_teleop/__pycache__/safety_supervisor.cpython-310.pyc
/home/moyu/workspace/vr_teleop/vr_rm75_ws/install/vr_rm75_teleop/lib/python3.10/site-packages/vr_rm75_teleop/__pycache__/check_jacobian.cpython-310.pyc
/home/moyu/workspace/vr_teleop/vr_rm75_ws/install/vr_rm75_teleop/lib/python3.10/site-packages/vr_rm75_teleop/__pycache__/arm_fusion_state.cpython-310.pyc
/home/moyu/workspace/vr_teleop/vr_rm75_ws/install/vr_rm75_teleop/lib/python3.10/site-packages/vr_rm75_teleop/__pycache__/joint_safety.cpython-310.pyc
/home/moyu/workspace/vr_teleop/vr_rm75_ws/install/vr_rm75_teleop/lib/python3.10/site-packages/vr_rm75_teleop/__pycache__/collision_safety.cpython-310.pyc
/home/moyu/workspace/vr_teleop/vr_rm75_ws/install/vr_rm75_teleop/lib/python3.10/site-packages/vr_rm75_teleop/__pycache__/rm75_command_interface.cpython-310.pyc
/home/moyu/workspace/vr_teleop/vr_rm75_ws/install/vr_rm75_teleop/lib/python3.10/site-packages/vr_rm75_teleop/__pycache__/rm75_nullspace.cpython-310.pyc
/home/moyu/workspace/vr_teleop/vr_rm75_ws/install/vr_rm75_teleop/lib/python3.10/site-packages/vr_rm75_teleop/__pycache__/target_feasibility.cpython-310.pyc
/home/moyu/workspace/vr_teleop/vr_rm75_ws/install/vr_rm75_teleop/share/ament_index/resource_index/packages/vr_rm75_teleop
/home/moyu/workspace/vr_teleop/vr_rm75_ws/install/vr_rm75_teleop/share/vr_rm75_teleop/package.xml
/home/moyu/workspace/vr_teleop/vr_rm75_ws/install/vr_rm75_teleop/share/vr_rm75_teleop/config/quest_dual_ik_fusion.yaml
/home/moyu/workspace/vr_teleop/vr_rm75_ws/install/vr_rm75_teleop/share/vr_rm75_teleop/config/rm75_state.yaml
/home/moyu/workspace/vr_teleop/vr_rm75_ws/install/vr_rm75_teleop/share/vr_rm75_teleop/config/demo_collision_profile.yaml
/home/moyu/workspace/vr_teleop/vr_rm75_ws/install/vr_rm75_teleop/share/vr_rm75_teleop/config/meta_quest_bridge.yaml
/home/moyu/workspace/vr_teleop/vr_rm75_ws/install/vr_rm75_teleop/share/vr_rm75_teleop/config/collision_geometry.yaml
/home/moyu/workspace/vr_teleop/vr_rm75_ws/install/vr_rm75_teleop/share/vr_rm75_teleop/config/safe_first_motion.yaml
/home/moyu/workspace/vr_teleop/vr_rm75_ws/install/vr_rm75_teleop/share/vr_rm75_teleop/launch/rm75_state.launch.py
/home/moyu/workspace/vr_teleop/vr_rm75_ws/install/vr_rm75_teleop/share/vr_rm75_teleop/launch/commissioning_dry_run.launch.py
/home/moyu/workspace/vr_teleop/vr_rm75_ws/install/vr_rm75_teleop/share/vr_rm75_teleop/docs/COLLISION_GEOMETRY_AUDIT.md
/home/moyu/workspace/vr_teleop/vr_rm75_ws/install/vr_rm75_teleop/share/vr_rm75_teleop/docs/COMMISSIONING_STATUS.md
/home/moyu/workspace/vr_teleop/vr_rm75_ws/install/vr_rm75_teleop/share/vr_rm75_teleop/docs/COMMISSIONING_CHECKLIST.md
/home/moyu/workspace/vr_teleop/vr_rm75_ws/install/vr_rm75_teleop/share/vr_rm75_teleop/docs/rm75_command_interface.md
/home/moyu/workspace/vr_teleop/vr_rm75_ws/install/vr_rm75_teleop/share/vr_rm75_teleop/docs/STOP_POLICY.md
/home/moyu/workspace/vr_teleop/vr_rm75_ws/install/vr_rm75_teleop/lib/python3.10/site-packages/vr_rm75_teleop-0.0.0-py3.10.egg-info/zip-safe
/home/moyu/workspace/vr_teleop/vr_rm75_ws/install/vr_rm75_teleop/lib/python3.10/site-packages/vr_rm75_teleop-0.0.0-py3.10.egg-info/entry_points.txt
/home/moyu/workspace/vr_teleop/vr_rm75_ws/install/vr_rm75_teleop/lib/python3.10/site-packages/vr_rm75_teleop-0.0.0-py3.10.egg-info/PKG-INFO
/home/moyu/workspace/vr_teleop/vr_rm75_ws/install/vr_rm75_teleop/lib/python3.10/site-packages/vr_rm75_teleop-0.0.0-py3.10.egg-info/SOURCES.txt
/home/moyu/workspace/vr_teleop/vr_rm75_ws/install/vr_rm75_teleop/lib/python3.10/site-packages/vr_rm75_teleop-0.0.0-py3.10.egg-info/requires.txt
/home/moyu/workspace/vr_teleop/vr_rm75_ws/install/vr_rm75_teleop/lib/python3.10/site-packages/vr_rm75_teleop-0.0.0-py3.10.egg-info/top_level.txt
/home/moyu/workspace/vr_teleop/vr_rm75_ws/install/vr_rm75_teleop/lib/python3.10/site-packages/vr_rm75_teleop-0.0.0-py3.10.egg-info/dependency_links.txt
/home/moyu/workspace/vr_teleop/vr_rm75_ws/install/vr_rm75_teleop/lib/vr_rm75_teleop/collision_backend
/home/moyu/workspace/vr_teleop/vr_rm75_ws/install/vr_rm75_teleop/lib/vr_rm75_teleop/meta_quest_bridge
/home/moyu/workspace/vr_teleop/vr_rm75_ws/install/vr_rm75_teleop/lib/vr_rm75_teleop/quest_dual_ik_fusion
/home/moyu/workspace/vr_teleop/vr_rm75_ws/install/vr_rm75_teleop/lib/vr_rm75_teleop/rm75_state_node
