running develop
running egg_info
writing vr_rm75_teleop.egg-info/PKG-INFO
writing dependency_links to vr_rm75_teleop.egg-info/dependency_links.txt
writing entry points to vr_rm75_teleop.egg-info/entry_points.txt
writing requirements to vr_rm75_teleop.egg-info/requires.txt
writing top-level names to vr_rm75_teleop.egg-info/top_level.txt
reading manifest file 'vr_rm75_teleop.egg-info/SOURCES.txt'
writing manifest file 'vr_rm75_teleop.egg-info/SOURCES.txt'
running build_ext
Creating /home/moyu/workspace/vr_teleop/vr_rm75_ws/install/vr_rm75_teleop/lib/python3.10/site-packages/vr-rm75-teleop.egg-link (link to .)
Installing meta_quest_bridge script to /home/moyu/workspace/vr_teleop/vr_rm75_ws/install/vr_rm75_teleop/lib/vr_rm75_teleop
Installing quest_dual_ik_fusion script to /home/moyu/workspace/vr_teleop/vr_rm75_ws/install/vr_rm75_teleop/lib/vr_rm75_teleop
Installing rm75_state_node script to /home/moyu/workspace/vr_teleop/vr_rm75_ws/install/vr_rm75_teleop/lib/vr_rm75_teleop

Installed /home/moyu/workspace/vr_teleop/vr_rm75_ws/build/vr_rm75_teleop
running symlink_data
creating /home/moyu/workspace/vr_teleop/vr_rm75_ws/install/vr_rm75_teleop/share/vr_rm75_teleop/config
symbolically linking /home/moyu/workspace/vr_teleop/vr_rm75_ws/build/vr_rm75_teleop/config/quest_dual_ik_fusion.yaml -> /home/moyu/workspace/vr_teleop/vr_rm75_ws/install/vr_rm75_teleop/share/vr_rm75_teleop/config
symbolically linking /home/moyu/workspace/vr_teleop/vr_rm75_ws/build/vr_rm75_teleop/config/rm75_state.yaml -> /home/moyu/workspace/vr_teleop/vr_rm75_ws/install/vr_rm75_teleop/share/vr_rm75_teleop/config
symbolically linking /home/moyu/workspace/vr_teleop/vr_rm75_ws/build/vr_rm75_teleop/config/meta_quest_bridge.yaml -> /home/moyu/workspace/vr_teleop/vr_rm75_ws/install/vr_rm75_teleop/share/vr_rm75_teleop/config
creating /home/moyu/workspace/vr_teleop/vr_rm75_ws/install/vr_rm75_teleop/share/vr_rm75_teleop/launch
symbolically linking /home/moyu/workspace/vr_teleop/vr_rm75_ws/build/vr_rm75_teleop/launch/rm75_state.launch.py -> /home/moyu/workspace/vr_teleop/vr_rm75_ws/install/vr_rm75_teleop/share/vr_rm75_teleop/launch
creating /home/moyu/workspace/vr_teleop/vr_rm75_ws/install/vr_rm75_teleop/share/vr_rm75_teleop/docs
symbolically linking /home/moyu/workspace/vr_teleop/vr_rm75_ws/build/vr_rm75_teleop/docs/rm75_command_interface.md -> /home/moyu/workspace/vr_teleop/vr_rm75_ws/install/vr_rm75_teleop/share/vr_rm75_teleop/docs
