[60.229s] Invoking command in '/home/moyu/workspace/vr_teleop/vr_rm75_ws/build/vr_rm75_teleop': PYTHONPATH=/home/moyu/workspace/vr_teleop/vr_rm75_ws/build/vr_rm75_teleop/prefix_override:/usr/lib/python3/dist-packages/colcon_core/task/python/colcon_distutils_commands:/home/moyu/workspace/vr_teleop/vr_rm75_ws/install/vr_rm75_teleop/lib/python3.10/site-packages:${PYTHONPATH} /usr/bin/python3 -W ignore:setup.py install is deprecated -W ignore:easy_install command is deprecated setup.py develop --editable --build-directory /home/moyu/workspace/vr_teleop/vr_rm75_ws/build/vr_rm75_teleop/build --no-deps symlink_data
[60.375s] running develop
[60.456s] running egg_info
[60.457s] writing vr_rm75_teleop.egg-info/PKG-INFO
[60.457s] writing dependency_links to vr_rm75_teleop.egg-info/dependency_links.txt
[60.457s] writing entry points to vr_rm75_teleop.egg-info/entry_points.txt
[60.457s] writing requirements to vr_rm75_teleop.egg-info/requires.txt
[60.457s] writing top-level names to vr_rm75_teleop.egg-info/top_level.txt
[60.458s] reading manifest file 'vr_rm75_teleop.egg-info/SOURCES.txt'
[60.459s] writing manifest file 'vr_rm75_teleop.egg-info/SOURCES.txt'
[60.460s] running build_ext
[60.460s] Creating /home/moyu/workspace/vr_teleop/vr_rm75_ws/install/vr_rm75_teleop/lib/python3.10/site-packages/vr-rm75-teleop.egg-link (link to .)
[60.461s] Installing meta_quest_bridge script to /home/moyu/workspace/vr_teleop/vr_rm75_ws/install/vr_rm75_teleop/lib/vr_rm75_teleop
[60.461s] Installing quest_dual_ik_fusion script to /home/moyu/workspace/vr_teleop/vr_rm75_ws/install/vr_rm75_teleop/lib/vr_rm75_teleop
[60.461s] Installing rm75_state_node script to /home/moyu/workspace/vr_teleop/vr_rm75_ws/install/vr_rm75_teleop/lib/vr_rm75_teleop
[60.461s] 
[60.461s] Installed /home/moyu/workspace/vr_teleop/vr_rm75_ws/build/vr_rm75_teleop
[60.461s] running symlink_data
[60.461s] creating /home/moyu/workspace/vr_teleop/vr_rm75_ws/install/vr_rm75_teleop/share/vr_rm75_teleop/config
[60.461s] symbolically linking /home/moyu/workspace/vr_teleop/vr_rm75_ws/build/vr_rm75_teleop/config/quest_dual_ik_fusion.yaml -> /home/moyu/workspace/vr_teleop/vr_rm75_ws/install/vr_rm75_teleop/share/vr_rm75_teleop/config
[60.461s] symbolically linking /home/moyu/workspace/vr_teleop/vr_rm75_ws/build/vr_rm75_teleop/config/rm75_state.yaml -> /home/moyu/workspace/vr_teleop/vr_rm75_ws/install/vr_rm75_teleop/share/vr_rm75_teleop/config
[60.461s] symbolically linking /home/moyu/workspace/vr_teleop/vr_rm75_ws/build/vr_rm75_teleop/config/meta_quest_bridge.yaml -> /home/moyu/workspace/vr_teleop/vr_rm75_ws/install/vr_rm75_teleop/share/vr_rm75_teleop/config
[60.461s] creating /home/moyu/workspace/vr_teleop/vr_rm75_ws/install/vr_rm75_teleop/share/vr_rm75_teleop/launch
[60.461s] symbolically linking /home/moyu/workspace/vr_teleop/vr_rm75_ws/build/vr_rm75_teleop/launch/rm75_state.launch.py -> /home/moyu/workspace/vr_teleop/vr_rm75_ws/install/vr_rm75_teleop/share/vr_rm75_teleop/launch
[60.461s] creating /home/moyu/workspace/vr_teleop/vr_rm75_ws/install/vr_rm75_teleop/share/vr_rm75_teleop/docs
[60.461s] symbolically linking /home/moyu/workspace/vr_teleop/vr_rm75_ws/build/vr_rm75_teleop/docs/rm75_command_interface.md -> /home/moyu/workspace/vr_teleop/vr_rm75_ws/install/vr_rm75_teleop/share/vr_rm75_teleop/docs
[60.477s] Invoked command in '/home/moyu/workspace/vr_teleop/vr_rm75_ws/build/vr_rm75_teleop' returned '0': PYTHONPATH=/home/moyu/workspace/vr_teleop/vr_rm75_ws/build/vr_rm75_teleop/prefix_override:/usr/lib/python3/dist-packages/colcon_core/task/python/colcon_distutils_commands:/home/moyu/workspace/vr_teleop/vr_rm75_ws/install/vr_rm75_teleop/lib/python3.10/site-packages:${PYTHONPATH} /usr/bin/python3 -W ignore:setup.py install is deprecated -W ignore:easy_install command is deprecated setup.py develop --editable --build-directory /home/moyu/workspace/vr_teleop/vr_rm75_ws/build/vr_rm75_teleop/build --no-deps symlink_data
