[0.062s] DEBUG:colcon:Command line arguments: ['/usr/bin/colcon', '--log-base', 'log_commissioning', 'build', '--build-base', 'build_commissioning', '--install-base', 'install_commissioning', '--symlink-install']
[0.062s] DEBUG:colcon:Parsed command line arguments: Namespace(log_base='log_commissioning', log_level=None, verb_name='build', build_base='/home/moyu/workspace/vr_teleop/vr_rm75_ws/build_commissioning', install_base='/home/moyu/workspace/vr_teleop/vr_rm75_ws/install_commissioning', merge_install=False, symlink_install=True, test_result_base=None, continue_on_error=False, executor='parallel', parallel_workers=32, event_handlers=None, ignore_user_meta=False, metas=['./colcon.meta'], base_paths=['.'], packages_ignore=None, packages_ignore_regex=None, paths=None, packages_up_to=None, packages_up_to_regex=None, packages_above=None, packages_above_and_dependencies=None, packages_above_depth=None, packages_select_by_dep=None, packages_skip_by_dep=None, packages_skip_up_to=None, packages_select_build_failed=False, packages_skip_build_finished=False, packages_select_test_failures=False, packages_skip_test_passed=False, packages_select=None, packages_skip=None, packages_select_regex=None, packages_skip_regex=None, packages_start=None, packages_end=None, allow_overriding=[], cmake_args=None, cmake_target=None, cmake_target_skip_unavailable=False, cmake_clean_cache=False, cmake_clean_first=False, cmake_force_configure=False, ament_cmake_args=None, catkin_cmake_args=None, catkin_skip_building_tests=False, verb_parser=<colcon_defaults.argument_parser.defaults.DefaultArgumentsDecorator object at 0x734c722e7c70>, verb_extension=<colcon_core.verb.build.BuildVerb object at 0x734c724d8a30>, main=<bound method BuildVerb.main of <colcon_core.verb.build.BuildVerb object at 0x734c724d8a30>>)
[0.160s] Level 1:colcon.colcon_core.package_discovery:discover_packages(colcon_meta) check parameters
[0.161s] Level 1:colcon.colcon_core.package_discovery:discover_packages(recursive) check parameters
[0.161s] Level 1:colcon.colcon_core.package_discovery:discover_packages(ignore) check parameters
[0.161s] Level 1:colcon.colcon_core.package_discovery:discover_packages(path) check parameters
[0.161s] Level 1:colcon.colcon_core.package_discovery:discover_packages(colcon_meta) discover
[0.161s] Level 1:colcon.colcon_core.package_discovery:discover_packages(recursive) discover
[0.161s] INFO:colcon.colcon_core.package_discovery:Crawling recursively for packages in '/home/moyu/workspace/vr_teleop/vr_rm75_ws'
[0.161s] Level 1:colcon.colcon_core.package_identification:_identify(.) by extensions ['ignore', 'ignore_ament_install']
[0.161s] Level 1:colcon.colcon_core.package_identification:_identify(.) by extension 'ignore'
[0.161s] Level 1:colcon.colcon_core.package_identification:_identify(.) by extension 'ignore_ament_install'
[0.161s] Level 1:colcon.colcon_core.package_identification:_identify(.) by extensions ['colcon_pkg']
[0.161s] Level 1:colcon.colcon_core.package_identification:_identify(.) by extension 'colcon_pkg'
[0.161s] Level 1:colcon.colcon_core.package_identification:_identify(.) by extensions ['colcon_meta']
[0.161s] Level 1:colcon.colcon_core.package_identification:_identify(.) by extension 'colcon_meta'
[0.161s] Level 1:colcon.colcon_core.package_identification:_identify(.) by extensions ['ros']
[0.161s] Level 1:colcon.colcon_core.package_identification:_identify(.) by extension 'ros'
[0.168s] Level 1:colcon.colcon_core.package_identification:_identify(.) by extensions ['cmake', 'python']
[0.168s] Level 1:colcon.colcon_core.package_identification:_identify(.) by extension 'cmake'
[0.168s] Level 1:colcon.colcon_core.package_identification:_identify(.) by extension 'python'
[0.168s] Level 1:colcon.colcon_core.package_identification:_identify(.) by extensions ['python_setup_py']
[0.168s] Level 1:colcon.colcon_core.package_identification:_identify(.) by extension 'python_setup_py'
[0.168s] Level 1:colcon.colcon_core.package_identification:_identify(build) by extensions ['ignore', 'ignore_ament_install']
[0.168s] Level 1:colcon.colcon_core.package_identification:_identify(build) by extension 'ignore'
[0.168s] Level 1:colcon.colcon_core.package_identification:_identify(build) ignored
[0.169s] Level 1:colcon.colcon_core.package_identification:_identify(build_commissioning) by extensions ['ignore', 'ignore_ament_install']
[0.169s] Level 1:colcon.colcon_core.package_identification:_identify(build_commissioning) by extension 'ignore'
[0.169s] Level 1:colcon.colcon_core.package_identification:_identify(build_commissioning) ignored
[0.169s] Level 1:colcon.colcon_core.package_identification:_identify(install) by extensions ['ignore', 'ignore_ament_install']
[0.169s] Level 1:colcon.colcon_core.package_identification:_identify(install) by extension 'ignore'
[0.169s] Level 1:colcon.colcon_core.package_identification:_identify(install) ignored
[0.169s] Level 1:colcon.colcon_core.package_identification:_identify(install_commissioning) by extensions ['ignore', 'ignore_ament_install']
[0.169s] Level 1:colcon.colcon_core.package_identification:_identify(install_commissioning) by extension 'ignore'
[0.169s] Level 1:colcon.colcon_core.package_identification:_identify(install_commissioning) ignored
[0.169s] Level 1:colcon.colcon_core.package_identification:_identify(log) by extensions ['ignore', 'ignore_ament_install']
[0.169s] Level 1:colcon.colcon_core.package_identification:_identify(log) by extension 'ignore'
[0.169s] Level 1:colcon.colcon_core.package_identification:_identify(log) ignored
[0.169s] Level 1:colcon.colcon_core.package_identification:_identify(log_commissioning) by extensions ['ignore', 'ignore_ament_install']
[0.169s] Level 1:colcon.colcon_core.package_identification:_identify(log_commissioning) by extension 'ignore'
[0.169s] Level 1:colcon.colcon_core.package_identification:_identify(log_commissioning) ignored
[0.169s] Level 1:colcon.colcon_core.package_identification:_identify(src) by extensions ['ignore', 'ignore_ament_install']
[0.169s] Level 1:colcon.colcon_core.package_identification:_identify(src) by extension 'ignore'
[0.169s] Level 1:colcon.colcon_core.package_identification:_identify(src) by extension 'ignore_ament_install'
[0.169s] Level 1:colcon.colcon_core.package_identification:_identify(src) by extensions ['colcon_pkg']
[0.169s] Level 1:colcon.colcon_core.package_identification:_identify(src) by extension 'colcon_pkg'
[0.169s] Level 1:colcon.colcon_core.package_identification:_identify(src) by extensions ['colcon_meta']
[0.169s] Level 1:colcon.colcon_core.package_identification:_identify(src) by extension 'colcon_meta'
[0.169s] Level 1:colcon.colcon_core.package_identification:_identify(src) by extensions ['ros']
[0.169s] Level 1:colcon.colcon_core.package_identification:_identify(src) by extension 'ros'
[0.169s] Level 1:colcon.colcon_core.package_identification:_identify(src) by extensions ['cmake', 'python']
[0.169s] Level 1:colcon.colcon_core.package_identification:_identify(src) by extension 'cmake'
[0.169s] Level 1:colcon.colcon_core.package_identification:_identify(src) by extension 'python'
[0.169s] Level 1:colcon.colcon_core.package_identification:_identify(src) by extensions ['python_setup_py']
[0.169s] Level 1:colcon.colcon_core.package_identification:_identify(src) by extension 'python_setup_py'
[0.169s] Level 1:colcon.colcon_core.package_identification:_identify(src/lsrx_rm75_dual_description) by extensions ['ignore', 'ignore_ament_install']
[0.170s] Level 1:colcon.colcon_core.package_identification:_identify(src/lsrx_rm75_dual_description) by extension 'ignore'
[0.170s] Level 1:colcon.colcon_core.package_identification:_identify(src/lsrx_rm75_dual_description) by extension 'ignore_ament_install'
[0.170s] Level 1:colcon.colcon_core.package_identification:_identify(src/lsrx_rm75_dual_description) by extensions ['colcon_pkg']
[0.170s] Level 1:colcon.colcon_core.package_identification:_identify(src/lsrx_rm75_dual_description) by extension 'colcon_pkg'
[0.170s] Level 1:colcon.colcon_core.package_identification:_identify(src/lsrx_rm75_dual_description) by extensions ['colcon_meta']
[0.170s] Level 1:colcon.colcon_core.package_identification:_identify(src/lsrx_rm75_dual_description) by extension 'colcon_meta'
[0.170s] Level 1:colcon.colcon_core.package_identification:_identify(src/lsrx_rm75_dual_description) by extensions ['ros']
[0.170s] Level 1:colcon.colcon_core.package_identification:_identify(src/lsrx_rm75_dual_description) by extension 'ros'
[0.171s] DEBUG:colcon.colcon_core.package_identification:Package 'src/lsrx_rm75_dual_description' with type 'ros.ament_cmake' and name 'lsrx_rm75_dual_description'
[0.171s] Level 1:colcon.colcon_core.package_identification:_identify(src/vr_rm75_teleop) by extensions ['ignore', 'ignore_ament_install']
[0.171s] Level 1:colcon.colcon_core.package_identification:_identify(src/vr_rm75_teleop) by extension 'ignore'
[0.172s] Level 1:colcon.colcon_core.package_identification:_identify(src/vr_rm75_teleop) by extension 'ignore_ament_install'
[0.172s] Level 1:colcon.colcon_core.package_identification:_identify(src/vr_rm75_teleop) by extensions ['colcon_pkg']
[0.172s] Level 1:colcon.colcon_core.package_identification:_identify(src/vr_rm75_teleop) by extension 'colcon_pkg'
[0.172s] Level 1:colcon.colcon_core.package_identification:_identify(src/vr_rm75_teleop) by extensions ['colcon_meta']
[0.172s] Level 1:colcon.colcon_core.package_identification:_identify(src/vr_rm75_teleop) by extension 'colcon_meta'
[0.172s] Level 1:colcon.colcon_core.package_identification:_identify(src/vr_rm75_teleop) by extensions ['ros']
[0.172s] Level 1:colcon.colcon_core.package_identification:_identify(src/vr_rm75_teleop) by extension 'ros'
[0.172s] DEBUG:colcon.colcon_core.package_identification:Package 'src/vr_rm75_teleop' with type 'ros.ament_python' and name 'vr_rm75_teleop'
[0.172s] Level 1:colcon.colcon_core.package_discovery:discover_packages(recursive) using defaults
[0.172s] Level 1:colcon.colcon_core.package_discovery:discover_packages(ignore) discover
[0.172s] Level 1:colcon.colcon_core.package_discovery:discover_packages(ignore) using defaults
[0.172s] Level 1:colcon.colcon_core.package_discovery:discover_packages(path) discover
[0.172s] Level 1:colcon.colcon_core.package_discovery:discover_packages(path) using defaults
[0.186s] Level 1:colcon.colcon_core.package_discovery:discover_packages(prefix_path) check parameters
[0.186s] Level 1:colcon.colcon_core.package_discovery:discover_packages(prefix_path) discover
[0.187s] DEBUG:colcon.colcon_installed_package_information.package_discovery:Found 323 installed packages in /opt/ros/humble
[0.193s] Level 1:colcon.colcon_core.package_discovery:discover_packages(prefix_path) using defaults
[0.217s] Level 5:colcon.colcon_core.verb:set package 'lsrx_rm75_dual_description' build argument 'cmake_args' from command line to 'None'
[0.217s] Level 5:colcon.colcon_core.verb:set package 'lsrx_rm75_dual_description' build argument 'cmake_target' from command line to 'None'
[0.217s] Level 5:colcon.colcon_core.verb:set package 'lsrx_rm75_dual_description' build argument 'cmake_target_skip_unavailable' from command line to 'False'
[0.218s] Level 5:colcon.colcon_core.verb:set package 'lsrx_rm75_dual_description' build argument 'cmake_clean_cache' from command line to 'False'
[0.218s] Level 5:colcon.colcon_core.verb:set package 'lsrx_rm75_dual_description' build argument 'cmake_clean_first' from command line to 'False'
[0.218s] Level 5:colcon.colcon_core.verb:set package 'lsrx_rm75_dual_description' build argument 'cmake_force_configure' from command line to 'False'
[0.218s] Level 5:colcon.colcon_core.verb:set package 'lsrx_rm75_dual_description' build argument 'ament_cmake_args' from command line to 'None'
[0.218s] Level 5:colcon.colcon_core.verb:set package 'lsrx_rm75_dual_description' build argument 'catkin_cmake_args' from command line to 'None'
[0.218s] Level 5:colcon.colcon_core.verb:set package 'lsrx_rm75_dual_description' build argument 'catkin_skip_building_tests' from command line to 'False'
[0.218s] DEBUG:colcon.colcon_core.verb:Building package 'lsrx_rm75_dual_description' with the following arguments: {'ament_cmake_args': None, 'build_base': '/home/moyu/workspace/vr_teleop/vr_rm75_ws/build_commissioning/lsrx_rm75_dual_description', 'catkin_cmake_args': None, 'catkin_skip_building_tests': False, 'cmake_args': None, 'cmake_clean_cache': False, 'cmake_clean_first': False, 'cmake_force_configure': False, 'cmake_target': None, 'cmake_target_skip_unavailable': False, 'install_base': '/home/moyu/workspace/vr_teleop/vr_rm75_ws/install_commissioning/lsrx_rm75_dual_description', 'merge_install': False, 'path': '/home/moyu/workspace/vr_teleop/vr_rm75_ws/src/lsrx_rm75_dual_description', 'symlink_install': True, 'test_result_base': None}
[0.218s] Level 5:colcon.colcon_core.verb:set package 'vr_rm75_teleop' build argument 'cmake_args' from command line to 'None'
[0.218s] Level 5:colcon.colcon_core.verb:set package 'vr_rm75_teleop' build argument 'cmake_target' from command line to 'None'
[0.218s] Level 5:colcon.colcon_core.verb:set package 'vr_rm75_teleop' build argument 'cmake_target_skip_unavailable' from command line to 'False'
[0.218s] Level 5:colcon.colcon_core.verb:set package 'vr_rm75_teleop' build argument 'cmake_clean_cache' from command line to 'False'
[0.218s] Level 5:colcon.colcon_core.verb:set package 'vr_rm75_teleop' build argument 'cmake_clean_first' from command line to 'False'
[0.218s] Level 5:colcon.colcon_core.verb:set package 'vr_rm75_teleop' build argument 'cmake_force_configure' from command line to 'False'
[0.218s] Level 5:colcon.colcon_core.verb:set package 'vr_rm75_teleop' build argument 'ament_cmake_args' from command line to 'None'
[0.218s] Level 5:colcon.colcon_core.verb:set package 'vr_rm75_teleop' build argument 'catkin_cmake_args' from command line to 'None'
[0.218s] Level 5:colcon.colcon_core.verb:set package 'vr_rm75_teleop' build argument 'catkin_skip_building_tests' from command line to 'False'
[0.218s] DEBUG:colcon.colcon_core.verb:Building package 'vr_rm75_teleop' with the following arguments: {'ament_cmake_args': None, 'build_base': '/home/moyu/workspace/vr_teleop/vr_rm75_ws/build_commissioning/vr_rm75_teleop', 'catkin_cmake_args': None, 'catkin_skip_building_tests': False, 'cmake_args': None, 'cmake_clean_cache': False, 'cmake_clean_first': False, 'cmake_force_configure': False, 'cmake_target': None, 'cmake_target_skip_unavailable': False, 'install_base': '/home/moyu/workspace/vr_teleop/vr_rm75_ws/install_commissioning/vr_rm75_teleop', 'merge_install': False, 'path': '/home/moyu/workspace/vr_teleop/vr_rm75_ws/src/vr_rm75_teleop', 'symlink_install': True, 'test_result_base': None}
[0.218s] INFO:colcon.colcon_core.executor:Executing jobs using 'parallel' executor
[0.219s] DEBUG:colcon.colcon_parallel_executor.executor.parallel:run_until_complete
[0.219s] INFO:colcon.colcon_ros.task.ament_cmake.build:Building ROS package in '/home/moyu/workspace/vr_teleop/vr_rm75_ws/src/lsrx_rm75_dual_description' with build type 'ament_cmake'
[0.219s] INFO:colcon.colcon_cmake.task.cmake.build:Building CMake package in '/home/moyu/workspace/vr_teleop/vr_rm75_ws/src/lsrx_rm75_dual_description'
[0.220s] INFO:colcon.colcon_core.plugin_system:Skipping extension 'colcon_core.shell.bat': Not used on non-Windows systems
[0.220s] INFO:colcon.colcon_core.shell:Skip shell extension 'powershell' for command environment: Not usable outside of PowerShell
[0.220s] DEBUG:colcon.colcon_core.shell:Skip shell extension 'dsv' for command environment
[0.222s] INFO:colcon.colcon_ros.task.ament_python.build:Building ROS package in '/home/moyu/workspace/vr_teleop/vr_rm75_ws/src/vr_rm75_teleop' with build type 'ament_python'
[0.222s] Level 1:colcon.colcon_core.shell:create_environment_hook('vr_rm75_teleop', 'ament_prefix_path')
[0.223s] INFO:colcon.colcon_core.shell:Creating environment hook '/home/moyu/workspace/vr_teleop/vr_rm75_ws/install_commissioning/vr_rm75_teleop/share/vr_rm75_teleop/hook/ament_prefix_path.ps1'
[0.223s] INFO:colcon.colcon_core.shell:Creating environment descriptor '/home/moyu/workspace/vr_teleop/vr_rm75_ws/install_commissioning/vr_rm75_teleop/share/vr_rm75_teleop/hook/ament_prefix_path.dsv'
[0.223s] INFO:colcon.colcon_core.shell:Creating environment hook '/home/moyu/workspace/vr_teleop/vr_rm75_ws/install_commissioning/vr_rm75_teleop/share/vr_rm75_teleop/hook/ament_prefix_path.sh'
[0.224s] INFO:colcon.colcon_core.shell:Skip shell extension 'powershell' for command environment: Not usable outside of PowerShell
[0.224s] DEBUG:colcon.colcon_core.shell:Skip shell extension 'dsv' for command environment
[0.231s] DEBUG:colcon.colcon_core.event_handler.log_command:Invoking command in '/home/moyu/workspace/vr_teleop/vr_rm75_ws/build_commissioning/lsrx_rm75_dual_description': CMAKE_PREFIX_PATH=/opt/ros/humble /usr/bin/cmake /home/moyu/workspace/vr_teleop/vr_rm75_ws/src/lsrx_rm75_dual_description -DAMENT_CMAKE_SYMLINK_INSTALL=1 -DCMAKE_INSTALL_PREFIX=/home/moyu/workspace/vr_teleop/vr_rm75_ws/install_commissioning/lsrx_rm75_dual_description
[0.376s] INFO:colcon.colcon_core.task.python.build:Building Python package in '/home/moyu/workspace/vr_teleop/vr_rm75_ws/src/vr_rm75_teleop'
[0.376s] INFO:colcon.colcon_core.shell:Skip shell extension 'powershell' for command environment: Not usable outside of PowerShell
[0.376s] DEBUG:colcon.colcon_core.shell:Skip shell extension 'dsv' for command environment
[0.573s] DEBUG:colcon.colcon_core.event_handler.log_command:Invoking command in '/home/moyu/workspace/vr_teleop/vr_rm75_ws/build_commissioning/vr_rm75_teleop': PYTHONPATH=/home/moyu/workspace/vr_teleop/vr_rm75_ws/build_commissioning/vr_rm75_teleop/prefix_override:/usr/lib/python3/dist-packages/colcon_core/task/python/colcon_distutils_commands:/home/moyu/workspace/vr_teleop/vr_rm75_ws/install_commissioning/vr_rm75_teleop/lib/python3.10/site-packages:${PYTHONPATH} /usr/bin/python3 -W ignore:setup.py install is deprecated -W ignore:easy_install command is deprecated setup.py develop --editable --build-directory /home/moyu/workspace/vr_teleop/vr_rm75_ws/build_commissioning/vr_rm75_teleop/build --no-deps symlink_data
[0.763s] DEBUG:colcon.colcon_core.event_handler.log_command:Invoked command in '/home/moyu/workspace/vr_teleop/vr_rm75_ws/build_commissioning/lsrx_rm75_dual_description' returned '0': CMAKE_PREFIX_PATH=/opt/ros/humble /usr/bin/cmake /home/moyu/workspace/vr_teleop/vr_rm75_ws/src/lsrx_rm75_dual_description -DAMENT_CMAKE_SYMLINK_INSTALL=1 -DCMAKE_INSTALL_PREFIX=/home/moyu/workspace/vr_teleop/vr_rm75_ws/install_commissioning/lsrx_rm75_dual_description
[0.764s] DEBUG:colcon.colcon_core.event_handler.log_command:Invoking command in '/home/moyu/workspace/vr_teleop/vr_rm75_ws/build_commissioning/lsrx_rm75_dual_description': CMAKE_PREFIX_PATH=/opt/ros/humble /usr/bin/cmake --build /home/moyu/workspace/vr_teleop/vr_rm75_ws/build_commissioning/lsrx_rm75_dual_description -- -j32 -l32
[0.798s] DEBUG:colcon.colcon_core.event_handler.log_command:Invoked command in '/home/moyu/workspace/vr_teleop/vr_rm75_ws/build_commissioning/lsrx_rm75_dual_description' returned '0': CMAKE_PREFIX_PATH=/opt/ros/humble /usr/bin/cmake --build /home/moyu/workspace/vr_teleop/vr_rm75_ws/build_commissioning/lsrx_rm75_dual_description -- -j32 -l32
[0.804s] DEBUG:colcon.colcon_core.event_handler.log_command:Invoking command in '/home/moyu/workspace/vr_teleop/vr_rm75_ws/build_commissioning/lsrx_rm75_dual_description': CMAKE_PREFIX_PATH=/opt/ros/humble /usr/bin/cmake --install /home/moyu/workspace/vr_teleop/vr_rm75_ws/build_commissioning/lsrx_rm75_dual_description
[0.828s] Level 1:colcon.colcon_core.shell:create_environment_hook('vr_rm75_teleop', 'pythonpath_develop')
[0.828s] INFO:colcon.colcon_core.shell:Creating environment hook '/home/moyu/workspace/vr_teleop/vr_rm75_ws/build_commissioning/vr_rm75_teleop/share/vr_rm75_teleop/hook/pythonpath_develop.ps1'
[0.829s] DEBUG:colcon.colcon_core.event_handler.log_command:Invoked command in '/home/moyu/workspace/vr_teleop/vr_rm75_ws/build_commissioning/vr_rm75_teleop' returned '0': PYTHONPATH=/home/moyu/workspace/vr_teleop/vr_rm75_ws/build_commissioning/vr_rm75_teleop/prefix_override:/usr/lib/python3/dist-packages/colcon_core/task/python/colcon_distutils_commands:/home/moyu/workspace/vr_teleop/vr_rm75_ws/install_commissioning/vr_rm75_teleop/lib/python3.10/site-packages:${PYTHONPATH} /usr/bin/python3 -W ignore:setup.py install is deprecated -W ignore:easy_install command is deprecated setup.py develop --editable --build-directory /home/moyu/workspace/vr_teleop/vr_rm75_ws/build_commissioning/vr_rm75_teleop/build --no-deps symlink_data
[0.829s] INFO:colcon.colcon_core.shell:Creating environment descriptor '/home/moyu/workspace/vr_teleop/vr_rm75_ws/build_commissioning/vr_rm75_teleop/share/vr_rm75_teleop/hook/pythonpath_develop.dsv'
[0.829s] INFO:colcon.colcon_core.shell:Creating environment hook '/home/moyu/workspace/vr_teleop/vr_rm75_ws/build_commissioning/vr_rm75_teleop/share/vr_rm75_teleop/hook/pythonpath_develop.sh'
[0.831s] Level 1:colcon.colcon_core.environment:checking '/home/moyu/workspace/vr_teleop/vr_rm75_ws/install_commissioning/vr_rm75_teleop' for CMake module files
[0.831s] Level 1:colcon.colcon_core.environment:checking '/home/moyu/workspace/vr_teleop/vr_rm75_ws/install_commissioning/vr_rm75_teleop' for CMake config files
[0.832s] Level 1:colcon.colcon_core.environment:checking '/home/moyu/workspace/vr_teleop/vr_rm75_ws/install_commissioning/vr_rm75_teleop/lib'
[0.832s] Level 1:colcon.colcon_core.environment:checking '/home/moyu/workspace/vr_teleop/vr_rm75_ws/install_commissioning/vr_rm75_teleop/bin'
[0.832s] Level 1:colcon.colcon_core.environment:checking '/home/moyu/workspace/vr_teleop/vr_rm75_ws/install_commissioning/vr_rm75_teleop/lib/pkgconfig/vr_rm75_teleop.pc'
[0.832s] Level 1:colcon.colcon_core.environment:checking '/home/moyu/workspace/vr_teleop/vr_rm75_ws/install_commissioning/vr_rm75_teleop/lib/python3.10/site-packages'
[0.832s] Level 1:colcon.colcon_core.shell:create_environment_hook('vr_rm75_teleop', 'pythonpath')
[0.832s] INFO:colcon.colcon_core.shell:Creating environment hook '/home/moyu/workspace/vr_teleop/vr_rm75_ws/install_commissioning/vr_rm75_teleop/share/vr_rm75_teleop/hook/pythonpath.ps1'
[0.832s] INFO:colcon.colcon_core.shell:Creating environment descriptor '/home/moyu/workspace/vr_teleop/vr_rm75_ws/install_commissioning/vr_rm75_teleop/share/vr_rm75_teleop/hook/pythonpath.dsv'
[0.832s] INFO:colcon.colcon_core.shell:Creating environment hook '/home/moyu/workspace/vr_teleop/vr_rm75_ws/install_commissioning/vr_rm75_teleop/share/vr_rm75_teleop/hook/pythonpath.sh'
[0.833s] Level 1:colcon.colcon_core.environment:checking '/home/moyu/workspace/vr_teleop/vr_rm75_ws/install_commissioning/vr_rm75_teleop/bin'
[0.833s] Level 1:colcon.colcon_core.environment:create_environment_scripts_only(vr_rm75_teleop)
[0.833s] INFO:colcon.colcon_core.shell:Creating package script '/home/moyu/workspace/vr_teleop/vr_rm75_ws/install_commissioning/vr_rm75_teleop/share/vr_rm75_teleop/package.ps1'
[0.834s] INFO:colcon.colcon_core.shell:Creating package descriptor '/home/moyu/workspace/vr_teleop/vr_rm75_ws/install_commissioning/vr_rm75_teleop/share/vr_rm75_teleop/package.dsv'
[0.834s] INFO:colcon.colcon_core.shell:Creating package script '/home/moyu/workspace/vr_teleop/vr_rm75_ws/install_commissioning/vr_rm75_teleop/share/vr_rm75_teleop/package.sh'
[0.834s] INFO:colcon.colcon_core.shell:Creating package script '/home/moyu/workspace/vr_teleop/vr_rm75_ws/install_commissioning/vr_rm75_teleop/share/vr_rm75_teleop/package.bash'
[0.835s] INFO:colcon.colcon_core.shell:Creating package script '/home/moyu/workspace/vr_teleop/vr_rm75_ws/install_commissioning/vr_rm75_teleop/share/vr_rm75_teleop/package.zsh'
[0.835s] Level 1:colcon.colcon_core.environment:create_file_with_runtime_dependencies(/home/moyu/workspace/vr_teleop/vr_rm75_ws/install_commissioning/vr_rm75_teleop/share/colcon-core/packages/vr_rm75_teleop)
[1.270s] Level 1:colcon.colcon_core.environment:create_environment_scripts_only(lsrx_rm75_dual_description)
[1.271s] Level 1:colcon.colcon_core.environment:checking '/home/moyu/workspace/vr_teleop/vr_rm75_ws/install_commissioning/lsrx_rm75_dual_description' for CMake module files
[1.271s] DEBUG:colcon.colcon_core.event_handler.log_command:Invoked command in '/home/moyu/workspace/vr_teleop/vr_rm75_ws/build_commissioning/lsrx_rm75_dual_description' returned '0': CMAKE_PREFIX_PATH=/opt/ros/humble /usr/bin/cmake --install /home/moyu/workspace/vr_teleop/vr_rm75_ws/build_commissioning/lsrx_rm75_dual_description
[1.272s] Level 1:colcon.colcon_core.environment:checking '/home/moyu/workspace/vr_teleop/vr_rm75_ws/install_commissioning/lsrx_rm75_dual_description' for CMake config files
[1.272s] Level 1:colcon.colcon_core.shell:create_environment_hook('lsrx_rm75_dual_description', 'cmake_prefix_path')
[1.272s] INFO:colcon.colcon_core.shell:Creating environment hook '/home/moyu/workspace/vr_teleop/vr_rm75_ws/install_commissioning/lsrx_rm75_dual_description/share/lsrx_rm75_dual_description/hook/cmake_prefix_path.ps1'
[1.273s] INFO:colcon.colcon_core.shell:Creating environment descriptor '/home/moyu/workspace/vr_teleop/vr_rm75_ws/install_commissioning/lsrx_rm75_dual_description/share/lsrx_rm75_dual_description/hook/cmake_prefix_path.dsv'
[1.273s] INFO:colcon.colcon_core.shell:Creating environment hook '/home/moyu/workspace/vr_teleop/vr_rm75_ws/install_commissioning/lsrx_rm75_dual_description/share/lsrx_rm75_dual_description/hook/cmake_prefix_path.sh'
[1.273s] Level 1:colcon.colcon_core.environment:checking '/home/moyu/workspace/vr_teleop/vr_rm75_ws/install_commissioning/lsrx_rm75_dual_description/bin'
[1.273s] Level 1:colcon.colcon_core.environment:checking '/home/moyu/workspace/vr_teleop/vr_rm75_ws/install_commissioning/lsrx_rm75_dual_description/lib/pkgconfig/lsrx_rm75_dual_description.pc'
[1.273s] Level 1:colcon.colcon_core.environment:checking '/home/moyu/workspace/vr_teleop/vr_rm75_ws/install_commissioning/lsrx_rm75_dual_description/lib/python3.10/site-packages'
[1.274s] Level 1:colcon.colcon_core.environment:checking '/home/moyu/workspace/vr_teleop/vr_rm75_ws/install_commissioning/lsrx_rm75_dual_description/bin'
[1.274s] INFO:colcon.colcon_core.shell:Creating package script '/home/moyu/workspace/vr_teleop/vr_rm75_ws/install_commissioning/lsrx_rm75_dual_description/share/lsrx_rm75_dual_description/package.ps1'
[1.274s] INFO:colcon.colcon_core.shell:Creating package descriptor '/home/moyu/workspace/vr_teleop/vr_rm75_ws/install_commissioning/lsrx_rm75_dual_description/share/lsrx_rm75_dual_description/package.dsv'
[1.275s] INFO:colcon.colcon_core.shell:Creating package script '/home/moyu/workspace/vr_teleop/vr_rm75_ws/install_commissioning/lsrx_rm75_dual_description/share/lsrx_rm75_dual_description/package.sh'
[1.275s] INFO:colcon.colcon_core.shell:Creating package script '/home/moyu/workspace/vr_teleop/vr_rm75_ws/install_commissioning/lsrx_rm75_dual_description/share/lsrx_rm75_dual_description/package.bash'
[1.275s] INFO:colcon.colcon_core.shell:Creating package script '/home/moyu/workspace/vr_teleop/vr_rm75_ws/install_commissioning/lsrx_rm75_dual_description/share/lsrx_rm75_dual_description/package.zsh'
[1.275s] Level 1:colcon.colcon_core.environment:create_file_with_runtime_dependencies(/home/moyu/workspace/vr_teleop/vr_rm75_ws/install_commissioning/lsrx_rm75_dual_description/share/colcon-core/packages/lsrx_rm75_dual_description)
[1.276s] Level 1:colcon.colcon_core.environment:create_environment_scripts_only(lsrx_rm75_dual_description)
[1.276s] Level 1:colcon.colcon_core.environment:checking '/home/moyu/workspace/vr_teleop/vr_rm75_ws/install_commissioning/lsrx_rm75_dual_description' for CMake module files
[1.276s] Level 1:colcon.colcon_core.environment:checking '/home/moyu/workspace/vr_teleop/vr_rm75_ws/install_commissioning/lsrx_rm75_dual_description' for CMake config files
[1.276s] Level 1:colcon.colcon_core.shell:create_environment_hook('lsrx_rm75_dual_description', 'cmake_prefix_path')
[1.276s] INFO:colcon.colcon_core.shell:Creating environment hook '/home/moyu/workspace/vr_teleop/vr_rm75_ws/install_commissioning/lsrx_rm75_dual_description/share/lsrx_rm75_dual_description/hook/cmake_prefix_path.ps1'
[1.277s] INFO:colcon.colcon_core.shell:Creating environment descriptor '/home/moyu/workspace/vr_teleop/vr_rm75_ws/install_commissioning/lsrx_rm75_dual_description/share/lsrx_rm75_dual_description/hook/cmake_prefix_path.dsv'
[1.277s] INFO:colcon.colcon_core.shell:Creating environment hook '/home/moyu/workspace/vr_teleop/vr_rm75_ws/install_commissioning/lsrx_rm75_dual_description/share/lsrx_rm75_dual_description/hook/cmake_prefix_path.sh'
[1.277s] Level 1:colcon.colcon_core.environment:checking '/home/moyu/workspace/vr_teleop/vr_rm75_ws/install_commissioning/lsrx_rm75_dual_description/bin'
[1.277s] Level 1:colcon.colcon_core.environment:checking '/home/moyu/workspace/vr_teleop/vr_rm75_ws/install_commissioning/lsrx_rm75_dual_description/lib/pkgconfig/lsrx_rm75_dual_description.pc'
[1.277s] Level 1:colcon.colcon_core.environment:checking '/home/moyu/workspace/vr_teleop/vr_rm75_ws/install_commissioning/lsrx_rm75_dual_description/lib/python3.10/site-packages'
[1.278s] Level 1:colcon.colcon_core.environment:checking '/home/moyu/workspace/vr_teleop/vr_rm75_ws/install_commissioning/lsrx_rm75_dual_description/bin'
[1.278s] INFO:colcon.colcon_core.shell:Creating package script '/home/moyu/workspace/vr_teleop/vr_rm75_ws/install_commissioning/lsrx_rm75_dual_description/share/lsrx_rm75_dual_description/package.ps1'
[1.278s] INFO:colcon.colcon_core.shell:Creating package descriptor '/home/moyu/workspace/vr_teleop/vr_rm75_ws/install_commissioning/lsrx_rm75_dual_description/share/lsrx_rm75_dual_description/package.dsv'
[1.279s] INFO:colcon.colcon_core.shell:Creating package script '/home/moyu/workspace/vr_teleop/vr_rm75_ws/install_commissioning/lsrx_rm75_dual_description/share/lsrx_rm75_dual_description/package.sh'
[1.279s] INFO:colcon.colcon_core.shell:Creating package script '/home/moyu/workspace/vr_teleop/vr_rm75_ws/install_commissioning/lsrx_rm75_dual_description/share/lsrx_rm75_dual_description/package.bash'
[1.279s] INFO:colcon.colcon_core.shell:Creating package script '/home/moyu/workspace/vr_teleop/vr_rm75_ws/install_commissioning/lsrx_rm75_dual_description/share/lsrx_rm75_dual_description/package.zsh'
[1.280s] Level 1:colcon.colcon_core.environment:create_file_with_runtime_dependencies(/home/moyu/workspace/vr_teleop/vr_rm75_ws/install_commissioning/lsrx_rm75_dual_description/share/colcon-core/packages/lsrx_rm75_dual_description)
[1.280s] DEBUG:colcon.colcon_parallel_executor.executor.parallel:closing loop
[1.280s] DEBUG:colcon.colcon_parallel_executor.executor.parallel:loop closed
[1.280s] DEBUG:colcon.colcon_parallel_executor.executor.parallel:run_until_complete finished with '0'
[1.280s] DEBUG:colcon.colcon_core.event_reactor:joining thread
[1.286s] INFO:colcon.colcon_core.plugin_system:Skipping extension 'colcon_notification.desktop_notification.terminal_notifier': Not used on non-Darwin systems
[1.286s] INFO:colcon.colcon_core.plugin_system:Skipping extension 'colcon_notification.desktop_notification.win32': Not used on non-Windows systems
[1.286s] INFO:colcon.colcon_notification.desktop_notification:Sending desktop notification using 'notify2'
[1.295s] DEBUG:colcon.colcon_core.event_reactor:joined thread
[1.295s] INFO:colcon.colcon_core.shell:Creating prefix script '/home/moyu/workspace/vr_teleop/vr_rm75_ws/install_commissioning/local_setup.ps1'
[1.296s] INFO:colcon.colcon_core.shell:Creating prefix util module '/home/moyu/workspace/vr_teleop/vr_rm75_ws/install_commissioning/_local_setup_util_ps1.py'
[1.297s] INFO:colcon.colcon_core.shell:Creating prefix chain script '/home/moyu/workspace/vr_teleop/vr_rm75_ws/install_commissioning/setup.ps1'
[1.297s] INFO:colcon.colcon_core.shell:Creating prefix script '/home/moyu/workspace/vr_teleop/vr_rm75_ws/install_commissioning/local_setup.sh'
[1.298s] INFO:colcon.colcon_core.shell:Creating prefix util module '/home/moyu/workspace/vr_teleop/vr_rm75_ws/install_commissioning/_local_setup_util_sh.py'
[1.298s] INFO:colcon.colcon_core.shell:Creating prefix chain script '/home/moyu/workspace/vr_teleop/vr_rm75_ws/install_commissioning/setup.sh'
[1.299s] INFO:colcon.colcon_core.shell:Creating prefix script '/home/moyu/workspace/vr_teleop/vr_rm75_ws/install_commissioning/local_setup.bash'
[1.299s] INFO:colcon.colcon_core.shell:Creating prefix chain script '/home/moyu/workspace/vr_teleop/vr_rm75_ws/install_commissioning/setup.bash'
[1.299s] INFO:colcon.colcon_core.shell:Creating prefix script '/home/moyu/workspace/vr_teleop/vr_rm75_ws/install_commissioning/local_setup.zsh'
[1.300s] INFO:colcon.colcon_core.shell:Creating prefix chain script '/home/moyu/workspace/vr_teleop/vr_rm75_ws/install_commissioning/setup.zsh'
