[0.067s] DEBUG:colcon:Command line arguments: ['/usr/bin/colcon', 'build', '--packages-select', 'vr_rm75_teleop', '--symlink-install']
[0.067s] DEBUG:colcon:Parsed command line arguments: Namespace(log_base=None, log_level=None, verb_name='build', build_base='build', install_base='install', merge_install=False, symlink_install=True, test_result_base=None, continue_on_error=False, executor='parallel', parallel_workers=32, event_handlers=None, ignore_user_meta=False, metas=['./colcon.meta'], base_paths=['.'], packages_ignore=None, packages_ignore_regex=None, paths=None, packages_up_to=None, packages_up_to_regex=None, packages_above=None, packages_above_and_dependencies=None, packages_above_depth=None, packages_select_by_dep=None, packages_skip_by_dep=None, packages_skip_up_to=None, packages_select_build_failed=False, packages_skip_build_finished=False, packages_select_test_failures=False, packages_skip_test_passed=False, packages_select=['vr_rm75_teleop'], packages_skip=None, packages_select_regex=None, packages_skip_regex=None, packages_start=None, packages_end=None, allow_overriding=[], cmake_args=None, cmake_target=None, cmake_target_skip_unavailable=False, cmake_clean_cache=False, cmake_clean_first=False, cmake_force_configure=False, ament_cmake_args=None, catkin_cmake_args=None, catkin_skip_building_tests=False, verb_parser=<colcon_defaults.argument_parser.defaults.DefaultArgumentsDecorator object at 0x79a6fae4c3a0>, verb_extension=<colcon_core.verb.build.BuildVerb object at 0x79a6fafb91b0>, main=<bound method BuildVerb.main of <colcon_core.verb.build.BuildVerb object at 0x79a6fafb91b0>>)
[0.163s] Level 1:colcon.colcon_core.package_discovery:discover_packages(colcon_meta) check parameters
[0.163s] Level 1:colcon.colcon_core.package_discovery:discover_packages(recursive) check parameters
[0.163s] Level 1:colcon.colcon_core.package_discovery:discover_packages(ignore) check parameters
[0.163s] Level 1:colcon.colcon_core.package_discovery:discover_packages(path) check parameters
[0.163s] Level 1:colcon.colcon_core.package_discovery:discover_packages(colcon_meta) discover
[0.164s] Level 1:colcon.colcon_core.package_discovery:discover_packages(recursive) discover
[0.164s] INFO:colcon.colcon_core.package_discovery:Crawling recursively for packages in '/home/moyu/workspace/vr_teleop/vr_rm75_ws'
[0.164s] Level 1:colcon.colcon_core.package_identification:_identify(.) by extensions ['ignore', 'ignore_ament_install']
[0.164s] Level 1:colcon.colcon_core.package_identification:_identify(.) by extension 'ignore'
[0.164s] Level 1:colcon.colcon_core.package_identification:_identify(.) by extension 'ignore_ament_install'
[0.164s] Level 1:colcon.colcon_core.package_identification:_identify(.) by extensions ['colcon_pkg']
[0.164s] Level 1:colcon.colcon_core.package_identification:_identify(.) by extension 'colcon_pkg'
[0.164s] Level 1:colcon.colcon_core.package_identification:_identify(.) by extensions ['colcon_meta']
[0.164s] Level 1:colcon.colcon_core.package_identification:_identify(.) by extension 'colcon_meta'
[0.164s] Level 1:colcon.colcon_core.package_identification:_identify(.) by extensions ['ros']
[0.164s] Level 1:colcon.colcon_core.package_identification:_identify(.) by extension 'ros'
[0.172s] Level 1:colcon.colcon_core.package_identification:_identify(.) by extensions ['cmake', 'python']
[0.172s] Level 1:colcon.colcon_core.package_identification:_identify(.) by extension 'cmake'
[0.172s] Level 1:colcon.colcon_core.package_identification:_identify(.) by extension 'python'
[0.172s] Level 1:colcon.colcon_core.package_identification:_identify(.) by extensions ['python_setup_py']
[0.172s] Level 1:colcon.colcon_core.package_identification:_identify(.) by extension 'python_setup_py'
[0.172s] Level 1:colcon.colcon_core.package_identification:_identify(build) by extensions ['ignore', 'ignore_ament_install']
[0.172s] Level 1:colcon.colcon_core.package_identification:_identify(build) by extension 'ignore'
[0.172s] Level 1:colcon.colcon_core.package_identification:_identify(build) ignored
[0.172s] Level 1:colcon.colcon_core.package_identification:_identify(build_commissioning) by extensions ['ignore', 'ignore_ament_install']
[0.172s] Level 1:colcon.colcon_core.package_identification:_identify(build_commissioning) by extension 'ignore'
[0.172s] Level 1:colcon.colcon_core.package_identification:_identify(build_commissioning) ignored
[0.172s] Level 1:colcon.colcon_core.package_identification:_identify(first_real_vr_demo) by extensions ['ignore', 'ignore_ament_install']
[0.172s] Level 1:colcon.colcon_core.package_identification:_identify(first_real_vr_demo) by extension 'ignore'
[0.172s] Level 1:colcon.colcon_core.package_identification:_identify(first_real_vr_demo) by extension 'ignore_ament_install'
[0.172s] Level 1:colcon.colcon_core.package_identification:_identify(first_real_vr_demo) by extensions ['colcon_pkg']
[0.172s] Level 1:colcon.colcon_core.package_identification:_identify(first_real_vr_demo) by extension 'colcon_pkg'
[0.172s] Level 1:colcon.colcon_core.package_identification:_identify(first_real_vr_demo) by extensions ['colcon_meta']
[0.172s] Level 1:colcon.colcon_core.package_identification:_identify(first_real_vr_demo) by extension 'colcon_meta'
[0.172s] Level 1:colcon.colcon_core.package_identification:_identify(first_real_vr_demo) by extensions ['ros']
[0.172s] Level 1:colcon.colcon_core.package_identification:_identify(first_real_vr_demo) by extension 'ros'
[0.172s] Level 1:colcon.colcon_core.package_identification:_identify(first_real_vr_demo) by extensions ['cmake', 'python']
[0.172s] Level 1:colcon.colcon_core.package_identification:_identify(first_real_vr_demo) by extension 'cmake'
[0.172s] Level 1:colcon.colcon_core.package_identification:_identify(first_real_vr_demo) by extension 'python'
[0.172s] Level 1:colcon.colcon_core.package_identification:_identify(first_real_vr_demo) by extensions ['python_setup_py']
[0.172s] Level 1:colcon.colcon_core.package_identification:_identify(first_real_vr_demo) by extension 'python_setup_py'
[0.172s] Level 1:colcon.colcon_core.package_identification:_identify(first_real_vr_prime_retest) by extensions ['ignore', 'ignore_ament_install']
[0.172s] Level 1:colcon.colcon_core.package_identification:_identify(first_real_vr_prime_retest) by extension 'ignore'
[0.172s] Level 1:colcon.colcon_core.package_identification:_identify(first_real_vr_prime_retest) by extension 'ignore_ament_install'
[0.172s] Level 1:colcon.colcon_core.package_identification:_identify(first_real_vr_prime_retest) by extensions ['colcon_pkg']
[0.172s] Level 1:colcon.colcon_core.package_identification:_identify(first_real_vr_prime_retest) by extension 'colcon_pkg'
[0.173s] Level 1:colcon.colcon_core.package_identification:_identify(first_real_vr_prime_retest) by extensions ['colcon_meta']
[0.173s] Level 1:colcon.colcon_core.package_identification:_identify(first_real_vr_prime_retest) by extension 'colcon_meta'
[0.173s] Level 1:colcon.colcon_core.package_identification:_identify(first_real_vr_prime_retest) by extensions ['ros']
[0.173s] Level 1:colcon.colcon_core.package_identification:_identify(first_real_vr_prime_retest) by extension 'ros'
[0.173s] Level 1:colcon.colcon_core.package_identification:_identify(first_real_vr_prime_retest) by extensions ['cmake', 'python']
[0.173s] Level 1:colcon.colcon_core.package_identification:_identify(first_real_vr_prime_retest) by extension 'cmake'
[0.173s] Level 1:colcon.colcon_core.package_identification:_identify(first_real_vr_prime_retest) by extension 'python'
[0.173s] Level 1:colcon.colcon_core.package_identification:_identify(first_real_vr_prime_retest) by extensions ['python_setup_py']
[0.173s] Level 1:colcon.colcon_core.package_identification:_identify(first_real_vr_prime_retest) by extension 'python_setup_py'
[0.173s] Level 1:colcon.colcon_core.package_identification:_identify(gate_b2_6c_backlog_retest) by extensions ['ignore', 'ignore_ament_install']
[0.173s] Level 1:colcon.colcon_core.package_identification:_identify(gate_b2_6c_backlog_retest) by extension 'ignore'
[0.173s] Level 1:colcon.colcon_core.package_identification:_identify(gate_b2_6c_backlog_retest) by extension 'ignore_ament_install'
[0.173s] Level 1:colcon.colcon_core.package_identification:_identify(gate_b2_6c_backlog_retest) by extensions ['colcon_pkg']
[0.173s] Level 1:colcon.colcon_core.package_identification:_identify(gate_b2_6c_backlog_retest) by extension 'colcon_pkg'
[0.173s] Level 1:colcon.colcon_core.package_identification:_identify(gate_b2_6c_backlog_retest) by extensions ['colcon_meta']
[0.173s] Level 1:colcon.colcon_core.package_identification:_identify(gate_b2_6c_backlog_retest) by extension 'colcon_meta'
[0.173s] Level 1:colcon.colcon_core.package_identification:_identify(gate_b2_6c_backlog_retest) by extensions ['ros']
[0.173s] Level 1:colcon.colcon_core.package_identification:_identify(gate_b2_6c_backlog_retest) by extension 'ros'
[0.173s] Level 1:colcon.colcon_core.package_identification:_identify(gate_b2_6c_backlog_retest) by extensions ['cmake', 'python']
[0.173s] Level 1:colcon.colcon_core.package_identification:_identify(gate_b2_6c_backlog_retest) by extension 'cmake'
[0.173s] Level 1:colcon.colcon_core.package_identification:_identify(gate_b2_6c_backlog_retest) by extension 'python'
[0.173s] Level 1:colcon.colcon_core.package_identification:_identify(gate_b2_6c_backlog_retest) by extensions ['python_setup_py']
[0.173s] Level 1:colcon.colcon_core.package_identification:_identify(gate_b2_6c_backlog_retest) by extension 'python_setup_py'
[0.173s] Level 1:colcon.colcon_core.package_identification:_identify(install) by extensions ['ignore', 'ignore_ament_install']
[0.173s] Level 1:colcon.colcon_core.package_identification:_identify(install) by extension 'ignore'
[0.173s] Level 1:colcon.colcon_core.package_identification:_identify(install) ignored
[0.173s] Level 1:colcon.colcon_core.package_identification:_identify(install_commissioning) by extensions ['ignore', 'ignore_ament_install']
[0.173s] Level 1:colcon.colcon_core.package_identification:_identify(install_commissioning) by extension 'ignore'
[0.173s] Level 1:colcon.colcon_core.package_identification:_identify(install_commissioning) ignored
[0.173s] Level 1:colcon.colcon_core.package_identification:_identify(log) by extensions ['ignore', 'ignore_ament_install']
[0.173s] Level 1:colcon.colcon_core.package_identification:_identify(log) by extension 'ignore'
[0.173s] Level 1:colcon.colcon_core.package_identification:_identify(log) ignored
[0.173s] Level 1:colcon.colcon_core.package_identification:_identify(log_commissioning) by extensions ['ignore', 'ignore_ament_install']
[0.174s] Level 1:colcon.colcon_core.package_identification:_identify(log_commissioning) by extension 'ignore'
[0.174s] Level 1:colcon.colcon_core.package_identification:_identify(log_commissioning) ignored
[0.174s] Level 1:colcon.colcon_core.package_identification:_identify(src) by extensions ['ignore', 'ignore_ament_install']
[0.174s] Level 1:colcon.colcon_core.package_identification:_identify(src) by extension 'ignore'
[0.174s] Level 1:colcon.colcon_core.package_identification:_identify(src) by extension 'ignore_ament_install'
[0.174s] Level 1:colcon.colcon_core.package_identification:_identify(src) by extensions ['colcon_pkg']
[0.174s] Level 1:colcon.colcon_core.package_identification:_identify(src) by extension 'colcon_pkg'
[0.174s] Level 1:colcon.colcon_core.package_identification:_identify(src) by extensions ['colcon_meta']
[0.174s] Level 1:colcon.colcon_core.package_identification:_identify(src) by extension 'colcon_meta'
[0.174s] Level 1:colcon.colcon_core.package_identification:_identify(src) by extensions ['ros']
[0.174s] Level 1:colcon.colcon_core.package_identification:_identify(src) by extension 'ros'
[0.174s] Level 1:colcon.colcon_core.package_identification:_identify(src) by extensions ['cmake', 'python']
[0.174s] Level 1:colcon.colcon_core.package_identification:_identify(src) by extension 'cmake'
[0.174s] Level 1:colcon.colcon_core.package_identification:_identify(src) by extension 'python'
[0.174s] Level 1:colcon.colcon_core.package_identification:_identify(src) by extensions ['python_setup_py']
[0.174s] Level 1:colcon.colcon_core.package_identification:_identify(src) by extension 'python_setup_py'
[0.174s] Level 1:colcon.colcon_core.package_identification:_identify(src/lsrx_rm75_dual_description) by extensions ['ignore', 'ignore_ament_install']
[0.174s] Level 1:colcon.colcon_core.package_identification:_identify(src/lsrx_rm75_dual_description) by extension 'ignore'
[0.174s] Level 1:colcon.colcon_core.package_identification:_identify(src/lsrx_rm75_dual_description) by extension 'ignore_ament_install'
[0.174s] Level 1:colcon.colcon_core.package_identification:_identify(src/lsrx_rm75_dual_description) by extensions ['colcon_pkg']
[0.174s] Level 1:colcon.colcon_core.package_identification:_identify(src/lsrx_rm75_dual_description) by extension 'colcon_pkg'
[0.174s] Level 1:colcon.colcon_core.package_identification:_identify(src/lsrx_rm75_dual_description) by extensions ['colcon_meta']
[0.174s] Level 1:colcon.colcon_core.package_identification:_identify(src/lsrx_rm75_dual_description) by extension 'colcon_meta'
[0.174s] Level 1:colcon.colcon_core.package_identification:_identify(src/lsrx_rm75_dual_description) by extensions ['ros']
[0.174s] Level 1:colcon.colcon_core.package_identification:_identify(src/lsrx_rm75_dual_description) by extension 'ros'
[0.176s] DEBUG:colcon.colcon_core.package_identification:Package 'src/lsrx_rm75_dual_description' with type 'ros.ament_cmake' and name 'lsrx_rm75_dual_description'
[0.176s] Level 1:colcon.colcon_core.package_identification:_identify(src/vr_rm75_teleop) by extensions ['ignore', 'ignore_ament_install']
[0.176s] Level 1:colcon.colcon_core.package_identification:_identify(src/vr_rm75_teleop) by extension 'ignore'
[0.176s] Level 1:colcon.colcon_core.package_identification:_identify(src/vr_rm75_teleop) by extension 'ignore_ament_install'
[0.176s] Level 1:colcon.colcon_core.package_identification:_identify(src/vr_rm75_teleop) by extensions ['colcon_pkg']
[0.176s] Level 1:colcon.colcon_core.package_identification:_identify(src/vr_rm75_teleop) by extension 'colcon_pkg'
[0.176s] Level 1:colcon.colcon_core.package_identification:_identify(src/vr_rm75_teleop) by extensions ['colcon_meta']
[0.176s] Level 1:colcon.colcon_core.package_identification:_identify(src/vr_rm75_teleop) by extension 'colcon_meta'
[0.176s] Level 1:colcon.colcon_core.package_identification:_identify(src/vr_rm75_teleop) by extensions ['ros']
[0.176s] Level 1:colcon.colcon_core.package_identification:_identify(src/vr_rm75_teleop) by extension 'ros'
[0.177s] DEBUG:colcon.colcon_core.package_identification:Package 'src/vr_rm75_teleop' with type 'ros.ament_python' and name 'vr_rm75_teleop'
[0.177s] Level 1:colcon.colcon_core.package_discovery:discover_packages(recursive) using defaults
[0.177s] Level 1:colcon.colcon_core.package_discovery:discover_packages(ignore) discover
[0.177s] Level 1:colcon.colcon_core.package_discovery:discover_packages(ignore) using defaults
[0.177s] Level 1:colcon.colcon_core.package_discovery:discover_packages(path) discover
[0.177s] Level 1:colcon.colcon_core.package_discovery:discover_packages(path) using defaults
[0.192s] INFO:colcon.colcon_core.package_selection:Skipping not selected package 'lsrx_rm75_dual_description' in 'src/lsrx_rm75_dual_description'
[0.192s] Level 1:colcon.colcon_core.package_discovery:discover_packages(prefix_path) check parameters
[0.192s] Level 1:colcon.colcon_core.package_discovery:discover_packages(prefix_path) discover
[0.194s] DEBUG:colcon.colcon_installed_package_information.package_discovery:Found 323 installed packages in /opt/ros/humble
[0.200s] Level 1:colcon.colcon_core.package_discovery:discover_packages(prefix_path) using defaults
[0.226s] Level 5:colcon.colcon_core.verb:set package 'vr_rm75_teleop' build argument 'cmake_args' from command line to 'None'
[0.226s] Level 5:colcon.colcon_core.verb:set package 'vr_rm75_teleop' build argument 'cmake_target' from command line to 'None'
[0.226s] Level 5:colcon.colcon_core.verb:set package 'vr_rm75_teleop' build argument 'cmake_target_skip_unavailable' from command line to 'False'
[0.226s] Level 5:colcon.colcon_core.verb:set package 'vr_rm75_teleop' build argument 'cmake_clean_cache' from command line to 'False'
[0.226s] Level 5:colcon.colcon_core.verb:set package 'vr_rm75_teleop' build argument 'cmake_clean_first' from command line to 'False'
[0.226s] Level 5:colcon.colcon_core.verb:set package 'vr_rm75_teleop' build argument 'cmake_force_configure' from command line to 'False'
[0.226s] Level 5:colcon.colcon_core.verb:set package 'vr_rm75_teleop' build argument 'ament_cmake_args' from command line to 'None'
[0.226s] Level 5:colcon.colcon_core.verb:set package 'vr_rm75_teleop' build argument 'catkin_cmake_args' from command line to 'None'
[0.226s] Level 5:colcon.colcon_core.verb:set package 'vr_rm75_teleop' build argument 'catkin_skip_building_tests' from command line to 'False'
[0.226s] DEBUG:colcon.colcon_core.verb:Building package 'vr_rm75_teleop' with the following arguments: {'ament_cmake_args': None, 'build_base': '/home/moyu/workspace/vr_teleop/vr_rm75_ws/build/vr_rm75_teleop', 'catkin_cmake_args': None, 'catkin_skip_building_tests': False, 'cmake_args': None, 'cmake_clean_cache': False, 'cmake_clean_first': False, 'cmake_force_configure': False, 'cmake_target': None, 'cmake_target_skip_unavailable': False, 'install_base': '/home/moyu/workspace/vr_teleop/vr_rm75_ws/install/vr_rm75_teleop', 'merge_install': False, 'path': '/home/moyu/workspace/vr_teleop/vr_rm75_ws/src/vr_rm75_teleop', 'symlink_install': True, 'test_result_base': None}
[0.227s] INFO:colcon.colcon_core.executor:Executing jobs using 'parallel' executor
[0.228s] DEBUG:colcon.colcon_parallel_executor.executor.parallel:run_until_complete
[0.228s] INFO:colcon.colcon_ros.task.ament_python.build:Building ROS package in '/home/moyu/workspace/vr_teleop/vr_rm75_ws/src/vr_rm75_teleop' with build type 'ament_python'
[0.228s] Level 1:colcon.colcon_core.shell:create_environment_hook('vr_rm75_teleop', 'ament_prefix_path')
[0.229s] INFO:colcon.colcon_core.plugin_system:Skipping extension 'colcon_core.shell.bat': Not used on non-Windows systems
[0.229s] INFO:colcon.colcon_core.shell:Creating environment hook '/home/moyu/workspace/vr_teleop/vr_rm75_ws/install/vr_rm75_teleop/share/vr_rm75_teleop/hook/ament_prefix_path.ps1'
[0.230s] INFO:colcon.colcon_core.shell:Creating environment descriptor '/home/moyu/workspace/vr_teleop/vr_rm75_ws/install/vr_rm75_teleop/share/vr_rm75_teleop/hook/ament_prefix_path.dsv'
[0.230s] INFO:colcon.colcon_core.shell:Creating environment hook '/home/moyu/workspace/vr_teleop/vr_rm75_ws/install/vr_rm75_teleop/share/vr_rm75_teleop/hook/ament_prefix_path.sh'
[0.230s] INFO:colcon.colcon_core.shell:Skip shell extension 'powershell' for command environment: Not usable outside of PowerShell
[0.230s] DEBUG:colcon.colcon_core.shell:Skip shell extension 'dsv' for command environment
[0.386s] INFO:colcon.colcon_core.task.python.build:Building Python package in '/home/moyu/workspace/vr_teleop/vr_rm75_ws/src/vr_rm75_teleop'
[0.386s] INFO:colcon.colcon_core.shell:Skip shell extension 'powershell' for command environment: Not usable outside of PowerShell
[0.386s] DEBUG:colcon.colcon_core.shell:Skip shell extension 'dsv' for command environment
[30.493s] DEBUG:colcon.colcon_core.event_handler.log_command:Invoking command in '/home/moyu/workspace/vr_teleop/vr_rm75_ws/build/vr_rm75_teleop': PYTHONPATH=/home/moyu/workspace/vr_teleop/vr_rm75_ws/build/vr_rm75_teleop/prefix_override:/usr/lib/python3/dist-packages/colcon_core/task/python/colcon_distutils_commands:/home/moyu/workspace/vr_teleop/vr_rm75_ws/install/vr_rm75_teleop/lib/python3.10/site-packages:${PYTHONPATH} /usr/bin/python3 -W ignore:setup.py install is deprecated -W ignore:easy_install command is deprecated setup.py develop --editable --build-directory /home/moyu/workspace/vr_teleop/vr_rm75_ws/build/vr_rm75_teleop/build --no-deps symlink_data
[30.792s] Level 1:colcon.colcon_core.shell:create_environment_hook('vr_rm75_teleop', 'pythonpath_develop')
[30.792s] INFO:colcon.colcon_core.shell:Creating environment hook '/home/moyu/workspace/vr_teleop/vr_rm75_ws/build/vr_rm75_teleop/share/vr_rm75_teleop/hook/pythonpath_develop.ps1'
[30.792s] DEBUG:colcon.colcon_core.event_handler.log_command:Invoked command in '/home/moyu/workspace/vr_teleop/vr_rm75_ws/build/vr_rm75_teleop' returned '0': PYTHONPATH=/home/moyu/workspace/vr_teleop/vr_rm75_ws/build/vr_rm75_teleop/prefix_override:/usr/lib/python3/dist-packages/colcon_core/task/python/colcon_distutils_commands:/home/moyu/workspace/vr_teleop/vr_rm75_ws/install/vr_rm75_teleop/lib/python3.10/site-packages:${PYTHONPATH} /usr/bin/python3 -W ignore:setup.py install is deprecated -W ignore:easy_install command is deprecated setup.py develop --editable --build-directory /home/moyu/workspace/vr_teleop/vr_rm75_ws/build/vr_rm75_teleop/build --no-deps symlink_data
[30.793s] INFO:colcon.colcon_core.shell:Creating environment descriptor '/home/moyu/workspace/vr_teleop/vr_rm75_ws/build/vr_rm75_teleop/share/vr_rm75_teleop/hook/pythonpath_develop.dsv'
[30.793s] INFO:colcon.colcon_core.shell:Creating environment hook '/home/moyu/workspace/vr_teleop/vr_rm75_ws/build/vr_rm75_teleop/share/vr_rm75_teleop/hook/pythonpath_develop.sh'
[30.795s] Level 1:colcon.colcon_core.environment:checking '/home/moyu/workspace/vr_teleop/vr_rm75_ws/install/vr_rm75_teleop' for CMake module files
[30.795s] Level 1:colcon.colcon_core.environment:checking '/home/moyu/workspace/vr_teleop/vr_rm75_ws/install/vr_rm75_teleop' for CMake config files
[30.795s] Level 1:colcon.colcon_core.environment:checking '/home/moyu/workspace/vr_teleop/vr_rm75_ws/install/vr_rm75_teleop/lib'
[30.795s] Level 1:colcon.colcon_core.environment:checking '/home/moyu/workspace/vr_teleop/vr_rm75_ws/install/vr_rm75_teleop/bin'
[30.795s] Level 1:colcon.colcon_core.environment:checking '/home/moyu/workspace/vr_teleop/vr_rm75_ws/install/vr_rm75_teleop/lib/pkgconfig/vr_rm75_teleop.pc'
[30.796s] Level 1:colcon.colcon_core.environment:checking '/home/moyu/workspace/vr_teleop/vr_rm75_ws/install/vr_rm75_teleop/lib/python3.10/site-packages'
[30.796s] Level 1:colcon.colcon_core.shell:create_environment_hook('vr_rm75_teleop', 'pythonpath')
[30.796s] INFO:colcon.colcon_core.shell:Creating environment hook '/home/moyu/workspace/vr_teleop/vr_rm75_ws/install/vr_rm75_teleop/share/vr_rm75_teleop/hook/pythonpath.ps1'
[30.796s] INFO:colcon.colcon_core.shell:Creating environment descriptor '/home/moyu/workspace/vr_teleop/vr_rm75_ws/install/vr_rm75_teleop/share/vr_rm75_teleop/hook/pythonpath.dsv'
[30.796s] INFO:colcon.colcon_core.shell:Creating environment hook '/home/moyu/workspace/vr_teleop/vr_rm75_ws/install/vr_rm75_teleop/share/vr_rm75_teleop/hook/pythonpath.sh'
[30.797s] Level 1:colcon.colcon_core.environment:checking '/home/moyu/workspace/vr_teleop/vr_rm75_ws/install/vr_rm75_teleop/bin'
[30.797s] Level 1:colcon.colcon_core.environment:create_environment_scripts_only(vr_rm75_teleop)
[30.797s] INFO:colcon.colcon_core.shell:Creating package script '/home/moyu/workspace/vr_teleop/vr_rm75_ws/install/vr_rm75_teleop/share/vr_rm75_teleop/package.ps1'
[30.798s] INFO:colcon.colcon_core.shell:Creating package descriptor '/home/moyu/workspace/vr_teleop/vr_rm75_ws/install/vr_rm75_teleop/share/vr_rm75_teleop/package.dsv'
[30.798s] INFO:colcon.colcon_core.shell:Creating package script '/home/moyu/workspace/vr_teleop/vr_rm75_ws/install/vr_rm75_teleop/share/vr_rm75_teleop/package.sh'
[30.799s] INFO:colcon.colcon_core.shell:Creating package script '/home/moyu/workspace/vr_teleop/vr_rm75_ws/install/vr_rm75_teleop/share/vr_rm75_teleop/package.bash'
[30.799s] INFO:colcon.colcon_core.shell:Creating package script '/home/moyu/workspace/vr_teleop/vr_rm75_ws/install/vr_rm75_teleop/share/vr_rm75_teleop/package.zsh'
[30.800s] Level 1:colcon.colcon_core.environment:create_file_with_runtime_dependencies(/home/moyu/workspace/vr_teleop/vr_rm75_ws/install/vr_rm75_teleop/share/colcon-core/packages/vr_rm75_teleop)
[30.800s] DEBUG:colcon.colcon_parallel_executor.executor.parallel:closing loop
[30.800s] DEBUG:colcon.colcon_parallel_executor.executor.parallel:loop closed
[30.800s] DEBUG:colcon.colcon_parallel_executor.executor.parallel:run_until_complete finished with '0'
[30.800s] DEBUG:colcon.colcon_core.event_reactor:joining thread
[30.804s] INFO:colcon.colcon_core.plugin_system:Skipping extension 'colcon_notification.desktop_notification.terminal_notifier': Not used on non-Darwin systems
[30.804s] INFO:colcon.colcon_core.plugin_system:Skipping extension 'colcon_notification.desktop_notification.win32': Not used on non-Windows systems
[30.804s] INFO:colcon.colcon_notification.desktop_notification:Sending desktop notification using 'notify2'
[30.804s] DEBUG:colcon.colcon_notification.desktop_notification.notify2:Failed to initialize notify2: org.freedesktop.DBus.Error.AccessDenied: Failed to connect to socket /run/user/1000/bus: Operation not permitted
[30.804s] DEBUG:colcon.colcon_core.event_reactor:joined thread
[30.804s] INFO:colcon.colcon_core.shell:Creating prefix script '/home/moyu/workspace/vr_teleop/vr_rm75_ws/install/local_setup.ps1'
[30.805s] INFO:colcon.colcon_core.shell:Creating prefix util module '/home/moyu/workspace/vr_teleop/vr_rm75_ws/install/_local_setup_util_ps1.py'
[30.806s] INFO:colcon.colcon_core.shell:Creating prefix chain script '/home/moyu/workspace/vr_teleop/vr_rm75_ws/install/setup.ps1'
[30.806s] INFO:colcon.colcon_core.shell:Creating prefix script '/home/moyu/workspace/vr_teleop/vr_rm75_ws/install/local_setup.sh'
[30.807s] INFO:colcon.colcon_core.shell:Creating prefix util module '/home/moyu/workspace/vr_teleop/vr_rm75_ws/install/_local_setup_util_sh.py'
[30.807s] INFO:colcon.colcon_core.shell:Creating prefix chain script '/home/moyu/workspace/vr_teleop/vr_rm75_ws/install/setup.sh'
[30.808s] INFO:colcon.colcon_core.shell:Creating prefix script '/home/moyu/workspace/vr_teleop/vr_rm75_ws/install/local_setup.bash'
[30.808s] INFO:colcon.colcon_core.shell:Creating prefix chain script '/home/moyu/workspace/vr_teleop/vr_rm75_ws/install/setup.bash'
[30.808s] INFO:colcon.colcon_core.shell:Creating prefix script '/home/moyu/workspace/vr_teleop/vr_rm75_ws/install/local_setup.zsh'
[30.809s] INFO:colcon.colcon_core.shell:Creating prefix chain script '/home/moyu/workspace/vr_teleop/vr_rm75_ws/install/setup.zsh'
