running develop
Removing /home/moyu/workspace/vr_teleop/vr_rm75_ws/install/vr_rm75_teleop/lib/python3.10/site-packages/vr-rm75-teleop.egg-link (link to .)
running egg_info
writing ../../build/vr_rm75_teleop/vr_rm75_teleop.egg-info/PKG-INFO
writing dependency_links to ../../build/vr_rm75_teleop/vr_rm75_teleop.egg-info/dependency_links.txt
writing entry points to ../../build/vr_rm75_teleop/vr_rm75_teleop.egg-info/entry_points.txt
writing requirements to ../../build/vr_rm75_teleop/vr_rm75_teleop.egg-info/requires.txt
writing top-level names to ../../build/vr_rm75_teleop/vr_rm75_teleop.egg-info/top_level.txt
reading manifest file '../../build/vr_rm75_teleop/vr_rm75_teleop.egg-info/SOURCES.txt'
adding license file 'LICENSE'
writing manifest file '../../build/vr_rm75_teleop/vr_rm75_teleop.egg-info/SOURCES.txt'
running build
running build_py
copying vr_rm75_teleop/quest_dual_ik_fusion.py -> /home/moyu/workspace/vr_teleop/vr_rm75_ws/build/vr_rm75_teleop/build/lib/vr_rm75_teleop
copying vr_rm75_teleop/rm75_command_interface.py -> /home/moyu/workspace/vr_teleop/vr_rm75_ws/build/vr_rm75_teleop/build/lib/vr_rm75_teleop
running install
running install_lib
creating /home/moyu/workspace/vr_teleop/vr_rm75_ws/install/vr_rm75_teleop/lib/python3.10/site-packages/vr_rm75_teleop
copying /home/moyu/workspace/vr_teleop/vr_rm75_ws/build/vr_rm75_teleop/build/lib/vr_rm75_teleop/deadman_clutch.py -> /home/moyu/workspace/vr_teleop/vr_rm75_ws/install/vr_rm75_teleop/lib/python3.10/site-packages/vr_rm75_teleop
copying /home/moyu/workspace/vr_teleop/vr_rm75_ws/build/vr_rm75_teleop/build/lib/vr_rm75_teleop/following_error_monitor.py -> /home/moyu/workspace/vr_teleop/vr_rm75_ws/install/vr_rm75_teleop/lib/python3.10/site-packages/vr_rm75_teleop
copying /home/moyu/workspace/vr_teleop/vr_rm75_ws/build/vr_rm75_teleop/build/lib/vr_rm75_teleop/rm75_state_node.py -> /home/moyu/workspace/vr_teleop/vr_rm75_ws/install/vr_rm75_teleop/lib/python3.10/site-packages/vr_rm75_teleop
copying /home/moyu/workspace/vr_teleop/vr_rm75_ws/build/vr_rm75_teleop/build/lib/vr_rm75_teleop/check_ik_joint_centering.py -> /home/moyu/workspace/vr_teleop/vr_rm75_ws/install/vr_rm75_teleop/lib/python3.10/site-packages/vr_rm75_teleop
copying /home/moyu/workspace/vr_teleop/vr_rm75_ws/build/vr_rm75_teleop/build/lib/vr_rm75_teleop/quest_dual_ik_fusion.py -> /home/moyu/workspace/vr_teleop/vr_rm75_ws/install/vr_rm75_teleop/lib/python3.10/site-packages/vr_rm75_teleop
copying /home/moyu/workspace/vr_teleop/vr_rm75_ws/build/vr_rm75_teleop/build/lib/vr_rm75_teleop/rm75_hardware_interface.py -> /home/moyu/workspace/vr_teleop/vr_rm75_ws/install/vr_rm75_teleop/lib/python3.10/site-packages/vr_rm75_teleop
copying /home/moyu/workspace/vr_teleop/vr_rm75_ws/build/vr_rm75_teleop/build/lib/vr_rm75_teleop/collision_backend.py -> /home/moyu/workspace/vr_teleop/vr_rm75_ws/install/vr_rm75_teleop/lib/python3.10/site-packages/vr_rm75_teleop
copying /home/moyu/workspace/vr_teleop/vr_rm75_ws/build/vr_rm75_teleop/build/lib/vr_rm75_teleop/check_adaptive_damping.py -> /home/moyu/workspace/vr_teleop/vr_rm75_ws/install/vr_rm75_teleop/lib/python3.10/site-packages/vr_rm75_teleop
copying /home/moyu/workspace/vr_teleop/vr_rm75_ws/build/vr_rm75_teleop/build/lib/vr_rm75_teleop/rm75_ik.py -> /home/moyu/workspace/vr_teleop/vr_rm75_ws/install/vr_rm75_teleop/lib/python3.10/site-packages/vr_rm75_teleop
copying /home/moyu/workspace/vr_teleop/vr_rm75_ws/build/vr_rm75_teleop/build/lib/vr_rm75_teleop/se3_rate_limiter.py -> /home/moyu/workspace/vr_teleop/vr_rm75_ws/install/vr_rm75_teleop/lib/python3.10/site-packages/vr_rm75_teleop
copying /home/moyu/workspace/vr_teleop/vr_rm75_ws/build/vr_rm75_teleop/build/lib/vr_rm75_teleop/check_urdf_fk.py -> /home/moyu/workspace/vr_teleop/vr_rm75_ws/install/vr_rm75_teleop/lib/python3.10/site-packages/vr_rm75_teleop
copying /home/moyu/workspace/vr_teleop/vr_rm75_ws/build/vr_rm75_teleop/build/lib/vr_rm75_teleop/robot_feedback_monitor.py -> /home/moyu/workspace/vr_teleop/vr_rm75_ws/install/vr_rm75_teleop/lib/python3.10/site-packages/vr_rm75_teleop
copying /home/moyu/workspace/vr_teleop/vr_rm75_ws/build/vr_rm75_teleop/build/lib/vr_rm75_teleop/check_vr_pose_mapping.py -> /home/moyu/workspace/vr_teleop/vr_rm75_ws/install/vr_rm75_teleop/lib/python3.10/site-packages/vr_rm75_teleop
copying /home/moyu/workspace/vr_teleop/vr_rm75_ws/build/vr_rm75_teleop/build/lib/vr_rm75_teleop/__init__.py -> /home/moyu/workspace/vr_teleop/vr_rm75_ws/install/vr_rm75_teleop/lib/python3.10/site-packages/vr_rm75_teleop
copying /home/moyu/workspace/vr_teleop/vr_rm75_ws/build/vr_rm75_teleop/build/lib/vr_rm75_teleop/check_nullspace.py -> /home/moyu/workspace/vr_teleop/vr_rm75_ws/install/vr_rm75_teleop/lib/python3.10/site-packages/vr_rm75_teleop
copying /home/moyu/workspace/vr_teleop/vr_rm75_ws/build/vr_rm75_teleop/build/lib/vr_rm75_teleop/meta_quest_bridge.py -> /home/moyu/workspace/vr_teleop/vr_rm75_ws/install/vr_rm75_teleop/lib/python3.10/site-packages/vr_rm75_teleop
copying /home/moyu/workspace/vr_teleop/vr_rm75_ws/build/vr_rm75_teleop/build/lib/vr_rm75_teleop/rm75_jacobian.py -> /home/moyu/workspace/vr_teleop/vr_rm75_ws/install/vr_rm75_teleop/lib/python3.10/site-packages/vr_rm75_teleop
copying /home/moyu/workspace/vr_teleop/vr_rm75_ws/build/vr_rm75_teleop/build/lib/vr_rm75_teleop/rm75_model.py -> /home/moyu/workspace/vr_teleop/vr_rm75_ws/install/vr_rm75_teleop/lib/python3.10/site-packages/vr_rm75_teleop
copying /home/moyu/workspace/vr_teleop/vr_rm75_ws/build/vr_rm75_teleop/build/lib/vr_rm75_teleop/check_se3_rate_limiter.py -> /home/moyu/workspace/vr_teleop/vr_rm75_ws/install/vr_rm75_teleop/lib/python3.10/site-packages/vr_rm75_teleop
copying /home/moyu/workspace/vr_teleop/vr_rm75_ws/build/vr_rm75_teleop/build/lib/vr_rm75_teleop/check_controller_fk.py -> /home/moyu/workspace/vr_teleop/vr_rm75_ws/install/vr_rm75_teleop/lib/python3.10/site-packages/vr_rm75_teleop
copying /home/moyu/workspace/vr_teleop/vr_rm75_ws/build/vr_rm75_teleop/build/lib/vr_rm75_teleop/check_fk.py -> /home/moyu/workspace/vr_teleop/vr_rm75_ws/install/vr_rm75_teleop/lib/python3.10/site-packages/vr_rm75_teleop
copying /home/moyu/workspace/vr_teleop/vr_rm75_ws/build/vr_rm75_teleop/build/lib/vr_rm75_teleop/vr_pose_mapping.py -> /home/moyu/workspace/vr_teleop/vr_rm75_ws/install/vr_rm75_teleop/lib/python3.10/site-packages/vr_rm75_teleop
copying /home/moyu/workspace/vr_teleop/vr_rm75_ws/build/vr_rm75_teleop/build/lib/vr_rm75_teleop/timing_monitor.py -> /home/moyu/workspace/vr_teleop/vr_rm75_ws/install/vr_rm75_teleop/lib/python3.10/site-packages/vr_rm75_teleop
copying /home/moyu/workspace/vr_teleop/vr_rm75_ws/build/vr_rm75_teleop/build/lib/vr_rm75_teleop/check_target_feasibility.py -> /home/moyu/workspace/vr_teleop/vr_rm75_ws/install/vr_rm75_teleop/lib/python3.10/site-packages/vr_rm75_teleop
copying /home/moyu/workspace/vr_teleop/vr_rm75_ws/build/vr_rm75_teleop/build/lib/vr_rm75_teleop/check_singularity_scan.py -> /home/moyu/workspace/vr_teleop/vr_rm75_ws/install/vr_rm75_teleop/lib/python3.10/site-packages/vr_rm75_teleop
copying /home/moyu/workspace/vr_teleop/vr_rm75_ws/build/vr_rm75_teleop/build/lib/vr_rm75_teleop/stop_policy.py -> /home/moyu/workspace/vr_teleop/vr_rm75_ws/install/vr_rm75_teleop/lib/python3.10/site-packages/vr_rm75_teleop
copying /home/moyu/workspace/vr_teleop/vr_rm75_ws/build/vr_rm75_teleop/build/lib/vr_rm75_teleop/check_ik.py -> /home/moyu/workspace/vr_teleop/vr_rm75_ws/install/vr_rm75_teleop/lib/python3.10/site-packages/vr_rm75_teleop
copying /home/moyu/workspace/vr_teleop/vr_rm75_ws/build/vr_rm75_teleop/build/lib/vr_rm75_teleop/collision_backend_node.py -> /home/moyu/workspace/vr_teleop/vr_rm75_ws/install/vr_rm75_teleop/lib/python3.10/site-packages/vr_rm75_teleop
copying /home/moyu/workspace/vr_teleop/vr_rm75_ws/build/vr_rm75_teleop/build/lib/vr_rm75_teleop/quest_ik_fusion.py -> /home/moyu/workspace/vr_teleop/vr_rm75_ws/install/vr_rm75_teleop/lib/python3.10/site-packages/vr_rm75_teleop
copying /home/moyu/workspace/vr_teleop/vr_rm75_ws/build/vr_rm75_teleop/build/lib/vr_rm75_teleop/check_continuous_ik.py -> /home/moyu/workspace/vr_teleop/vr_rm75_ws/install/vr_rm75_teleop/lib/python3.10/site-packages/vr_rm75_teleop
copying /home/moyu/workspace/vr_teleop/vr_rm75_ws/build/vr_rm75_teleop/build/lib/vr_rm75_teleop/rm75_fk.py -> /home/moyu/workspace/vr_teleop/vr_rm75_ws/install/vr_rm75_teleop/lib/python3.10/site-packages/vr_rm75_teleop
copying /home/moyu/workspace/vr_teleop/vr_rm75_ws/build/vr_rm75_teleop/build/lib/vr_rm75_teleop/safety_supervisor.py -> /home/moyu/workspace/vr_teleop/vr_rm75_ws/install/vr_rm75_teleop/lib/python3.10/site-packages/vr_rm75_teleop
copying /home/moyu/workspace/vr_teleop/vr_rm75_ws/build/vr_rm75_teleop/build/lib/vr_rm75_teleop/check_jacobian.py -> /home/moyu/workspace/vr_teleop/vr_rm75_ws/install/vr_rm75_teleop/lib/python3.10/site-packages/vr_rm75_teleop
copying /home/moyu/workspace/vr_teleop/vr_rm75_ws/build/vr_rm75_teleop/build/lib/vr_rm75_teleop/arm_fusion_state.py -> /home/moyu/workspace/vr_teleop/vr_rm75_ws/install/vr_rm75_teleop/lib/python3.10/site-packages/vr_rm75_teleop
copying /home/moyu/workspace/vr_teleop/vr_rm75_ws/build/vr_rm75_teleop/build/lib/vr_rm75_teleop/joint_safety.py -> /home/moyu/workspace/vr_teleop/vr_rm75_ws/install/vr_rm75_teleop/lib/python3.10/site-packages/vr_rm75_teleop
copying /home/moyu/workspace/vr_teleop/vr_rm75_ws/build/vr_rm75_teleop/build/lib/vr_rm75_teleop/collision_safety.py -> /home/moyu/workspace/vr_teleop/vr_rm75_ws/install/vr_rm75_teleop/lib/python3.10/site-packages/vr_rm75_teleop
copying /home/moyu/workspace/vr_teleop/vr_rm75_ws/build/vr_rm75_teleop/build/lib/vr_rm75_teleop/rm75_command_interface.py -> /home/moyu/workspace/vr_teleop/vr_rm75_ws/install/vr_rm75_teleop/lib/python3.10/site-packages/vr_rm75_teleop
copying /home/moyu/workspace/vr_teleop/vr_rm75_ws/build/vr_rm75_teleop/build/lib/vr_rm75_teleop/rm75_nullspace.py -> /home/moyu/workspace/vr_teleop/vr_rm75_ws/install/vr_rm75_teleop/lib/python3.10/site-packages/vr_rm75_teleop
copying /home/moyu/workspace/vr_teleop/vr_rm75_ws/build/vr_rm75_teleop/build/lib/vr_rm75_teleop/target_feasibility.py -> /home/moyu/workspace/vr_teleop/vr_rm75_ws/install/vr_rm75_teleop/lib/python3.10/site-packages/vr_rm75_teleop
byte-compiling /home/moyu/workspace/vr_teleop/vr_rm75_ws/install/vr_rm75_teleop/lib/python3.10/site-packages/vr_rm75_teleop/deadman_clutch.py to deadman_clutch.cpython-310.pyc
byte-compiling /home/moyu/workspace/vr_teleop/vr_rm75_ws/install/vr_rm75_teleop/lib/python3.10/site-packages/vr_rm75_teleop/following_error_monitor.py to following_error_monitor.cpython-310.pyc
byte-compiling /home/moyu/workspace/vr_teleop/vr_rm75_ws/install/vr_rm75_teleop/lib/python3.10/site-packages/vr_rm75_teleop/rm75_state_node.py to rm75_state_node.cpython-310.pyc
byte-compiling /home/moyu/workspace/vr_teleop/vr_rm75_ws/install/vr_rm75_teleop/lib/python3.10/site-packages/vr_rm75_teleop/check_ik_joint_centering.py to check_ik_joint_centering.cpython-310.pyc
byte-compiling /home/moyu/workspace/vr_teleop/vr_rm75_ws/install/vr_rm75_teleop/lib/python3.10/site-packages/vr_rm75_teleop/quest_dual_ik_fusion.py to quest_dual_ik_fusion.cpython-310.pyc
byte-compiling /home/moyu/workspace/vr_teleop/vr_rm75_ws/install/vr_rm75_teleop/lib/python3.10/site-packages/vr_rm75_teleop/rm75_hardware_interface.py to rm75_hardware_interface.cpython-310.pyc
byte-compiling /home/moyu/workspace/vr_teleop/vr_rm75_ws/install/vr_rm75_teleop/lib/python3.10/site-packages/vr_rm75_teleop/collision_backend.py to collision_backend.cpython-310.pyc
byte-compiling /home/moyu/workspace/vr_teleop/vr_rm75_ws/install/vr_rm75_teleop/lib/python3.10/site-packages/vr_rm75_teleop/check_adaptive_damping.py to check_adaptive_damping.cpython-310.pyc
byte-compiling /home/moyu/workspace/vr_teleop/vr_rm75_ws/install/vr_rm75_teleop/lib/python3.10/site-packages/vr_rm75_teleop/rm75_ik.py to rm75_ik.cpython-310.pyc
byte-compiling /home/moyu/workspace/vr_teleop/vr_rm75_ws/install/vr_rm75_teleop/lib/python3.10/site-packages/vr_rm75_teleop/se3_rate_limiter.py to se3_rate_limiter.cpython-310.pyc
byte-compiling /home/moyu/workspace/vr_teleop/vr_rm75_ws/install/vr_rm75_teleop/lib/python3.10/site-packages/vr_rm75_teleop/check_urdf_fk.py to check_urdf_fk.cpython-310.pyc
byte-compiling /home/moyu/workspace/vr_teleop/vr_rm75_ws/install/vr_rm75_teleop/lib/python3.10/site-packages/vr_rm75_teleop/robot_feedback_monitor.py to robot_feedback_monitor.cpython-310.pyc
byte-compiling /home/moyu/workspace/vr_teleop/vr_rm75_ws/install/vr_rm75_teleop/lib/python3.10/site-packages/vr_rm75_teleop/check_vr_pose_mapping.py to check_vr_pose_mapping.cpython-310.pyc
byte-compiling /home/moyu/workspace/vr_teleop/vr_rm75_ws/install/vr_rm75_teleop/lib/python3.10/site-packages/vr_rm75_teleop/__init__.py to __init__.cpython-310.pyc
byte-compiling /home/moyu/workspace/vr_teleop/vr_rm75_ws/install/vr_rm75_teleop/lib/python3.10/site-packages/vr_rm75_teleop/check_nullspace.py to check_nullspace.cpython-310.pyc
byte-compiling /home/moyu/workspace/vr_teleop/vr_rm75_ws/install/vr_rm75_teleop/lib/python3.10/site-packages/vr_rm75_teleop/meta_quest_bridge.py to meta_quest_bridge.cpython-310.pyc
byte-compiling /home/moyu/workspace/vr_teleop/vr_rm75_ws/install/vr_rm75_teleop/lib/python3.10/site-packages/vr_rm75_teleop/rm75_jacobian.py to rm75_jacobian.cpython-310.pyc
byte-compiling /home/moyu/workspace/vr_teleop/vr_rm75_ws/install/vr_rm75_teleop/lib/python3.10/site-packages/vr_rm75_teleop/rm75_model.py to rm75_model.cpython-310.pyc
byte-compiling /home/moyu/workspace/vr_teleop/vr_rm75_ws/install/vr_rm75_teleop/lib/python3.10/site-packages/vr_rm75_teleop/check_se3_rate_limiter.py to check_se3_rate_limiter.cpython-310.pyc
byte-compiling /home/moyu/workspace/vr_teleop/vr_rm75_ws/install/vr_rm75_teleop/lib/python3.10/site-packages/vr_rm75_teleop/check_controller_fk.py to check_controller_fk.cpython-310.pyc
byte-compiling /home/moyu/workspace/vr_teleop/vr_rm75_ws/install/vr_rm75_teleop/lib/python3.10/site-packages/vr_rm75_teleop/check_fk.py to check_fk.cpython-310.pyc
byte-compiling /home/moyu/workspace/vr_teleop/vr_rm75_ws/install/vr_rm75_teleop/lib/python3.10/site-packages/vr_rm75_teleop/vr_pose_mapping.py to vr_pose_mapping.cpython-310.pyc
byte-compiling /home/moyu/workspace/vr_teleop/vr_rm75_ws/install/vr_rm75_teleop/lib/python3.10/site-packages/vr_rm75_teleop/timing_monitor.py to timing_monitor.cpython-310.pyc
byte-compiling /home/moyu/workspace/vr_teleop/vr_rm75_ws/install/vr_rm75_teleop/lib/python3.10/site-packages/vr_rm75_teleop/check_target_feasibility.py to check_target_feasibility.cpython-310.pyc
byte-compiling /home/moyu/workspace/vr_teleop/vr_rm75_ws/install/vr_rm75_teleop/lib/python3.10/site-packages/vr_rm75_teleop/check_singularity_scan.py to check_singularity_scan.cpython-310.pyc
byte-compiling /home/moyu/workspace/vr_teleop/vr_rm75_ws/install/vr_rm75_teleop/lib/python3.10/site-packages/vr_rm75_teleop/stop_policy.py to stop_policy.cpython-310.pyc
byte-compiling /home/moyu/workspace/vr_teleop/vr_rm75_ws/install/vr_rm75_teleop/lib/python3.10/site-packages/vr_rm75_teleop/check_ik.py to check_ik.cpython-310.pyc
byte-compiling /home/moyu/workspace/vr_teleop/vr_rm75_ws/install/vr_rm75_teleop/lib/python3.10/site-packages/vr_rm75_teleop/collision_backend_node.py to collision_backend_node.cpython-310.pyc
byte-compiling /home/moyu/workspace/vr_teleop/vr_rm75_ws/install/vr_rm75_teleop/lib/python3.10/site-packages/vr_rm75_teleop/quest_ik_fusion.py to quest_ik_fusion.cpython-310.pyc
byte-compiling /home/moyu/workspace/vr_teleop/vr_rm75_ws/install/vr_rm75_teleop/lib/python3.10/site-packages/vr_rm75_teleop/check_continuous_ik.py to check_continuous_ik.cpython-310.pyc
byte-compiling /home/moyu/workspace/vr_teleop/vr_rm75_ws/install/vr_rm75_teleop/lib/python3.10/site-packages/vr_rm75_teleop/rm75_fk.py to rm75_fk.cpython-310.pyc
byte-compiling /home/moyu/workspace/vr_teleop/vr_rm75_ws/install/vr_rm75_teleop/lib/python3.10/site-packages/vr_rm75_teleop/safety_supervisor.py to safety_supervisor.cpython-310.pyc
byte-compiling /home/moyu/workspace/vr_teleop/vr_rm75_ws/install/vr_rm75_teleop/lib/python3.10/site-packages/vr_rm75_teleop/check_jacobian.py to check_jacobian.cpython-310.pyc
byte-compiling /home/moyu/workspace/vr_teleop/vr_rm75_ws/install/vr_rm75_teleop/lib/python3.10/site-packages/vr_rm75_teleop/arm_fusion_state.py to arm_fusion_state.cpython-310.pyc
byte-compiling /home/moyu/workspace/vr_teleop/vr_rm75_ws/install/vr_rm75_teleop/lib/python3.10/site-packages/vr_rm75_teleop/joint_safety.py to joint_safety.cpython-310.pyc
byte-compiling /home/moyu/workspace/vr_teleop/vr_rm75_ws/install/vr_rm75_teleop/lib/python3.10/site-packages/vr_rm75_teleop/collision_safety.py to collision_safety.cpython-310.pyc
byte-compiling /home/moyu/workspace/vr_teleop/vr_rm75_ws/install/vr_rm75_teleop/lib/python3.10/site-packages/vr_rm75_teleop/rm75_command_interface.py to rm75_command_interface.cpython-310.pyc
byte-compiling /home/moyu/workspace/vr_teleop/vr_rm75_ws/install/vr_rm75_teleop/lib/python3.10/site-packages/vr_rm75_teleop/rm75_nullspace.py to rm75_nullspace.cpython-310.pyc
byte-compiling /home/moyu/workspace/vr_teleop/vr_rm75_ws/install/vr_rm75_teleop/lib/python3.10/site-packages/vr_rm75_teleop/target_feasibility.py to target_feasibility.cpython-310.pyc
running install_data
copying resource/vr_rm75_teleop -> /home/moyu/workspace/vr_teleop/vr_rm75_ws/install/vr_rm75_teleop/share/ament_index/resource_index/packages
copying package.xml -> /home/moyu/workspace/vr_teleop/vr_rm75_ws/install/vr_rm75_teleop/share/vr_rm75_teleop
copying config/quest_dual_ik_fusion.yaml -> /home/moyu/workspace/vr_teleop/vr_rm75_ws/install/vr_rm75_teleop/share/vr_rm75_teleop/config
copying config/rm75_state.yaml -> /home/moyu/workspace/vr_teleop/vr_rm75_ws/install/vr_rm75_teleop/share/vr_rm75_teleop/config
copying config/meta_quest_bridge.yaml -> /home/moyu/workspace/vr_teleop/vr_rm75_ws/install/vr_rm75_teleop/share/vr_rm75_teleop/config
copying config/collision_geometry.yaml -> /home/moyu/workspace/vr_teleop/vr_rm75_ws/install/vr_rm75_teleop/share/vr_rm75_teleop/config
copying config/safe_first_motion.yaml -> /home/moyu/workspace/vr_teleop/vr_rm75_ws/install/vr_rm75_teleop/share/vr_rm75_teleop/config
copying launch/rm75_state.launch.py -> /home/moyu/workspace/vr_teleop/vr_rm75_ws/install/vr_rm75_teleop/share/vr_rm75_teleop/launch
copying launch/commissioning_dry_run.launch.py -> /home/moyu/workspace/vr_teleop/vr_rm75_ws/install/vr_rm75_teleop/share/vr_rm75_teleop/launch
copying docs/COLLISION_GEOMETRY_AUDIT.md -> /home/moyu/workspace/vr_teleop/vr_rm75_ws/install/vr_rm75_teleop/share/vr_rm75_teleop/docs
copying docs/COMMISSIONING_STATUS.md -> /home/moyu/workspace/vr_teleop/vr_rm75_ws/install/vr_rm75_teleop/share/vr_rm75_teleop/docs
copying docs/COMMISSIONING_CHECKLIST.md -> /home/moyu/workspace/vr_teleop/vr_rm75_ws/install/vr_rm75_teleop/share/vr_rm75_teleop/docs
copying docs/rm75_command_interface.md -> /home/moyu/workspace/vr_teleop/vr_rm75_ws/install/vr_rm75_teleop/share/vr_rm75_teleop/docs
copying docs/STOP_POLICY.md -> /home/moyu/workspace/vr_teleop/vr_rm75_ws/install/vr_rm75_teleop/share/vr_rm75_teleop/docs
running install_egg_info
Copying ../../build/vr_rm75_teleop/vr_rm75_teleop.egg-info to /home/moyu/workspace/vr_teleop/vr_rm75_ws/install/vr_rm75_teleop/lib/python3.10/site-packages/vr_rm75_teleop-0.0.0-py3.10.egg-info
running install_scripts
Installing collision_backend script to /home/moyu/workspace/vr_teleop/vr_rm75_ws/install/vr_rm75_teleop/lib/vr_rm75_teleop
Installing meta_quest_bridge script to /home/moyu/workspace/vr_teleop/vr_rm75_ws/install/vr_rm75_teleop/lib/vr_rm75_teleop
Installing quest_dual_ik_fusion script to /home/moyu/workspace/vr_teleop/vr_rm75_ws/install/vr_rm75_teleop/lib/vr_rm75_teleop
Installing rm75_state_node script to /home/moyu/workspace/vr_teleop/vr_rm75_ws/install/vr_rm75_teleop/lib/vr_rm75_teleop
writing list of installed files to '/home/moyu/workspace/vr_teleop/vr_rm75_ws/build/vr_rm75_teleop/install.log'
