-- Install configuration: ""
-- Up-to-date: /home/moyu/workspace/vr_teleop/vr_rm75_ws/install/lsrx_rm75_dual_description/share/lsrx_rm75_dual_description/urdf
-- Up-to-date: /home/moyu/workspace/vr_teleop/vr_rm75_ws/install/lsrx_rm75_dual_description/share/lsrx_rm75_dual_description/urdf/LSRX_RM75_DUAL_zero_pose.png
-- Installing: /home/moyu/workspace/vr_teleop/vr_rm75_ws/install/lsrx_rm75_dual_description/share/lsrx_rm75_dual_description/urdf/LSRX_RM75_DUAL.urdf
-- Up-to-date: /home/moyu/workspace/vr_teleop/vr_rm75_ws/install/lsrx_rm75_dual_description/share/lsrx_rm75_dual_description/meshes
-- Up-to-date: /home/moyu/workspace/vr_teleop/vr_rm75_ws/install/lsrx_rm75_dual_description/share/lsrx_rm75_dual_description/meshes/base_link_2.STL
-- Up-to-date: /home/moyu/workspace/vr_teleop/vr_rm75_ws/install/lsrx_rm75_dual_description/share/lsrx_rm75_dual_description/meshes/yb_link.STL
-- Up-to-date: /home/moyu/workspace/vr_teleop/vr_rm75_ws/install/lsrx_rm75_dual_description/share/lsrx_rm75_dual_description/meshes/rtool_Right_2_Link.STL
-- Up-to-date: /home/moyu/workspace/vr_teleop/vr_rm75_ws/install/lsrx_rm75_dual_description/share/lsrx_rm75_dual_description/meshes/tb_link.STL
-- Up-to-date: /home/moyu/workspace/vr_teleop/vr_rm75_ws/install/lsrx_rm75_dual_description/share/lsrx_rm75_dual_description/meshes/ltool_Right_Support_Link.STL
-- Up-to-date: /home/moyu/workspace/vr_teleop/vr_rm75_ws/install/lsrx_rm75_dual_description/share/lsrx_rm75_dual_description/meshes/ltool_Left_Support_Link.STL
-- Up-to-date: /home/moyu/workspace/vr_teleop/vr_rm75_ws/install/lsrx_rm75_dual_description/share/lsrx_rm75_dual_description/meshes/ltool_Left_2_Link.STL
-- Up-to-date: /home/moyu/workspace/vr_teleop/vr_rm75_ws/install/lsrx_rm75_dual_description/share/lsrx_rm75_dual_description/meshes/rtool_Right_1_Link.STL
-- Up-to-date: /home/moyu/workspace/vr_teleop/vr_rm75_ws/install/lsrx_rm75_dual_description/share/lsrx_rm75_dual_description/meshes/xb_camera_link_3.STL
-- Up-to-date: /home/moyu/workspace/vr_teleop/vr_rm75_ws/install/lsrx_rm75_dual_description/share/lsrx_rm75_dual_description/meshes/ltool_Left_1_Link.STL
-- Up-to-date: /home/moyu/workspace/vr_teleop/vr_rm75_ws/install/lsrx_rm75_dual_description/share/lsrx_rm75_dual_description/meshes/wl_link.STL
-- Up-to-date: /home/moyu/workspace/vr_teleop/vr_rm75_ws/install/lsrx_rm75_dual_description/share/lsrx_rm75_dual_description/meshes/rtool_base_link.STL
-- Up-to-date: /home/moyu/workspace/vr_teleop/vr_rm75_ws/install/lsrx_rm75_dual_description/share/lsrx_rm75_dual_description/meshes/wc_front_right_link.STL
-- Up-to-date: /home/moyu/workspace/vr_teleop/vr_rm75_ws/install/lsrx_rm75_dual_description/share/lsrx_rm75_dual_description/meshes/wc_front_left_link.STL
-- Up-to-date: /home/moyu/workspace/vr_teleop/vr_rm75_ws/install/lsrx_rm75_dual_description/share/lsrx_rm75_dual_description/meshes/wr_link.STL
-- Up-to-date: /home/moyu/workspace/vr_teleop/vr_rm75_ws/install/lsrx_rm75_dual_description/share/lsrx_rm75_dual_description/meshes/base_camera_link_2.STL
-- Up-to-date: /home/moyu/workspace/vr_teleop/vr_rm75_ws/install/lsrx_rm75_dual_description/share/lsrx_rm75_dual_description/meshes/xb_camera_link_1.STL
-- Up-to-date: /home/moyu/workspace/vr_teleop/vr_rm75_ws/install/lsrx_rm75_dual_description/share/lsrx_rm75_dual_description/meshes/jb_link.STL
-- Up-to-date: /home/moyu/workspace/vr_teleop/vr_rm75_ws/install/lsrx_rm75_dual_description/share/lsrx_rm75_dual_description/meshes/ltool_Right_1_Link.STL
-- Up-to-date: /home/moyu/workspace/vr_teleop/vr_rm75_ws/install/lsrx_rm75_dual_description/share/lsrx_rm75_dual_description/meshes/ltool_Right_2_Link.STL
-- Up-to-date: /home/moyu/workspace/vr_teleop/vr_rm75_ws/install/lsrx_rm75_dual_description/share/lsrx_rm75_dual_description/meshes/base_link.STL
-- Up-to-date: /home/moyu/workspace/vr_teleop/vr_rm75_ws/install/lsrx_rm75_dual_description/share/lsrx_rm75_dual_description/meshes/rtool_Left_1_Link.STL
-- Up-to-date: /home/moyu/workspace/vr_teleop/vr_rm75_ws/install/lsrx_rm75_dual_description/share/lsrx_rm75_dual_description/meshes/rtool_Right_Support_Link.STL
-- Up-to-date: /home/moyu/workspace/vr_teleop/vr_rm75_ws/install/lsrx_rm75_dual_description/share/lsrx_rm75_dual_description/meshes/rm75
-- Up-to-date: /home/moyu/workspace/vr_teleop/vr_rm75_ws/install/lsrx_rm75_dual_description/share/lsrx_rm75_dual_description/meshes/rm75/link_6.STL
-- Up-to-date: /home/moyu/workspace/vr_teleop/vr_rm75_ws/install/lsrx_rm75_dual_description/share/lsrx_rm75_dual_description/meshes/rm75/link_2.STL
-- Up-to-date: /home/moyu/workspace/vr_teleop/vr_rm75_ws/install/lsrx_rm75_dual_description/share/lsrx_rm75_dual_description/meshes/rm75/link_7.STL
-- Up-to-date: /home/moyu/workspace/vr_teleop/vr_rm75_ws/install/lsrx_rm75_dual_description/share/lsrx_rm75_dual_description/meshes/rm75/camera_link.STL
-- Up-to-date: /home/moyu/workspace/vr_teleop/vr_rm75_ws/install/lsrx_rm75_dual_description/share/lsrx_rm75_dual_description/meshes/rm75/camera_rolink.STL
-- Up-to-date: /home/moyu/workspace/vr_teleop/vr_rm75_ws/install/lsrx_rm75_dual_description/share/lsrx_rm75_dual_description/meshes/rm75/link_5.STL
-- Up-to-date: /home/moyu/workspace/vr_teleop/vr_rm75_ws/install/lsrx_rm75_dual_description/share/lsrx_rm75_dual_description/meshes/rm75/base_link.STL
-- Up-to-date: /home/moyu/workspace/vr_teleop/vr_rm75_ws/install/lsrx_rm75_dual_description/share/lsrx_rm75_dual_description/meshes/rm75/link_4.STL
-- Up-to-date: /home/moyu/workspace/vr_teleop/vr_rm75_ws/install/lsrx_rm75_dual_description/share/lsrx_rm75_dual_description/meshes/rm75/link_3.STL
-- Up-to-date: /home/moyu/workspace/vr_teleop/vr_rm75_ws/install/lsrx_rm75_dual_description/share/lsrx_rm75_dual_description/meshes/rm75/link_1.STL
-- Up-to-date: /home/moyu/workspace/vr_teleop/vr_rm75_ws/install/lsrx_rm75_dual_description/share/lsrx_rm75_dual_description/meshes/xb_camera_link_2.STL
-- Up-to-date: /home/moyu/workspace/vr_teleop/vr_rm75_ws/install/lsrx_rm75_dual_description/share/lsrx_rm75_dual_description/meshes/rtool_Left_Support_Link.STL
-- Up-to-date: /home/moyu/workspace/vr_teleop/vr_rm75_ws/install/lsrx_rm75_dual_description/share/lsrx_rm75_dual_description/meshes/base_camera_link_1.STL
-- Up-to-date: /home/moyu/workspace/vr_teleop/vr_rm75_ws/install/lsrx_rm75_dual_description/share/lsrx_rm75_dual_description/meshes/xt_link_2.STL
-- Up-to-date: /home/moyu/workspace/vr_teleop/vr_rm75_ws/install/lsrx_rm75_dual_description/share/lsrx_rm75_dual_description/meshes/tb_camera_link.STL
-- Up-to-date: /home/moyu/workspace/vr_teleop/vr_rm75_ws/install/lsrx_rm75_dual_description/share/lsrx_rm75_dual_description/meshes/ltool_base_link.STL
-- Up-to-date: /home/moyu/workspace/vr_teleop/vr_rm75_ws/install/lsrx_rm75_dual_description/share/lsrx_rm75_dual_description/meshes/dt_link.STL
-- Up-to-date: /home/moyu/workspace/vr_teleop/vr_rm75_ws/install/lsrx_rm75_dual_description/share/lsrx_rm75_dual_description/meshes/wc_rear_right_link.STL
-- Up-to-date: /home/moyu/workspace/vr_teleop/vr_rm75_ws/install/lsrx_rm75_dual_description/share/lsrx_rm75_dual_description/meshes/wc_rear_left_link.STL
-- Up-to-date: /home/moyu/workspace/vr_teleop/vr_rm75_ws/install/lsrx_rm75_dual_description/share/lsrx_rm75_dual_description/meshes/rtool_Left_2_Link.STL
-- Up-to-date: /home/moyu/workspace/vr_teleop/vr_rm75_ws/install/lsrx_rm75_dual_description/share/lsrx_rm75_dual_description/meshes/xb_link.STL
-- Up-to-date: /home/moyu/workspace/vr_teleop/vr_rm75_ws/install/lsrx_rm75_dual_description/share/lsrx_rm75_dual_description/meshes/xt_link_1.STL
-- Up-to-date: /home/moyu/workspace/vr_teleop/vr_rm75_ws/install/lsrx_rm75_dual_description/share/lsrx_rm75_dual_description/launch
-- Up-to-date: /home/moyu/workspace/vr_teleop/vr_rm75_ws/install/lsrx_rm75_dual_description/share/lsrx_rm75_dual_description/launch/display_dual.launch.py
-- Up-to-date: /home/moyu/workspace/vr_teleop/vr_rm75_ws/install/lsrx_rm75_dual_description/share/lsrx_rm75_dual_description/launch/display.launch
-- Up-to-date: /home/moyu/workspace/vr_teleop/vr_rm75_ws/install/lsrx_rm75_dual_description/share/ament_index/resource_index/package_run_dependencies/lsrx_rm75_dual_description
-- Up-to-date: /home/moyu/workspace/vr_teleop/vr_rm75_ws/install/lsrx_rm75_dual_description/share/ament_index/resource_index/parent_prefix_path/lsrx_rm75_dual_description
-- Up-to-date: /home/moyu/workspace/vr_teleop/vr_rm75_ws/install/lsrx_rm75_dual_description/share/lsrx_rm75_dual_description/environment/ament_prefix_path.sh
-- Up-to-date: /home/moyu/workspace/vr_teleop/vr_rm75_ws/install/lsrx_rm75_dual_description/share/lsrx_rm75_dual_description/environment/ament_prefix_path.dsv
-- Up-to-date: /home/moyu/workspace/vr_teleop/vr_rm75_ws/install/lsrx_rm75_dual_description/share/lsrx_rm75_dual_description/environment/path.sh
-- Up-to-date: /home/moyu/workspace/vr_teleop/vr_rm75_ws/install/lsrx_rm75_dual_description/share/lsrx_rm75_dual_description/environment/path.dsv
-- Up-to-date: /home/moyu/workspace/vr_teleop/vr_rm75_ws/install/lsrx_rm75_dual_description/share/lsrx_rm75_dual_description/local_setup.bash
-- Up-to-date: /home/moyu/workspace/vr_teleop/vr_rm75_ws/install/lsrx_rm75_dual_description/share/lsrx_rm75_dual_description/local_setup.sh
-- Up-to-date: /home/moyu/workspace/vr_teleop/vr_rm75_ws/install/lsrx_rm75_dual_description/share/lsrx_rm75_dual_description/local_setup.zsh
-- Up-to-date: /home/moyu/workspace/vr_teleop/vr_rm75_ws/install/lsrx_rm75_dual_description/share/lsrx_rm75_dual_description/local_setup.dsv
-- Installing: /home/moyu/workspace/vr_teleop/vr_rm75_ws/install/lsrx_rm75_dual_description/share/lsrx_rm75_dual_description/package.dsv
-- Up-to-date: /home/moyu/workspace/vr_teleop/vr_rm75_ws/install/lsrx_rm75_dual_description/share/ament_index/resource_index/packages/lsrx_rm75_dual_description
-- Up-to-date: /home/moyu/workspace/vr_teleop/vr_rm75_ws/install/lsrx_rm75_dual_description/share/lsrx_rm75_dual_description/cmake/lsrx_rm75_dual_descriptionConfig.cmake
-- Up-to-date: /home/moyu/workspace/vr_teleop/vr_rm75_ws/install/lsrx_rm75_dual_description/share/lsrx_rm75_dual_description/cmake/lsrx_rm75_dual_descriptionConfig-version.cmake
-- Up-to-date: /home/moyu/workspace/vr_teleop/vr_rm75_ws/install/lsrx_rm75_dual_description/share/lsrx_rm75_dual_description/package.xml
