[0.008s] Invoking command in '/home/moyu/workspace/vr_teleop/vr_rm75_ws/build/lsrx_rm75_dual_description': CMAKE_PREFIX_PATH=/opt/ros/humble /usr/bin/cmake --build /home/moyu/workspace/vr_teleop/vr_rm75_ws/build/lsrx_rm75_dual_description -- -j32 -l32
[0.046s] Invoked command in '/home/moyu/workspace/vr_teleop/vr_rm75_ws/build/lsrx_rm75_dual_description' returned '0': CMAKE_PREFIX_PATH=/opt/ros/humble /usr/bin/cmake --build /home/moyu/workspace/vr_teleop/vr_rm75_ws/build/lsrx_rm75_dual_description -- -j32 -l32
[0.058s] Invoking command in '/home/moyu/workspace/vr_teleop/vr_rm75_ws/build/lsrx_rm75_dual_description': CMAKE_PREFIX_PATH=/opt/ros/humble /usr/bin/cmake --install /home/moyu/workspace/vr_teleop/vr_rm75_ws/build/lsrx_rm75_dual_description
[0.065s] -- Install configuration: ""
[0.065s] -- Up-to-date: /home/moyu/workspace/vr_teleop/vr_rm75_ws/install/lsrx_rm75_dual_description/share/lsrx_rm75_dual_description/urdf
[0.065s] -- Up-to-date: /home/moyu/workspace/vr_teleop/vr_rm75_ws/install/lsrx_rm75_dual_description/share/lsrx_rm75_dual_description/urdf/LSRX_RM75_DUAL_zero_pose.png
[0.066s] -- Installing: /home/moyu/workspace/vr_teleop/vr_rm75_ws/install/lsrx_rm75_dual_description/share/lsrx_rm75_dual_description/urdf/LSRX_RM75_DUAL.urdf
[0.066s] -- Up-to-date: /home/moyu/workspace/vr_teleop/vr_rm75_ws/install/lsrx_rm75_dual_description/share/lsrx_rm75_dual_description/meshes
[0.066s] -- Up-to-date: /home/moyu/workspace/vr_teleop/vr_rm75_ws/install/lsrx_rm75_dual_description/share/lsrx_rm75_dual_description/meshes/base_link_2.STL
[0.066s] -- Up-to-date: /home/moyu/workspace/vr_teleop/vr_rm75_ws/install/lsrx_rm75_dual_description/share/lsrx_rm75_dual_description/meshes/yb_link.STL
[0.066s] -- Up-to-date: /home/moyu/workspace/vr_teleop/vr_rm75_ws/install/lsrx_rm75_dual_description/share/lsrx_rm75_dual_description/meshes/rtool_Right_2_Link.STL
[0.067s] -- Up-to-date: /home/moyu/workspace/vr_teleop/vr_rm75_ws/install/lsrx_rm75_dual_description/share/lsrx_rm75_dual_description/meshes/tb_link.STL
[0.067s] -- Up-to-date: /home/moyu/workspace/vr_teleop/vr_rm75_ws/install/lsrx_rm75_dual_description/share/lsrx_rm75_dual_description/meshes/ltool_Right_Support_Link.STL
[0.068s] -- Up-to-date: /home/moyu/workspace/vr_teleop/vr_rm75_ws/install/lsrx_rm75_dual_description/share/lsrx_rm75_dual_description/meshes/ltool_Left_Support_Link.STL
[0.068s] -- Up-to-date: /home/moyu/workspace/vr_teleop/vr_rm75_ws/install/lsrx_rm75_dual_description/share/lsrx_rm75_dual_description/meshes/ltool_Left_2_Link.STL
[0.068s] -- Up-to-date: /home/moyu/workspace/vr_teleop/vr_rm75_ws/install/lsrx_rm75_dual_description/share/lsrx_rm75_dual_description/meshes/rtool_Right_1_Link.STL
[0.068s] -- Up-to-date: /home/moyu/workspace/vr_teleop/vr_rm75_ws/install/lsrx_rm75_dual_description/share/lsrx_rm75_dual_description/meshes/xb_camera_link_3.STL
[0.068s] -- Up-to-date: /home/moyu/workspace/vr_teleop/vr_rm75_ws/install/lsrx_rm75_dual_description/share/lsrx_rm75_dual_description/meshes/ltool_Left_1_Link.STL
[0.069s] -- Up-to-date: /home/moyu/workspace/vr_teleop/vr_rm75_ws/install/lsrx_rm75_dual_description/share/lsrx_rm75_dual_description/meshes/wl_link.STL
[0.069s] -- Up-to-date: /home/moyu/workspace/vr_teleop/vr_rm75_ws/install/lsrx_rm75_dual_description/share/lsrx_rm75_dual_description/meshes/rtool_base_link.STL
[0.069s] -- Up-to-date: /home/moyu/workspace/vr_teleop/vr_rm75_ws/install/lsrx_rm75_dual_description/share/lsrx_rm75_dual_description/meshes/wc_front_right_link.STL
[0.069s] -- Up-to-date: /home/moyu/workspace/vr_teleop/vr_rm75_ws/install/lsrx_rm75_dual_description/share/lsrx_rm75_dual_description/meshes/wc_front_left_link.STL
[0.070s] -- Up-to-date: /home/moyu/workspace/vr_teleop/vr_rm75_ws/install/lsrx_rm75_dual_description/share/lsrx_rm75_dual_description/meshes/wr_link.STL
[0.070s] -- Up-to-date: /home/moyu/workspace/vr_teleop/vr_rm75_ws/install/lsrx_rm75_dual_description/share/lsrx_rm75_dual_description/meshes/base_camera_link_2.STL
[0.070s] -- Up-to-date: /home/moyu/workspace/vr_teleop/vr_rm75_ws/install/lsrx_rm75_dual_description/share/lsrx_rm75_dual_description/meshes/xb_camera_link_1.STL
[0.070s] -- Up-to-date: /home/moyu/workspace/vr_teleop/vr_rm75_ws/install/lsrx_rm75_dual_description/share/lsrx_rm75_dual_description/meshes/jb_link.STL
[0.071s] -- Up-to-date: /home/moyu/workspace/vr_teleop/vr_rm75_ws/install/lsrx_rm75_dual_description/share/lsrx_rm75_dual_description/meshes/ltool_Right_1_Link.STL
[0.071s] -- Up-to-date: /home/moyu/workspace/vr_teleop/vr_rm75_ws/install/lsrx_rm75_dual_description/share/lsrx_rm75_dual_description/meshes/ltool_Right_2_Link.STL
[0.071s] -- Up-to-date: /home/moyu/workspace/vr_teleop/vr_rm75_ws/install/lsrx_rm75_dual_description/share/lsrx_rm75_dual_description/meshes/base_link.STL
[0.071s] -- Up-to-date: /home/moyu/workspace/vr_teleop/vr_rm75_ws/install/lsrx_rm75_dual_description/share/lsrx_rm75_dual_description/meshes/rtool_Left_1_Link.STL
[0.071s] -- Up-to-date: /home/moyu/workspace/vr_teleop/vr_rm75_ws/install/lsrx_rm75_dual_description/share/lsrx_rm75_dual_description/meshes/rtool_Right_Support_Link.STL
[0.071s] -- Up-to-date: /home/moyu/workspace/vr_teleop/vr_rm75_ws/install/lsrx_rm75_dual_description/share/lsrx_rm75_dual_description/meshes/rm75
[0.071s] -- Up-to-date: /home/moyu/workspace/vr_teleop/vr_rm75_ws/install/lsrx_rm75_dual_description/share/lsrx_rm75_dual_description/meshes/rm75/link_6.STL
[0.072s] -- Up-to-date: /home/moyu/workspace/vr_teleop/vr_rm75_ws/install/lsrx_rm75_dual_description/share/lsrx_rm75_dual_description/meshes/rm75/link_2.STL
[0.072s] -- Up-to-date: /home/moyu/workspace/vr_teleop/vr_rm75_ws/install/lsrx_rm75_dual_description/share/lsrx_rm75_dual_description/meshes/rm75/link_7.STL
[0.072s] -- Up-to-date: /home/moyu/workspace/vr_teleop/vr_rm75_ws/install/lsrx_rm75_dual_description/share/lsrx_rm75_dual_description/meshes/rm75/camera_link.STL
[0.073s] -- Up-to-date: /home/moyu/workspace/vr_teleop/vr_rm75_ws/install/lsrx_rm75_dual_description/share/lsrx_rm75_dual_description/meshes/rm75/camera_rolink.STL
[0.073s] -- Up-to-date: /home/moyu/workspace/vr_teleop/vr_rm75_ws/install/lsrx_rm75_dual_description/share/lsrx_rm75_dual_description/meshes/rm75/link_5.STL
[0.073s] -- Up-to-date: /home/moyu/workspace/vr_teleop/vr_rm75_ws/install/lsrx_rm75_dual_description/share/lsrx_rm75_dual_description/meshes/rm75/base_link.STL
[0.074s] -- Up-to-date: /home/moyu/workspace/vr_teleop/vr_rm75_ws/install/lsrx_rm75_dual_description/share/lsrx_rm75_dual_description/meshes/rm75/link_4.STL
[0.074s] -- Up-to-date: /home/moyu/workspace/vr_teleop/vr_rm75_ws/install/lsrx_rm75_dual_description/share/lsrx_rm75_dual_description/meshes/rm75/link_3.STL
[0.075s] -- Up-to-date: /home/moyu/workspace/vr_teleop/vr_rm75_ws/install/lsrx_rm75_dual_description/share/lsrx_rm75_dual_description/meshes/rm75/link_1.STL
[0.076s] -- Up-to-date: /home/moyu/workspace/vr_teleop/vr_rm75_ws/install/lsrx_rm75_dual_description/share/lsrx_rm75_dual_description/meshes/xb_camera_link_2.STL
[0.076s] -- Up-to-date: /home/moyu/workspace/vr_teleop/vr_rm75_ws/install/lsrx_rm75_dual_description/share/lsrx_rm75_dual_description/meshes/rtool_Left_Support_Link.STL
[0.076s] -- Up-to-date: /home/moyu/workspace/vr_teleop/vr_rm75_ws/install/lsrx_rm75_dual_description/share/lsrx_rm75_dual_description/meshes/base_camera_link_1.STL
[0.077s] -- Up-to-date: /home/moyu/workspace/vr_teleop/vr_rm75_ws/install/lsrx_rm75_dual_description/share/lsrx_rm75_dual_description/meshes/xt_link_2.STL
[0.077s] -- Up-to-date: /home/moyu/workspace/vr_teleop/vr_rm75_ws/install/lsrx_rm75_dual_description/share/lsrx_rm75_dual_description/meshes/tb_camera_link.STL
[0.077s] -- Up-to-date: /home/moyu/workspace/vr_teleop/vr_rm75_ws/install/lsrx_rm75_dual_description/share/lsrx_rm75_dual_description/meshes/ltool_base_link.STL
[0.078s] -- Up-to-date: /home/moyu/workspace/vr_teleop/vr_rm75_ws/install/lsrx_rm75_dual_description/share/lsrx_rm75_dual_description/meshes/dt_link.STL
[0.078s] -- Up-to-date: /home/moyu/workspace/vr_teleop/vr_rm75_ws/install/lsrx_rm75_dual_description/share/lsrx_rm75_dual_description/meshes/wc_rear_right_link.STL
[0.078s] -- Up-to-date: /home/moyu/workspace/vr_teleop/vr_rm75_ws/install/lsrx_rm75_dual_description/share/lsrx_rm75_dual_description/meshes/wc_rear_left_link.STL
[0.079s] -- Up-to-date: /home/moyu/workspace/vr_teleop/vr_rm75_ws/install/lsrx_rm75_dual_description/share/lsrx_rm75_dual_description/meshes/rtool_Left_2_Link.STL
[0.079s] -- Up-to-date: /home/moyu/workspace/vr_teleop/vr_rm75_ws/install/lsrx_rm75_dual_description/share/lsrx_rm75_dual_description/meshes/xb_link.STL
[0.079s] -- Up-to-date: /home/moyu/workspace/vr_teleop/vr_rm75_ws/install/lsrx_rm75_dual_description/share/lsrx_rm75_dual_description/meshes/xt_link_1.STL
[0.079s] -- Up-to-date: /home/moyu/workspace/vr_teleop/vr_rm75_ws/install/lsrx_rm75_dual_description/share/lsrx_rm75_dual_description/launch
[0.080s] -- Up-to-date: /home/moyu/workspace/vr_teleop/vr_rm75_ws/install/lsrx_rm75_dual_description/share/lsrx_rm75_dual_description/launch/display_dual.launch.py
[0.080s] -- Up-to-date: /home/moyu/workspace/vr_teleop/vr_rm75_ws/install/lsrx_rm75_dual_description/share/lsrx_rm75_dual_description/launch/display.launch
[0.080s] -- Up-to-date: /home/moyu/workspace/vr_teleop/vr_rm75_ws/install/lsrx_rm75_dual_description/share/ament_index/resource_index/package_run_dependencies/lsrx_rm75_dual_description
[0.080s] -- Up-to-date: /home/moyu/workspace/vr_teleop/vr_rm75_ws/install/lsrx_rm75_dual_description/share/ament_index/resource_index/parent_prefix_path/lsrx_rm75_dual_description
[0.080s] -- Up-to-date: /home/moyu/workspace/vr_teleop/vr_rm75_ws/install/lsrx_rm75_dual_description/share/lsrx_rm75_dual_description/environment/ament_prefix_path.sh
[0.080s] -- Up-to-date: /home/moyu/workspace/vr_teleop/vr_rm75_ws/install/lsrx_rm75_dual_description/share/lsrx_rm75_dual_description/environment/ament_prefix_path.dsv
[0.080s] -- Up-to-date: /home/moyu/workspace/vr_teleop/vr_rm75_ws/install/lsrx_rm75_dual_description/share/lsrx_rm75_dual_description/environment/path.sh
[0.081s] -- Up-to-date: /home/moyu/workspace/vr_teleop/vr_rm75_ws/install/lsrx_rm75_dual_description/share/lsrx_rm75_dual_description/environment/path.dsv
[0.081s] -- Up-to-date: /home/moyu/workspace/vr_teleop/vr_rm75_ws/install/lsrx_rm75_dual_description/share/lsrx_rm75_dual_description/local_setup.bash
[0.081s] -- Up-to-date: /home/moyu/workspace/vr_teleop/vr_rm75_ws/install/lsrx_rm75_dual_description/share/lsrx_rm75_dual_description/local_setup.sh
[0.081s] -- Up-to-date: /home/moyu/workspace/vr_teleop/vr_rm75_ws/install/lsrx_rm75_dual_description/share/lsrx_rm75_dual_description/local_setup.zsh
[0.081s] -- Up-to-date: /home/moyu/workspace/vr_teleop/vr_rm75_ws/install/lsrx_rm75_dual_description/share/lsrx_rm75_dual_description/local_setup.dsv
[0.082s] -- Installing: /home/moyu/workspace/vr_teleop/vr_rm75_ws/install/lsrx_rm75_dual_description/share/lsrx_rm75_dual_description/package.dsv
[0.082s] -- Up-to-date: /home/moyu/workspace/vr_teleop/vr_rm75_ws/install/lsrx_rm75_dual_description/share/ament_index/resource_index/packages/lsrx_rm75_dual_description
[0.082s] -- Up-to-date: /home/moyu/workspace/vr_teleop/vr_rm75_ws/install/lsrx_rm75_dual_description/share/lsrx_rm75_dual_description/cmake/lsrx_rm75_dual_descriptionConfig.cmake
[0.082s] -- Up-to-date: /home/moyu/workspace/vr_teleop/vr_rm75_ws/install/lsrx_rm75_dual_description/share/lsrx_rm75_dual_description/cmake/lsrx_rm75_dual_descriptionConfig-version.cmake
[0.082s] -- Up-to-date: /home/moyu/workspace/vr_teleop/vr_rm75_ws/install/lsrx_rm75_dual_description/share/lsrx_rm75_dual_description/package.xml
[0.083s] Invoked command in '/home/moyu/workspace/vr_teleop/vr_rm75_ws/build/lsrx_rm75_dual_description' returned '0': CMAKE_PREFIX_PATH=/opt/ros/humble /usr/bin/cmake --install /home/moyu/workspace/vr_teleop/vr_rm75_ws/build/lsrx_rm75_dual_description
