running develop
running egg_info
creating vr_rm75_teleop.egg-info
writing vr_rm75_teleop.egg-info/PKG-INFO
writing dependency_links to vr_rm75_teleop.egg-info/dependency_links.txt
writing entry points to vr_rm75_teleop.egg-info/entry_points.txt
writing requirements to vr_rm75_teleop.egg-info/requires.txt
writing top-level names to vr_rm75_teleop.egg-info/top_level.txt
writing manifest file 'vr_rm75_teleop.egg-info/SOURCES.txt'
reading manifest file 'vr_rm75_teleop.egg-info/SOURCES.txt'
writing manifest file 'vr_rm75_teleop.egg-info/SOURCES.txt'
running build_ext
Creating /home/moyu/workspace/vr_teleop/vr_rm75_ws/install/vr_rm75_teleop/lib/python3.10/site-packages/vr-rm75-teleop.egg-link (link to .)

Installed /home/moyu/workspace/vr_teleop/vr_rm75_ws/build/vr_rm75_teleop
running symlink_data
creating /home/moyu/workspace/vr_teleop/vr_rm75_ws/install/vr_rm75_teleop/share/ament_index
creating /home/moyu/workspace/vr_teleop/vr_rm75_ws/install/vr_rm75_teleop/share/ament_index/resource_index
creating /home/moyu/workspace/vr_teleop/vr_rm75_ws/install/vr_rm75_teleop/share/ament_index/resource_index/packages
symbolically linking /home/moyu/workspace/vr_teleop/vr_rm75_ws/build/vr_rm75_teleop/resource/vr_rm75_teleop -> /home/moyu/workspace/vr_teleop/vr_rm75_ws/install/vr_rm75_teleop/share/ament_index/resource_index/packages
symbolically linking /home/moyu/workspace/vr_teleop/vr_rm75_ws/build/vr_rm75_teleop/package.xml -> /home/moyu/workspace/vr_teleop/vr_rm75_ws/install/vr_rm75_teleop/share/vr_rm75_teleop
