[0.357s] Invoking command in '/home/moyu/workspace/vr_teleop/vr_rm75_ws/build/vr_rm75_teleop': PYTHONPATH=/home/moyu/workspace/vr_teleop/vr_rm75_ws/build/vr_rm75_teleop/prefix_override:/usr/lib/python3/dist-packages/colcon_core/task/python/colcon_distutils_commands:/home/moyu/workspace/vr_teleop/vr_rm75_ws/install/vr_rm75_teleop/lib/python3.10/site-packages:${PYTHONPATH} /usr/bin/python3 -W ignore:setup.py install is deprecated -W ignore:easy_install command is deprecated setup.py develop --editable --build-directory /home/moyu/workspace/vr_teleop/vr_rm75_ws/build/vr_rm75_teleop/build --no-deps symlink_data
[0.510s] running develop
[0.592s] running egg_info
[0.592s] creating vr_rm75_teleop.egg-info
[0.592s] writing vr_rm75_teleop.egg-info/PKG-INFO
[0.592s] writing dependency_links to vr_rm75_teleop.egg-info/dependency_links.txt
[0.592s] writing entry points to vr_rm75_teleop.egg-info/entry_points.txt
[0.592s] writing requirements to vr_rm75_teleop.egg-info/requires.txt
[0.592s] writing top-level names to vr_rm75_teleop.egg-info/top_level.txt
[0.592s] writing manifest file 'vr_rm75_teleop.egg-info/SOURCES.txt'
[0.593s] reading manifest file 'vr_rm75_teleop.egg-info/SOURCES.txt'
[0.593s] writing manifest file 'vr_rm75_teleop.egg-info/SOURCES.txt'
[0.594s] running build_ext
[0.594s] Creating /home/moyu/workspace/vr_teleop/vr_rm75_ws/install/vr_rm75_teleop/lib/python3.10/site-packages/vr-rm75-teleop.egg-link (link to .)
[0.594s] 
[0.594s] Installed /home/moyu/workspace/vr_teleop/vr_rm75_ws/build/vr_rm75_teleop
[0.594s] running symlink_data
[0.595s] creating /home/moyu/workspace/vr_teleop/vr_rm75_ws/install/vr_rm75_teleop/share/ament_index
[0.595s] creating /home/moyu/workspace/vr_teleop/vr_rm75_ws/install/vr_rm75_teleop/share/ament_index/resource_index
[0.595s] creating /home/moyu/workspace/vr_teleop/vr_rm75_ws/install/vr_rm75_teleop/share/ament_index/resource_index/packages
[0.595s] symbolically linking /home/moyu/workspace/vr_teleop/vr_rm75_ws/build/vr_rm75_teleop/resource/vr_rm75_teleop -> /home/moyu/workspace/vr_teleop/vr_rm75_ws/install/vr_rm75_teleop/share/ament_index/resource_index/packages
[0.595s] symbolically linking /home/moyu/workspace/vr_teleop/vr_rm75_ws/build/vr_rm75_teleop/package.xml -> /home/moyu/workspace/vr_teleop/vr_rm75_ws/install/vr_rm75_teleop/share/vr_rm75_teleop
[0.609s] Invoked command in '/home/moyu/workspace/vr_teleop/vr_rm75_ws/build/vr_rm75_teleop' returned '0': PYTHONPATH=/home/moyu/workspace/vr_teleop/vr_rm75_ws/build/vr_rm75_teleop/prefix_override:/usr/lib/python3/dist-packages/colcon_core/task/python/colcon_distutils_commands:/home/moyu/workspace/vr_teleop/vr_rm75_ws/install/vr_rm75_teleop/lib/python3.10/site-packages:${PYTHONPATH} /usr/bin/python3 -W ignore:setup.py install is deprecated -W ignore:easy_install command is deprecated setup.py develop --editable --build-directory /home/moyu/workspace/vr_teleop/vr_rm75_ws/build/vr_rm75_teleop/build --no-deps symlink_data
