-- The C compiler identification is GNU 11.4.0
-- The CXX compiler identification is GNU 11.4.0
-- Detecting C compiler ABI info
-- Detecting C compiler ABI info - done
-- Check for working C compiler: /usr/bin/cc - skipped
-- Detecting C compile features
-- Detecting C compile features - done
-- Detecting CXX compiler ABI info
-- Detecting CXX compiler ABI info - done
-- Check for working CXX compiler: /usr/bin/c++ - skipped
-- Detecting CXX compile features
-- Detecting CXX compile features - done
-- Found ament_cmake: 1.3.14 (/opt/ros/humble/share/ament_cmake/cmake)
-- Found Python3: /usr/bin/python3 (found version "3.10.12") found components: Interpreter 
-- Configuring done
-- Generating done
-- Build files have been written to: /home/moyu/workspace/vr_teleop/vr_rm75_ws/build/lsrx_rm75_dual_description
-- Install configuration: ""
-- Installing: /home/moyu/workspace/vr_teleop/vr_rm75_ws/install/lsrx_rm75_dual_description/share/lsrx_rm75_dual_description/urdf
-- Installing: /home/moyu/workspace/vr_teleop/vr_rm75_ws/install/lsrx_rm75_dual_description/share/lsrx_rm75_dual_description/urdf/LSRX_RM75_DUAL_zero_pose.png
-- Installing: /home/moyu/workspace/vr_teleop/vr_rm75_ws/install/lsrx_rm75_dual_description/share/lsrx_rm75_dual_description/urdf/LSRX_RM75_DUAL.urdf
-- Installing: /home/moyu/workspace/vr_teleop/vr_rm75_ws/install/lsrx_rm75_dual_description/share/lsrx_rm75_dual_description/meshes
-- Installing: /home/moyu/workspace/vr_teleop/vr_rm75_ws/install/lsrx_rm75_dual_description/share/lsrx_rm75_dual_description/meshes/base_link_2.STL
-- Installing: /home/moyu/workspace/vr_teleop/vr_rm75_ws/install/lsrx_rm75_dual_description/share/lsrx_rm75_dual_description/meshes/yb_link.STL
-- Installing: /home/moyu/workspace/vr_teleop/vr_rm75_ws/install/lsrx_rm75_dual_description/share/lsrx_rm75_dual_description/meshes/rtool_Right_2_Link.STL
-- Installing: /home/moyu/workspace/vr_teleop/vr_rm75_ws/install/lsrx_rm75_dual_description/share/lsrx_rm75_dual_description/meshes/tb_link.STL
-- Installing: /home/moyu/workspace/vr_teleop/vr_rm75_ws/install/lsrx_rm75_dual_description/share/lsrx_rm75_dual_description/meshes/ltool_Right_Support_Link.STL
-- Installing: /home/moyu/workspace/vr_teleop/vr_rm75_ws/install/lsrx_rm75_dual_description/share/lsrx_rm75_dual_description/meshes/ltool_Left_Support_Link.STL
-- Installing: /home/moyu/workspace/vr_teleop/vr_rm75_ws/install/lsrx_rm75_dual_description/share/lsrx_rm75_dual_description/meshes/ltool_Left_2_Link.STL
-- Installing: /home/moyu/workspace/vr_teleop/vr_rm75_ws/install/lsrx_rm75_dual_description/share/lsrx_rm75_dual_description/meshes/rtool_Right_1_Link.STL
-- Installing: /home/moyu/workspace/vr_teleop/vr_rm75_ws/install/lsrx_rm75_dual_description/share/lsrx_rm75_dual_description/meshes/xb_camera_link_3.STL
-- Installing: /home/moyu/workspace/vr_teleop/vr_rm75_ws/install/lsrx_rm75_dual_description/share/lsrx_rm75_dual_description/meshes/ltool_Left_1_Link.STL
-- Installing: /home/moyu/workspace/vr_teleop/vr_rm75_ws/install/lsrx_rm75_dual_description/share/lsrx_rm75_dual_description/meshes/wl_link.STL
-- Installing: /home/moyu/workspace/vr_teleop/vr_rm75_ws/install/lsrx_rm75_dual_description/share/lsrx_rm75_dual_description/meshes/rtool_base_link.STL
-- Installing: /home/moyu/workspace/vr_teleop/vr_rm75_ws/install/lsrx_rm75_dual_description/share/lsrx_rm75_dual_description/meshes/wc_front_right_link.STL
-- Installing: /home/moyu/workspace/vr_teleop/vr_rm75_ws/install/lsrx_rm75_dual_description/share/lsrx_rm75_dual_description/meshes/wc_front_left_link.STL
-- Installing: /home/moyu/workspace/vr_teleop/vr_rm75_ws/install/lsrx_rm75_dual_description/share/lsrx_rm75_dual_description/meshes/wr_link.STL
-- Installing: /home/moyu/workspace/vr_teleop/vr_rm75_ws/install/lsrx_rm75_dual_description/share/lsrx_rm75_dual_description/meshes/base_camera_link_2.STL
-- Installing: /home/moyu/workspace/vr_teleop/vr_rm75_ws/install/lsrx_rm75_dual_description/share/lsrx_rm75_dual_description/meshes/xb_camera_link_1.STL
-- Installing: /home/moyu/workspace/vr_teleop/vr_rm75_ws/install/lsrx_rm75_dual_description/share/lsrx_rm75_dual_description/meshes/jb_link.STL
-- Installing: /home/moyu/workspace/vr_teleop/vr_rm75_ws/install/lsrx_rm75_dual_description/share/lsrx_rm75_dual_description/meshes/ltool_Right_1_Link.STL
-- Installing: /home/moyu/workspace/vr_teleop/vr_rm75_ws/install/lsrx_rm75_dual_description/share/lsrx_rm75_dual_description/meshes/ltool_Right_2_Link.STL
-- Installing: /home/moyu/workspace/vr_teleop/vr_rm75_ws/install/lsrx_rm75_dual_description/share/lsrx_rm75_dual_description/meshes/base_link.STL
-- Installing: /home/moyu/workspace/vr_teleop/vr_rm75_ws/install/lsrx_rm75_dual_description/share/lsrx_rm75_dual_description/meshes/rtool_Left_1_Link.STL
-- Installing: /home/moyu/workspace/vr_teleop/vr_rm75_ws/install/lsrx_rm75_dual_description/share/lsrx_rm75_dual_description/meshes/rtool_Right_Support_Link.STL
-- Installing: /home/moyu/workspace/vr_teleop/vr_rm75_ws/install/lsrx_rm75_dual_description/share/lsrx_rm75_dual_description/meshes/rm75
-- Installing: /home/moyu/workspace/vr_teleop/vr_rm75_ws/install/lsrx_rm75_dual_description/share/lsrx_rm75_dual_description/meshes/rm75/link_6.STL
-- Installing: /home/moyu/workspace/vr_teleop/vr_rm75_ws/install/lsrx_rm75_dual_description/share/lsrx_rm75_dual_description/meshes/rm75/link_2.STL
-- Installing: /home/moyu/workspace/vr_teleop/vr_rm75_ws/install/lsrx_rm75_dual_description/share/lsrx_rm75_dual_description/meshes/rm75/link_7.STL
-- Installing: /home/moyu/workspace/vr_teleop/vr_rm75_ws/install/lsrx_rm75_dual_description/share/lsrx_rm75_dual_description/meshes/rm75/camera_link.STL
-- Installing: /home/moyu/workspace/vr_teleop/vr_rm75_ws/install/lsrx_rm75_dual_description/share/lsrx_rm75_dual_description/meshes/rm75/camera_rolink.STL
-- Installing: /home/moyu/workspace/vr_teleop/vr_rm75_ws/install/lsrx_rm75_dual_description/share/lsrx_rm75_dual_description/meshes/rm75/link_5.STL
-- Installing: /home/moyu/workspace/vr_teleop/vr_rm75_ws/install/lsrx_rm75_dual_description/share/lsrx_rm75_dual_description/meshes/rm75/base_link.STL
-- Installing: /home/moyu/workspace/vr_teleop/vr_rm75_ws/install/lsrx_rm75_dual_description/share/lsrx_rm75_dual_description/meshes/rm75/link_4.STL
-- Installing: /home/moyu/workspace/vr_teleop/vr_rm75_ws/install/lsrx_rm75_dual_description/share/lsrx_rm75_dual_description/meshes/rm75/link_3.STL
-- Installing: /home/moyu/workspace/vr_teleop/vr_rm75_ws/install/lsrx_rm75_dual_description/share/lsrx_rm75_dual_description/meshes/rm75/link_1.STL
-- Installing: /home/moyu/workspace/vr_teleop/vr_rm75_ws/install/lsrx_rm75_dual_description/share/lsrx_rm75_dual_description/meshes/xb_camera_link_2.STL
-- Installing: /home/moyu/workspace/vr_teleop/vr_rm75_ws/install/lsrx_rm75_dual_description/share/lsrx_rm75_dual_description/meshes/rtool_Left_Support_Link.STL
-- Installing: /home/moyu/workspace/vr_teleop/vr_rm75_ws/install/lsrx_rm75_dual_description/share/lsrx_rm75_dual_description/meshes/base_camera_link_1.STL
-- Installing: /home/moyu/workspace/vr_teleop/vr_rm75_ws/install/lsrx_rm75_dual_description/share/lsrx_rm75_dual_description/meshes/xt_link_2.STL
-- Installing: /home/moyu/workspace/vr_teleop/vr_rm75_ws/install/lsrx_rm75_dual_description/share/lsrx_rm75_dual_description/meshes/tb_camera_link.STL
-- Installing: /home/moyu/workspace/vr_teleop/vr_rm75_ws/install/lsrx_rm75_dual_description/share/lsrx_rm75_dual_description/meshes/ltool_base_link.STL
-- Installing: /home/moyu/workspace/vr_teleop/vr_rm75_ws/install/lsrx_rm75_dual_description/share/lsrx_rm75_dual_description/meshes/dt_link.STL
-- Installing: /home/moyu/workspace/vr_teleop/vr_rm75_ws/install/lsrx_rm75_dual_description/share/lsrx_rm75_dual_description/meshes/wc_rear_right_link.STL
-- Installing: /home/moyu/workspace/vr_teleop/vr_rm75_ws/install/lsrx_rm75_dual_description/share/lsrx_rm75_dual_description/meshes/wc_rear_left_link.STL
-- Installing: /home/moyu/workspace/vr_teleop/vr_rm75_ws/install/lsrx_rm75_dual_description/share/lsrx_rm75_dual_description/meshes/rtool_Left_2_Link.STL
-- Installing: /home/moyu/workspace/vr_teleop/vr_rm75_ws/install/lsrx_rm75_dual_description/share/lsrx_rm75_dual_description/meshes/xb_link.STL
-- Installing: /home/moyu/workspace/vr_teleop/vr_rm75_ws/install/lsrx_rm75_dual_description/share/lsrx_rm75_dual_description/meshes/xt_link_1.STL
-- Installing: /home/moyu/workspace/vr_teleop/vr_rm75_ws/install/lsrx_rm75_dual_description/share/lsrx_rm75_dual_description/launch
-- Installing: /home/moyu/workspace/vr_teleop/vr_rm75_ws/install/lsrx_rm75_dual_description/share/lsrx_rm75_dual_description/launch/display_dual.launch.py
-- Installing: /home/moyu/workspace/vr_teleop/vr_rm75_ws/install/lsrx_rm75_dual_description/share/lsrx_rm75_dual_description/launch/display.launch
-- Installing: /home/moyu/workspace/vr_teleop/vr_rm75_ws/install/lsrx_rm75_dual_description/share/ament_index/resource_index/package_run_dependencies/lsrx_rm75_dual_description
-- Installing: /home/moyu/workspace/vr_teleop/vr_rm75_ws/install/lsrx_rm75_dual_description/share/ament_index/resource_index/parent_prefix_path/lsrx_rm75_dual_description
-- Installing: /home/moyu/workspace/vr_teleop/vr_rm75_ws/install/lsrx_rm75_dual_description/share/lsrx_rm75_dual_description/environment/ament_prefix_path.sh
-- Installing: /home/moyu/workspace/vr_teleop/vr_rm75_ws/install/lsrx_rm75_dual_description/share/lsrx_rm75_dual_description/environment/ament_prefix_path.dsv
-- Installing: /home/moyu/workspace/vr_teleop/vr_rm75_ws/install/lsrx_rm75_dual_description/share/lsrx_rm75_dual_description/environment/path.sh
-- Installing: /home/moyu/workspace/vr_teleop/vr_rm75_ws/install/lsrx_rm75_dual_description/share/lsrx_rm75_dual_description/environment/path.dsv
-- Installing: /home/moyu/workspace/vr_teleop/vr_rm75_ws/install/lsrx_rm75_dual_description/share/lsrx_rm75_dual_description/local_setup.bash
-- Installing: /home/moyu/workspace/vr_teleop/vr_rm75_ws/install/lsrx_rm75_dual_description/share/lsrx_rm75_dual_description/local_setup.sh
-- Installing: /home/moyu/workspace/vr_teleop/vr_rm75_ws/install/lsrx_rm75_dual_description/share/lsrx_rm75_dual_description/local_setup.zsh
-- Installing: /home/moyu/workspace/vr_teleop/vr_rm75_ws/install/lsrx_rm75_dual_description/share/lsrx_rm75_dual_description/local_setup.dsv
-- Installing: /home/moyu/workspace/vr_teleop/vr_rm75_ws/install/lsrx_rm75_dual_description/share/lsrx_rm75_dual_description/package.dsv
-- Installing: /home/moyu/workspace/vr_teleop/vr_rm75_ws/install/lsrx_rm75_dual_description/share/ament_index/resource_index/packages/lsrx_rm75_dual_description
-- Installing: /home/moyu/workspace/vr_teleop/vr_rm75_ws/install/lsrx_rm75_dual_description/share/lsrx_rm75_dual_description/cmake/lsrx_rm75_dual_descriptionConfig.cmake
-- Installing: /home/moyu/workspace/vr_teleop/vr_rm75_ws/install/lsrx_rm75_dual_description/share/lsrx_rm75_dual_description/cmake/lsrx_rm75_dual_descriptionConfig-version.cmake
-- Installing: /home/moyu/workspace/vr_teleop/vr_rm75_ws/install/lsrx_rm75_dual_description/share/lsrx_rm75_dual_description/package.xml
