[0.064s] DEBUG:colcon:Command line arguments: ['/usr/bin/colcon', 'build', '--packages-select', 'lsrx_rm75_dual_description']
[0.064s] DEBUG:colcon:Parsed command line arguments: Namespace(log_base=None, log_level=None, verb_name='build', build_base='build', install_base='install', merge_install=False, symlink_install=False, test_result_base=None, continue_on_error=False, executor='parallel', parallel_workers=32, event_handlers=None, ignore_user_meta=False, metas=['./colcon.meta'], base_paths=['.'], packages_ignore=None, packages_ignore_regex=None, paths=None, packages_up_to=None, packages_up_to_regex=None, packages_above=None, packages_above_and_dependencies=None, packages_above_depth=None, packages_select_by_dep=None, packages_skip_by_dep=None, packages_skip_up_to=None, packages_select_build_failed=False, packages_skip_build_finished=False, packages_select_test_failures=False, packages_skip_test_passed=False, packages_select=['lsrx_rm75_dual_description'], packages_skip=None, packages_select_regex=None, packages_skip_regex=None, packages_start=None, packages_end=None, allow_overriding=[], cmake_args=None, cmake_target=None, cmake_target_skip_unavailable=False, cmake_clean_cache=False, cmake_clean_first=False, cmake_force_configure=False, ament_cmake_args=None, catkin_cmake_args=None, catkin_skip_building_tests=False, verb_parser=<colcon_defaults.argument_parser.defaults.DefaultArgumentsDecorator object at 0x77412ed70280>, verb_extension=<colcon_core.verb.build.BuildVerb object at 0x77412eed9090>, main=<bound method BuildVerb.main of <colcon_core.verb.build.BuildVerb object at 0x77412eed9090>>)
[0.158s] Level 1:colcon.colcon_core.package_discovery:discover_packages(colcon_meta) check parameters
[0.158s] Level 1:colcon.colcon_core.package_discovery:discover_packages(recursive) check parameters
[0.158s] Level 1:colcon.colcon_core.package_discovery:discover_packages(ignore) check parameters
[0.158s] Level 1:colcon.colcon_core.package_discovery:discover_packages(path) check parameters
[0.158s] Level 1:colcon.colcon_core.package_discovery:discover_packages(colcon_meta) discover
[0.159s] Level 1:colcon.colcon_core.package_discovery:discover_packages(recursive) discover
[0.159s] INFO:colcon.colcon_core.package_discovery:Crawling recursively for packages in '/home/moyu/workspace/vr_teleop/vr_rm75_ws'
[0.159s] Level 1:colcon.colcon_core.package_identification:_identify(.) by extensions ['ignore', 'ignore_ament_install']
[0.159s] Level 1:colcon.colcon_core.package_identification:_identify(.) by extension 'ignore'
[0.159s] Level 1:colcon.colcon_core.package_identification:_identify(.) by extension 'ignore_ament_install'
[0.159s] Level 1:colcon.colcon_core.package_identification:_identify(.) by extensions ['colcon_pkg']
[0.159s] Level 1:colcon.colcon_core.package_identification:_identify(.) by extension 'colcon_pkg'
[0.159s] Level 1:colcon.colcon_core.package_identification:_identify(.) by extensions ['colcon_meta']
[0.159s] Level 1:colcon.colcon_core.package_identification:_identify(.) by extension 'colcon_meta'
[0.159s] Level 1:colcon.colcon_core.package_identification:_identify(.) by extensions ['ros']
[0.159s] Level 1:colcon.colcon_core.package_identification:_identify(.) by extension 'ros'
[0.167s] Level 1:colcon.colcon_core.package_identification:_identify(.) by extensions ['cmake', 'python']
[0.167s] Level 1:colcon.colcon_core.package_identification:_identify(.) by extension 'cmake'
[0.167s] Level 1:colcon.colcon_core.package_identification:_identify(.) by extension 'python'
[0.167s] Level 1:colcon.colcon_core.package_identification:_identify(.) by extensions ['python_setup_py']
[0.167s] Level 1:colcon.colcon_core.package_identification:_identify(.) by extension 'python_setup_py'
[0.167s] Level 1:colcon.colcon_core.package_identification:_identify(build) by extensions ['ignore', 'ignore_ament_install']
[0.167s] Level 1:colcon.colcon_core.package_identification:_identify(build) by extension 'ignore'
[0.167s] Level 1:colcon.colcon_core.package_identification:_identify(build) ignored
[0.167s] Level 1:colcon.colcon_core.package_identification:_identify(install) by extensions ['ignore', 'ignore_ament_install']
[0.167s] Level 1:colcon.colcon_core.package_identification:_identify(install) by extension 'ignore'
[0.167s] Level 1:colcon.colcon_core.package_identification:_identify(install) ignored
[0.167s] Level 1:colcon.colcon_core.package_identification:_identify(log) by extensions ['ignore', 'ignore_ament_install']
[0.167s] Level 1:colcon.colcon_core.package_identification:_identify(log) by extension 'ignore'
[0.167s] Level 1:colcon.colcon_core.package_identification:_identify(log) ignored
[0.167s] Level 1:colcon.colcon_core.package_identification:_identify(src) by extensions ['ignore', 'ignore_ament_install']
[0.167s] Level 1:colcon.colcon_core.package_identification:_identify(src) by extension 'ignore'
[0.167s] Level 1:colcon.colcon_core.package_identification:_identify(src) by extension 'ignore_ament_install'
[0.168s] Level 1:colcon.colcon_core.package_identification:_identify(src) by extensions ['colcon_pkg']
[0.168s] Level 1:colcon.colcon_core.package_identification:_identify(src) by extension 'colcon_pkg'
[0.168s] Level 1:colcon.colcon_core.package_identification:_identify(src) by extensions ['colcon_meta']
[0.168s] Level 1:colcon.colcon_core.package_identification:_identify(src) by extension 'colcon_meta'
[0.168s] Level 1:colcon.colcon_core.package_identification:_identify(src) by extensions ['ros']
[0.168s] Level 1:colcon.colcon_core.package_identification:_identify(src) by extension 'ros'
[0.168s] Level 1:colcon.colcon_core.package_identification:_identify(src) by extensions ['cmake', 'python']
[0.168s] Level 1:colcon.colcon_core.package_identification:_identify(src) by extension 'cmake'
[0.168s] Level 1:colcon.colcon_core.package_identification:_identify(src) by extension 'python'
[0.168s] Level 1:colcon.colcon_core.package_identification:_identify(src) by extensions ['python_setup_py']
[0.168s] Level 1:colcon.colcon_core.package_identification:_identify(src) by extension 'python_setup_py'
[0.168s] Level 1:colcon.colcon_core.package_identification:_identify(src/lsrx_rm75_dual_description) by extensions ['ignore', 'ignore_ament_install']
[0.168s] Level 1:colcon.colcon_core.package_identification:_identify(src/lsrx_rm75_dual_description) by extension 'ignore'
[0.168s] Level 1:colcon.colcon_core.package_identification:_identify(src/lsrx_rm75_dual_description) by extension 'ignore_ament_install'
[0.168s] Level 1:colcon.colcon_core.package_identification:_identify(src/lsrx_rm75_dual_description) by extensions ['colcon_pkg']
[0.168s] Level 1:colcon.colcon_core.package_identification:_identify(src/lsrx_rm75_dual_description) by extension 'colcon_pkg'
[0.168s] Level 1:colcon.colcon_core.package_identification:_identify(src/lsrx_rm75_dual_description) by extensions ['colcon_meta']
[0.168s] Level 1:colcon.colcon_core.package_identification:_identify(src/lsrx_rm75_dual_description) by extension 'colcon_meta'
[0.168s] Level 1:colcon.colcon_core.package_identification:_identify(src/lsrx_rm75_dual_description) by extensions ['ros']
[0.168s] Level 1:colcon.colcon_core.package_identification:_identify(src/lsrx_rm75_dual_description) by extension 'ros'
[0.170s] DEBUG:colcon.colcon_core.package_identification:Package 'src/lsrx_rm75_dual_description' with type 'ros.ament_cmake' and name 'lsrx_rm75_dual_description'
[0.170s] Level 1:colcon.colcon_core.package_identification:_identify(src/vr_rm75_teleop) by extensions ['ignore', 'ignore_ament_install']
[0.170s] Level 1:colcon.colcon_core.package_identification:_identify(src/vr_rm75_teleop) by extension 'ignore'
[0.170s] Level 1:colcon.colcon_core.package_identification:_identify(src/vr_rm75_teleop) by extension 'ignore_ament_install'
[0.170s] Level 1:colcon.colcon_core.package_identification:_identify(src/vr_rm75_teleop) by extensions ['colcon_pkg']
[0.170s] Level 1:colcon.colcon_core.package_identification:_identify(src/vr_rm75_teleop) by extension 'colcon_pkg'
[0.170s] Level 1:colcon.colcon_core.package_identification:_identify(src/vr_rm75_teleop) by extensions ['colcon_meta']
[0.170s] Level 1:colcon.colcon_core.package_identification:_identify(src/vr_rm75_teleop) by extension 'colcon_meta'
[0.170s] Level 1:colcon.colcon_core.package_identification:_identify(src/vr_rm75_teleop) by extensions ['ros']
[0.170s] Level 1:colcon.colcon_core.package_identification:_identify(src/vr_rm75_teleop) by extension 'ros'
[0.171s] DEBUG:colcon.colcon_core.package_identification:Package 'src/vr_rm75_teleop' with type 'ros.ament_python' and name 'vr_rm75_teleop'
[0.171s] Level 1:colcon.colcon_core.package_discovery:discover_packages(recursive) using defaults
[0.171s] Level 1:colcon.colcon_core.package_discovery:discover_packages(ignore) discover
[0.171s] Level 1:colcon.colcon_core.package_discovery:discover_packages(ignore) using defaults
[0.171s] Level 1:colcon.colcon_core.package_discovery:discover_packages(path) discover
[0.171s] Level 1:colcon.colcon_core.package_discovery:discover_packages(path) using defaults
[0.184s] INFO:colcon.colcon_core.package_selection:Skipping not selected package 'vr_rm75_teleop' in 'src/vr_rm75_teleop'
[0.184s] Level 1:colcon.colcon_core.package_discovery:discover_packages(prefix_path) check parameters
[0.184s] Level 1:colcon.colcon_core.package_discovery:discover_packages(prefix_path) discover
[0.187s] DEBUG:colcon.colcon_installed_package_information.package_discovery:Found 323 installed packages in /opt/ros/humble
[0.194s] Level 1:colcon.colcon_core.package_discovery:discover_packages(prefix_path) using defaults
[0.219s] Level 5:colcon.colcon_core.verb:set package 'lsrx_rm75_dual_description' build argument 'cmake_args' from command line to 'None'
[0.219s] Level 5:colcon.colcon_core.verb:set package 'lsrx_rm75_dual_description' build argument 'cmake_target' from command line to 'None'
[0.219s] Level 5:colcon.colcon_core.verb:set package 'lsrx_rm75_dual_description' build argument 'cmake_target_skip_unavailable' from command line to 'False'
[0.219s] Level 5:colcon.colcon_core.verb:set package 'lsrx_rm75_dual_description' build argument 'cmake_clean_cache' from command line to 'False'
[0.219s] Level 5:colcon.colcon_core.verb:set package 'lsrx_rm75_dual_description' build argument 'cmake_clean_first' from command line to 'False'
[0.219s] Level 5:colcon.colcon_core.verb:set package 'lsrx_rm75_dual_description' build argument 'cmake_force_configure' from command line to 'False'
[0.219s] Level 5:colcon.colcon_core.verb:set package 'lsrx_rm75_dual_description' build argument 'ament_cmake_args' from command line to 'None'
[0.220s] Level 5:colcon.colcon_core.verb:set package 'lsrx_rm75_dual_description' build argument 'catkin_cmake_args' from command line to 'None'
[0.220s] Level 5:colcon.colcon_core.verb:set package 'lsrx_rm75_dual_description' build argument 'catkin_skip_building_tests' from command line to 'False'
[0.220s] DEBUG:colcon.colcon_core.verb:Building package 'lsrx_rm75_dual_description' with the following arguments: {'ament_cmake_args': None, 'build_base': '/home/moyu/workspace/vr_teleop/vr_rm75_ws/build/lsrx_rm75_dual_description', 'catkin_cmake_args': None, 'catkin_skip_building_tests': False, 'cmake_args': None, 'cmake_clean_cache': False, 'cmake_clean_first': False, 'cmake_force_configure': False, 'cmake_target': None, 'cmake_target_skip_unavailable': False, 'install_base': '/home/moyu/workspace/vr_teleop/vr_rm75_ws/install/lsrx_rm75_dual_description', 'merge_install': False, 'path': '/home/moyu/workspace/vr_teleop/vr_rm75_ws/src/lsrx_rm75_dual_description', 'symlink_install': False, 'test_result_base': None}
[0.220s] INFO:colcon.colcon_core.executor:Executing jobs using 'parallel' executor
[0.220s] DEBUG:colcon.colcon_parallel_executor.executor.parallel:run_until_complete
[0.221s] INFO:colcon.colcon_ros.task.ament_cmake.build:Building ROS package in '/home/moyu/workspace/vr_teleop/vr_rm75_ws/src/lsrx_rm75_dual_description' with build type 'ament_cmake'
[0.221s] INFO:colcon.colcon_cmake.task.cmake.build:Building CMake package in '/home/moyu/workspace/vr_teleop/vr_rm75_ws/src/lsrx_rm75_dual_description'
[0.222s] INFO:colcon.colcon_core.plugin_system:Skipping extension 'colcon_core.shell.bat': Not used on non-Windows systems
[0.222s] INFO:colcon.colcon_core.shell:Skip shell extension 'powershell' for command environment: Not usable outside of PowerShell
[0.222s] DEBUG:colcon.colcon_core.shell:Skip shell extension 'dsv' for command environment
[30.229s] DEBUG:colcon.colcon_core.event_handler.log_command:Invoking command in '/home/moyu/workspace/vr_teleop/vr_rm75_ws/build/lsrx_rm75_dual_description': CMAKE_PREFIX_PATH=/opt/ros/humble /usr/bin/cmake --build /home/moyu/workspace/vr_teleop/vr_rm75_ws/build/lsrx_rm75_dual_description -- -j32 -l32
[60.256s] DEBUG:colcon.colcon_core.event_handler.log_command:Invoked command in '/home/moyu/workspace/vr_teleop/vr_rm75_ws/build/lsrx_rm75_dual_description' returned '0': CMAKE_PREFIX_PATH=/opt/ros/humble /usr/bin/cmake --build /home/moyu/workspace/vr_teleop/vr_rm75_ws/build/lsrx_rm75_dual_description -- -j32 -l32
[60.265s] DEBUG:colcon.colcon_core.event_handler.log_command:Invoking command in '/home/moyu/workspace/vr_teleop/vr_rm75_ws/build/lsrx_rm75_dual_description': CMAKE_PREFIX_PATH=/opt/ros/humble /usr/bin/cmake --install /home/moyu/workspace/vr_teleop/vr_rm75_ws/build/lsrx_rm75_dual_description
[60.277s] Level 1:colcon.colcon_core.environment:create_environment_scripts_only(lsrx_rm75_dual_description)
[60.278s] DEBUG:colcon.colcon_core.event_handler.log_command:Invoked command in '/home/moyu/workspace/vr_teleop/vr_rm75_ws/build/lsrx_rm75_dual_description' returned '0': CMAKE_PREFIX_PATH=/opt/ros/humble /usr/bin/cmake --install /home/moyu/workspace/vr_teleop/vr_rm75_ws/build/lsrx_rm75_dual_description
[60.281s] Level 1:colcon.colcon_core.environment:checking '/home/moyu/workspace/vr_teleop/vr_rm75_ws/install/lsrx_rm75_dual_description' for CMake module files
[60.281s] Level 1:colcon.colcon_core.environment:checking '/home/moyu/workspace/vr_teleop/vr_rm75_ws/install/lsrx_rm75_dual_description' for CMake config files
[60.281s] Level 1:colcon.colcon_core.shell:create_environment_hook('lsrx_rm75_dual_description', 'cmake_prefix_path')
[60.282s] INFO:colcon.colcon_core.shell:Creating environment hook '/home/moyu/workspace/vr_teleop/vr_rm75_ws/install/lsrx_rm75_dual_description/share/lsrx_rm75_dual_description/hook/cmake_prefix_path.ps1'
[60.282s] INFO:colcon.colcon_core.shell:Creating environment descriptor '/home/moyu/workspace/vr_teleop/vr_rm75_ws/install/lsrx_rm75_dual_description/share/lsrx_rm75_dual_description/hook/cmake_prefix_path.dsv'
[60.283s] INFO:colcon.colcon_core.shell:Creating environment hook '/home/moyu/workspace/vr_teleop/vr_rm75_ws/install/lsrx_rm75_dual_description/share/lsrx_rm75_dual_description/hook/cmake_prefix_path.sh'
[60.284s] Level 1:colcon.colcon_core.environment:checking '/home/moyu/workspace/vr_teleop/vr_rm75_ws/install/lsrx_rm75_dual_description/bin'
[60.284s] Level 1:colcon.colcon_core.environment:checking '/home/moyu/workspace/vr_teleop/vr_rm75_ws/install/lsrx_rm75_dual_description/lib/pkgconfig/lsrx_rm75_dual_description.pc'
[60.284s] Level 1:colcon.colcon_core.environment:checking '/home/moyu/workspace/vr_teleop/vr_rm75_ws/install/lsrx_rm75_dual_description/lib/python3.10/site-packages'
[60.285s] Level 1:colcon.colcon_core.environment:checking '/home/moyu/workspace/vr_teleop/vr_rm75_ws/install/lsrx_rm75_dual_description/bin'
[60.285s] INFO:colcon.colcon_core.shell:Creating package script '/home/moyu/workspace/vr_teleop/vr_rm75_ws/install/lsrx_rm75_dual_description/share/lsrx_rm75_dual_description/package.ps1'
[60.286s] INFO:colcon.colcon_core.shell:Creating package descriptor '/home/moyu/workspace/vr_teleop/vr_rm75_ws/install/lsrx_rm75_dual_description/share/lsrx_rm75_dual_description/package.dsv'
[60.286s] INFO:colcon.colcon_core.shell:Creating package script '/home/moyu/workspace/vr_teleop/vr_rm75_ws/install/lsrx_rm75_dual_description/share/lsrx_rm75_dual_description/package.sh'
[60.287s] INFO:colcon.colcon_core.shell:Creating package script '/home/moyu/workspace/vr_teleop/vr_rm75_ws/install/lsrx_rm75_dual_description/share/lsrx_rm75_dual_description/package.bash'
[60.288s] INFO:colcon.colcon_core.shell:Creating package script '/home/moyu/workspace/vr_teleop/vr_rm75_ws/install/lsrx_rm75_dual_description/share/lsrx_rm75_dual_description/package.zsh'
[60.288s] Level 1:colcon.colcon_core.environment:create_file_with_runtime_dependencies(/home/moyu/workspace/vr_teleop/vr_rm75_ws/install/lsrx_rm75_dual_description/share/colcon-core/packages/lsrx_rm75_dual_description)
[60.288s] Level 1:colcon.colcon_core.environment:create_environment_scripts_only(lsrx_rm75_dual_description)
[60.289s] Level 1:colcon.colcon_core.environment:checking '/home/moyu/workspace/vr_teleop/vr_rm75_ws/install/lsrx_rm75_dual_description' for CMake module files
[60.289s] Level 1:colcon.colcon_core.environment:checking '/home/moyu/workspace/vr_teleop/vr_rm75_ws/install/lsrx_rm75_dual_description' for CMake config files
[60.289s] Level 1:colcon.colcon_core.shell:create_environment_hook('lsrx_rm75_dual_description', 'cmake_prefix_path')
[60.289s] INFO:colcon.colcon_core.shell:Creating environment hook '/home/moyu/workspace/vr_teleop/vr_rm75_ws/install/lsrx_rm75_dual_description/share/lsrx_rm75_dual_description/hook/cmake_prefix_path.ps1'
[60.289s] INFO:colcon.colcon_core.shell:Creating environment descriptor '/home/moyu/workspace/vr_teleop/vr_rm75_ws/install/lsrx_rm75_dual_description/share/lsrx_rm75_dual_description/hook/cmake_prefix_path.dsv'
[60.290s] INFO:colcon.colcon_core.shell:Creating environment hook '/home/moyu/workspace/vr_teleop/vr_rm75_ws/install/lsrx_rm75_dual_description/share/lsrx_rm75_dual_description/hook/cmake_prefix_path.sh'
[60.290s] Level 1:colcon.colcon_core.environment:checking '/home/moyu/workspace/vr_teleop/vr_rm75_ws/install/lsrx_rm75_dual_description/bin'
[60.290s] Level 1:colcon.colcon_core.environment:checking '/home/moyu/workspace/vr_teleop/vr_rm75_ws/install/lsrx_rm75_dual_description/lib/pkgconfig/lsrx_rm75_dual_description.pc'
[60.290s] Level 1:colcon.colcon_core.environment:checking '/home/moyu/workspace/vr_teleop/vr_rm75_ws/install/lsrx_rm75_dual_description/lib/python3.10/site-packages'
[60.291s] Level 1:colcon.colcon_core.environment:checking '/home/moyu/workspace/vr_teleop/vr_rm75_ws/install/lsrx_rm75_dual_description/bin'
[60.291s] INFO:colcon.colcon_core.shell:Creating package script '/home/moyu/workspace/vr_teleop/vr_rm75_ws/install/lsrx_rm75_dual_description/share/lsrx_rm75_dual_description/package.ps1'
[60.291s] INFO:colcon.colcon_core.shell:Creating package descriptor '/home/moyu/workspace/vr_teleop/vr_rm75_ws/install/lsrx_rm75_dual_description/share/lsrx_rm75_dual_description/package.dsv'
[60.291s] INFO:colcon.colcon_core.shell:Creating package script '/home/moyu/workspace/vr_teleop/vr_rm75_ws/install/lsrx_rm75_dual_description/share/lsrx_rm75_dual_description/package.sh'
[60.292s] INFO:colcon.colcon_core.shell:Creating package script '/home/moyu/workspace/vr_teleop/vr_rm75_ws/install/lsrx_rm75_dual_description/share/lsrx_rm75_dual_description/package.bash'
[60.292s] INFO:colcon.colcon_core.shell:Creating package script '/home/moyu/workspace/vr_teleop/vr_rm75_ws/install/lsrx_rm75_dual_description/share/lsrx_rm75_dual_description/package.zsh'
[60.292s] Level 1:colcon.colcon_core.environment:create_file_with_runtime_dependencies(/home/moyu/workspace/vr_teleop/vr_rm75_ws/install/lsrx_rm75_dual_description/share/colcon-core/packages/lsrx_rm75_dual_description)
[60.292s] DEBUG:colcon.colcon_parallel_executor.executor.parallel:closing loop
[60.293s] DEBUG:colcon.colcon_parallel_executor.executor.parallel:loop closed
[60.293s] DEBUG:colcon.colcon_parallel_executor.executor.parallel:run_until_complete finished with '0'
[60.293s] DEBUG:colcon.colcon_core.event_reactor:joining thread
[60.296s] INFO:colcon.colcon_core.plugin_system:Skipping extension 'colcon_notification.desktop_notification.terminal_notifier': Not used on non-Darwin systems
[60.296s] INFO:colcon.colcon_core.plugin_system:Skipping extension 'colcon_notification.desktop_notification.win32': Not used on non-Windows systems
[60.296s] INFO:colcon.colcon_notification.desktop_notification:Sending desktop notification using 'notify2'
[60.297s] DEBUG:colcon.colcon_notification.desktop_notification.notify2:Failed to initialize notify2: org.freedesktop.DBus.Error.AccessDenied: Failed to connect to socket /run/user/1000/bus: Operation not permitted
[60.297s] DEBUG:colcon.colcon_core.event_reactor:joined thread
[60.297s] INFO:colcon.colcon_core.shell:Creating prefix script '/home/moyu/workspace/vr_teleop/vr_rm75_ws/install/local_setup.ps1'
[60.298s] INFO:colcon.colcon_core.shell:Creating prefix util module '/home/moyu/workspace/vr_teleop/vr_rm75_ws/install/_local_setup_util_ps1.py'
[60.298s] INFO:colcon.colcon_core.shell:Creating prefix chain script '/home/moyu/workspace/vr_teleop/vr_rm75_ws/install/setup.ps1'
[60.299s] INFO:colcon.colcon_core.shell:Creating prefix script '/home/moyu/workspace/vr_teleop/vr_rm75_ws/install/local_setup.sh'
[60.299s] INFO:colcon.colcon_core.shell:Creating prefix util module '/home/moyu/workspace/vr_teleop/vr_rm75_ws/install/_local_setup_util_sh.py'
[60.300s] INFO:colcon.colcon_core.shell:Creating prefix chain script '/home/moyu/workspace/vr_teleop/vr_rm75_ws/install/setup.sh'
[60.300s] INFO:colcon.colcon_core.shell:Creating prefix script '/home/moyu/workspace/vr_teleop/vr_rm75_ws/install/local_setup.bash'
[60.301s] INFO:colcon.colcon_core.shell:Creating prefix chain script '/home/moyu/workspace/vr_teleop/vr_rm75_ws/install/setup.bash'
[60.301s] INFO:colcon.colcon_core.shell:Creating prefix script '/home/moyu/workspace/vr_teleop/vr_rm75_ws/install/local_setup.zsh'
[60.302s] INFO:colcon.colcon_core.shell:Creating prefix chain script '/home/moyu/workspace/vr_teleop/vr_rm75_ws/install/setup.zsh'
