[0.389s] Invoking command in '/home/moyu/workspace/vr_teleop/vr_rm75_ws/src/vr_rm75_teleop': PYTHONPATH=/home/moyu/workspace/vr_teleop/vr_rm75_ws/build/vr_rm75_teleop/prefix_override:/usr/lib/python3/dist-packages/colcon_core/task/python/colcon_distutils_commands:/home/moyu/workspace/vr_teleop/vr_rm75_ws/install/vr_rm75_teleop/lib/python3.10/site-packages:${PYTHONPATH} /usr/bin/python3 -W ignore:setup.py install is deprecated -W ignore:easy_install command is deprecated setup.py egg_info --egg-base ../../build/vr_rm75_teleop build --build-base /home/moyu/workspace/vr_teleop/vr_rm75_ws/build/vr_rm75_teleop/build install --record /home/moyu/workspace/vr_teleop/vr_rm75_ws/build/vr_rm75_teleop/install.log --single-version-externally-managed install_data
[0.531s] running egg_info
[0.531s] writing ../../build/vr_rm75_teleop/vr_rm75_teleop.egg-info/PKG-INFO
[0.531s] writing dependency_links to ../../build/vr_rm75_teleop/vr_rm75_teleop.egg-info/dependency_links.txt
[0.531s] writing entry points to ../../build/vr_rm75_teleop/vr_rm75_teleop.egg-info/entry_points.txt
[0.531s] writing requirements to ../../build/vr_rm75_teleop/vr_rm75_teleop.egg-info/requires.txt
[0.531s] writing top-level names to ../../build/vr_rm75_teleop/vr_rm75_teleop.egg-info/top_level.txt
[0.532s] reading manifest file '../../build/vr_rm75_teleop/vr_rm75_teleop.egg-info/SOURCES.txt'
[0.533s] adding license file 'LICENSE'
[0.533s] writing manifest file '../../build/vr_rm75_teleop/vr_rm75_teleop.egg-info/SOURCES.txt'
[0.533s] running build
[0.533s] running build_py
[0.534s] copying vr_rm75_teleop/quest_dual_ik_fusion.py -> /home/moyu/workspace/vr_teleop/vr_rm75_ws/build/vr_rm75_teleop/build/lib/vr_rm75_teleop
[0.535s] running install
[0.535s] running install_lib
[0.536s] copying /home/moyu/workspace/vr_teleop/vr_rm75_ws/build/vr_rm75_teleop/build/lib/vr_rm75_teleop/quest_dual_ik_fusion.py -> /home/moyu/workspace/vr_teleop/vr_rm75_ws/install/vr_rm75_teleop/lib/python3.10/site-packages/vr_rm75_teleop
[0.536s] byte-compiling /home/moyu/workspace/vr_teleop/vr_rm75_ws/install/vr_rm75_teleop/lib/python3.10/site-packages/vr_rm75_teleop/quest_dual_ik_fusion.py to quest_dual_ik_fusion.cpython-310.pyc
[0.545s] running install_data
[0.545s] copying docs/COMMISSIONING_STATUS.md -> /home/moyu/workspace/vr_teleop/vr_rm75_ws/install/vr_rm75_teleop/share/vr_rm75_teleop/docs
[0.545s] running install_egg_info
[0.546s] removing '/home/moyu/workspace/vr_teleop/vr_rm75_ws/install/vr_rm75_teleop/lib/python3.10/site-packages/vr_rm75_teleop-0.0.0-py3.10.egg-info' (and everything under it)
[0.546s] Copying ../../build/vr_rm75_teleop/vr_rm75_teleop.egg-info to /home/moyu/workspace/vr_teleop/vr_rm75_ws/install/vr_rm75_teleop/lib/python3.10/site-packages/vr_rm75_teleop-0.0.0-py3.10.egg-info
[0.547s] running install_scripts
[0.559s] Installing collision_backend script to /home/moyu/workspace/vr_teleop/vr_rm75_ws/install/vr_rm75_teleop/lib/vr_rm75_teleop
[0.559s] Installing meta_quest_bridge script to /home/moyu/workspace/vr_teleop/vr_rm75_ws/install/vr_rm75_teleop/lib/vr_rm75_teleop
[0.559s] Installing quest_dual_ik_fusion script to /home/moyu/workspace/vr_teleop/vr_rm75_ws/install/vr_rm75_teleop/lib/vr_rm75_teleop
[0.559s] Installing rm75_state_node script to /home/moyu/workspace/vr_teleop/vr_rm75_ws/install/vr_rm75_teleop/lib/vr_rm75_teleop
[0.560s] writing list of installed files to '/home/moyu/workspace/vr_teleop/vr_rm75_ws/build/vr_rm75_teleop/install.log'
[0.573s] Invoked command in '/home/moyu/workspace/vr_teleop/vr_rm75_ws/src/vr_rm75_teleop' returned '0': PYTHONPATH=/home/moyu/workspace/vr_teleop/vr_rm75_ws/build/vr_rm75_teleop/prefix_override:/usr/lib/python3/dist-packages/colcon_core/task/python/colcon_distutils_commands:/home/moyu/workspace/vr_teleop/vr_rm75_ws/install/vr_rm75_teleop/lib/python3.10/site-packages:${PYTHONPATH} /usr/bin/python3 -W ignore:setup.py install is deprecated -W ignore:easy_install command is deprecated setup.py egg_info --egg-base ../../build/vr_rm75_teleop build --build-base /home/moyu/workspace/vr_teleop/vr_rm75_ws/build/vr_rm75_teleop/build install --record /home/moyu/workspace/vr_teleop/vr_rm75_ws/build/vr_rm75_teleop/install.log --single-version-externally-managed install_data
