running egg_info
writing ../../build/vr_rm75_teleop/vr_rm75_teleop.egg-info/PKG-INFO
writing dependency_links to ../../build/vr_rm75_teleop/vr_rm75_teleop.egg-info/dependency_links.txt
writing entry points to ../../build/vr_rm75_teleop/vr_rm75_teleop.egg-info/entry_points.txt
writing requirements to ../../build/vr_rm75_teleop/vr_rm75_teleop.egg-info/requires.txt
writing top-level names to ../../build/vr_rm75_teleop/vr_rm75_teleop.egg-info/top_level.txt
reading manifest file '../../build/vr_rm75_teleop/vr_rm75_teleop.egg-info/SOURCES.txt'
adding license file 'LICENSE'
writing manifest file '../../build/vr_rm75_teleop/vr_rm75_teleop.egg-info/SOURCES.txt'
running build
running build_py
copying vr_rm75_teleop/quest_dual_ik_fusion.py -> /home/moyu/workspace/vr_teleop/vr_rm75_ws/build/vr_rm75_teleop/build/lib/vr_rm75_teleop
copying vr_rm75_teleop/collision_safety.py -> /home/moyu/workspace/vr_teleop/vr_rm75_ws/build/vr_rm75_teleop/build/lib/vr_rm75_teleop
running install
running install_lib
copying /home/moyu/workspace/vr_teleop/vr_rm75_ws/build/vr_rm75_teleop/build/lib/vr_rm75_teleop/quest_dual_ik_fusion.py -> /home/moyu/workspace/vr_teleop/vr_rm75_ws/install/vr_rm75_teleop/lib/python3.10/site-packages/vr_rm75_teleop
copying /home/moyu/workspace/vr_teleop/vr_rm75_ws/build/vr_rm75_teleop/build/lib/vr_rm75_teleop/collision_safety.py -> /home/moyu/workspace/vr_teleop/vr_rm75_ws/install/vr_rm75_teleop/lib/python3.10/site-packages/vr_rm75_teleop
byte-compiling /home/moyu/workspace/vr_teleop/vr_rm75_ws/install/vr_rm75_teleop/lib/python3.10/site-packages/vr_rm75_teleop/quest_dual_ik_fusion.py to quest_dual_ik_fusion.cpython-310.pyc
byte-compiling /home/moyu/workspace/vr_teleop/vr_rm75_ws/install/vr_rm75_teleop/lib/python3.10/site-packages/vr_rm75_teleop/collision_safety.py to collision_safety.cpython-310.pyc
running install_data
copying config/demo_collision_profile.yaml -> /home/moyu/workspace/vr_teleop/vr_rm75_ws/install/vr_rm75_teleop/share/vr_rm75_teleop/config
copying launch/commissioning_dry_run.launch.py -> /home/moyu/workspace/vr_teleop/vr_rm75_ws/install/vr_rm75_teleop/share/vr_rm75_teleop/launch
copying docs/COLLISION_GEOMETRY_AUDIT.md -> /home/moyu/workspace/vr_teleop/vr_rm75_ws/install/vr_rm75_teleop/share/vr_rm75_teleop/docs
running install_egg_info
removing '/home/moyu/workspace/vr_teleop/vr_rm75_ws/install/vr_rm75_teleop/lib/python3.10/site-packages/vr_rm75_teleop-0.0.0-py3.10.egg-info' (and everything under it)
Copying ../../build/vr_rm75_teleop/vr_rm75_teleop.egg-info to /home/moyu/workspace/vr_teleop/vr_rm75_ws/install/vr_rm75_teleop/lib/python3.10/site-packages/vr_rm75_teleop-0.0.0-py3.10.egg-info
running install_scripts
Installing collision_backend script to /home/moyu/workspace/vr_teleop/vr_rm75_ws/install/vr_rm75_teleop/lib/vr_rm75_teleop
Installing meta_quest_bridge script to /home/moyu/workspace/vr_teleop/vr_rm75_ws/install/vr_rm75_teleop/lib/vr_rm75_teleop
Installing quest_dual_ik_fusion script to /home/moyu/workspace/vr_teleop/vr_rm75_ws/install/vr_rm75_teleop/lib/vr_rm75_teleop
Installing rm75_state_node script to /home/moyu/workspace/vr_teleop/vr_rm75_ws/install/vr_rm75_teleop/lib/vr_rm75_teleop
writing list of installed files to '/home/moyu/workspace/vr_teleop/vr_rm75_ws/build/vr_rm75_teleop/install.log'
