[0.386s] Invoking command in '/home/moyu/workspace/vr_teleop/vr_rm75_ws/build/vr_rm75_teleop': PYTHONPATH=/home/moyu/workspace/vr_teleop/vr_rm75_ws/build/vr_rm75_teleop/prefix_override:/usr/lib/python3/dist-packages/colcon_core/task/python/colcon_distutils_commands:/home/moyu/workspace/vr_teleop/vr_rm75_ws/install/vr_rm75_teleop/lib/python3.10/site-packages:${PYTHONPATH} /usr/bin/python3 -W ignore:setup.py install is deprecated -W ignore:easy_install command is deprecated setup.py develop --editable --build-directory /home/moyu/workspace/vr_teleop/vr_rm75_ws/build/vr_rm75_teleop/build --no-deps symlink_data
[0.544s] running develop
[0.629s] running egg_info
[0.629s] writing vr_rm75_teleop.egg-info/PKG-INFO
[0.629s] writing dependency_links to vr_rm75_teleop.egg-info/dependency_links.txt
[0.629s] writing entry points to vr_rm75_teleop.egg-info/entry_points.txt
[0.629s] writing requirements to vr_rm75_teleop.egg-info/requires.txt
[0.629s] writing top-level names to vr_rm75_teleop.egg-info/top_level.txt
[0.630s] reading manifest file 'vr_rm75_teleop.egg-info/SOURCES.txt'
[0.631s] writing manifest file 'vr_rm75_teleop.egg-info/SOURCES.txt'
[0.666s] running build_ext
[0.666s] Creating /home/moyu/workspace/vr_teleop/vr_rm75_ws/install/vr_rm75_teleop/lib/python3.10/site-packages/vr-rm75-teleop.egg-link (link to .)
[0.667s] Installing collision_backend script to /home/moyu/workspace/vr_teleop/vr_rm75_ws/install/vr_rm75_teleop/lib/vr_rm75_teleop
[0.667s] Installing meta_quest_bridge script to /home/moyu/workspace/vr_teleop/vr_rm75_ws/install/vr_rm75_teleop/lib/vr_rm75_teleop
[0.667s] Installing quest_dual_ik_fusion script to /home/moyu/workspace/vr_teleop/vr_rm75_ws/install/vr_rm75_teleop/lib/vr_rm75_teleop
[0.667s] Installing rm75_state_node script to /home/moyu/workspace/vr_teleop/vr_rm75_ws/install/vr_rm75_teleop/lib/vr_rm75_teleop
[0.667s] 
[0.667s] Installed /home/moyu/workspace/vr_teleop/vr_rm75_ws/build/vr_rm75_teleop
[0.667s] running symlink_data
[0.684s] Invoked command in '/home/moyu/workspace/vr_teleop/vr_rm75_ws/build/vr_rm75_teleop' returned '0': PYTHONPATH=/home/moyu/workspace/vr_teleop/vr_rm75_ws/build/vr_rm75_teleop/prefix_override:/usr/lib/python3/dist-packages/colcon_core/task/python/colcon_distutils_commands:/home/moyu/workspace/vr_teleop/vr_rm75_ws/install/vr_rm75_teleop/lib/python3.10/site-packages:${PYTHONPATH} /usr/bin/python3 -W ignore:setup.py install is deprecated -W ignore:easy_install command is deprecated setup.py develop --editable --build-directory /home/moyu/workspace/vr_teleop/vr_rm75_ws/build/vr_rm75_teleop/build --no-deps symlink_data
