[30.033s] Invoking command in '/home/moyu/workspace/vr_teleop/vr_rm75_ws/build/lsrx_rm75_dual_description': CMAKE_PREFIX_PATH=/opt/ros/humble /usr/bin/cmake --build /home/moyu/workspace/vr_teleop/vr_rm75_ws/build/lsrx_rm75_dual_description -- -j32 -l32
[30.067s] Invoked command in '/home/moyu/workspace/vr_teleop/vr_rm75_ws/build/lsrx_rm75_dual_description' returned '0': CMAKE_PREFIX_PATH=/opt/ros/humble /usr/bin/cmake --build /home/moyu/workspace/vr_teleop/vr_rm75_ws/build/lsrx_rm75_dual_description -- -j32 -l32
[30.075s] Invoking command in '/home/moyu/workspace/vr_teleop/vr_rm75_ws/build/lsrx_rm75_dual_description': CMAKE_PREFIX_PATH=/opt/ros/humble /usr/bin/cmake --install /home/moyu/workspace/vr_teleop/vr_rm75_ws/build/lsrx_rm75_dual_description
[30.080s] -- Install configuration: ""
[30.080s] -- Up-to-date: /home/moyu/workspace/vr_teleop/vr_rm75_ws/install/lsrx_rm75_dual_description/share/lsrx_rm75_dual_description/urdf
[30.080s] -- Up-to-date: /home/moyu/workspace/vr_teleop/vr_rm75_ws/install/lsrx_rm75_dual_description/share/lsrx_rm75_dual_description/urdf/LSRX_RM75_DUAL_zero_pose.png
[30.080s] -- Installing: /home/moyu/workspace/vr_teleop/vr_rm75_ws/install/lsrx_rm75_dual_description/share/lsrx_rm75_dual_description/urdf/LSRX_RM75_DUAL.urdf
[30.080s] -- Up-to-date: /home/moyu/workspace/vr_teleop/vr_rm75_ws/install/lsrx_rm75_dual_description/share/lsrx_rm75_dual_description/meshes
[30.081s] -- Up-to-date: /home/moyu/workspace/vr_teleop/vr_rm75_ws/install/lsrx_rm75_dual_description/share/lsrx_rm75_dual_description/meshes/base_link_2.STL
[30.081s] -- Up-to-date: /home/moyu/workspace/vr_teleop/vr_rm75_ws/install/lsrx_rm75_dual_description/share/lsrx_rm75_dual_description/meshes/yb_link.STL
[30.081s] -- Up-to-date: /home/moyu/workspace/vr_teleop/vr_rm75_ws/install/lsrx_rm75_dual_description/share/lsrx_rm75_dual_description/meshes/rtool_Right_2_Link.STL
[30.081s] -- Up-to-date: /home/moyu/workspace/vr_teleop/vr_rm75_ws/install/lsrx_rm75_dual_description/share/lsrx_rm75_dual_description/meshes/tb_link.STL
[30.081s] -- Up-to-date: /home/moyu/workspace/vr_teleop/vr_rm75_ws/install/lsrx_rm75_dual_description/share/lsrx_rm75_dual_description/meshes/ltool_Right_Support_Link.STL
[30.081s] -- Up-to-date: /home/moyu/workspace/vr_teleop/vr_rm75_ws/install/lsrx_rm75_dual_description/share/lsrx_rm75_dual_description/meshes/ltool_Left_Support_Link.STL
[30.082s] -- Up-to-date: /home/moyu/workspace/vr_teleop/vr_rm75_ws/install/lsrx_rm75_dual_description/share/lsrx_rm75_dual_description/meshes/ltool_Left_2_Link.STL
[30.082s] -- Up-to-date: /home/moyu/workspace/vr_teleop/vr_rm75_ws/install/lsrx_rm75_dual_description/share/lsrx_rm75_dual_description/meshes/rtool_Right_1_Link.STL
[30.082s] -- Up-to-date: /home/moyu/workspace/vr_teleop/vr_rm75_ws/install/lsrx_rm75_dual_description/share/lsrx_rm75_dual_description/meshes/xb_camera_link_3.STL
[30.082s] -- Up-to-date: /home/moyu/workspace/vr_teleop/vr_rm75_ws/install/lsrx_rm75_dual_description/share/lsrx_rm75_dual_description/meshes/ltool_Left_1_Link.STL
[30.082s] -- Up-to-date: /home/moyu/workspace/vr_teleop/vr_rm75_ws/install/lsrx_rm75_dual_description/share/lsrx_rm75_dual_description/meshes/wl_link.STL
[30.082s] -- Up-to-date: /home/moyu/workspace/vr_teleop/vr_rm75_ws/install/lsrx_rm75_dual_description/share/lsrx_rm75_dual_description/meshes/rtool_base_link.STL
[30.082s] -- Up-to-date: /home/moyu/workspace/vr_teleop/vr_rm75_ws/install/lsrx_rm75_dual_description/share/lsrx_rm75_dual_description/meshes/wc_front_right_link.STL
[30.083s] -- Up-to-date: /home/moyu/workspace/vr_teleop/vr_rm75_ws/install/lsrx_rm75_dual_description/share/lsrx_rm75_dual_description/meshes/wc_front_left_link.STL
[30.083s] -- Up-to-date: /home/moyu/workspace/vr_teleop/vr_rm75_ws/install/lsrx_rm75_dual_description/share/lsrx_rm75_dual_description/meshes/wr_link.STL
[30.083s] -- Up-to-date: /home/moyu/workspace/vr_teleop/vr_rm75_ws/install/lsrx_rm75_dual_description/share/lsrx_rm75_dual_description/meshes/base_camera_link_2.STL
[30.083s] -- Up-to-date: /home/moyu/workspace/vr_teleop/vr_rm75_ws/install/lsrx_rm75_dual_description/share/lsrx_rm75_dual_description/meshes/xb_camera_link_1.STL
[30.083s] -- Up-to-date: /home/moyu/workspace/vr_teleop/vr_rm75_ws/install/lsrx_rm75_dual_description/share/lsrx_rm75_dual_description/meshes/jb_link.STL
[30.083s] -- Up-to-date: /home/moyu/workspace/vr_teleop/vr_rm75_ws/install/lsrx_rm75_dual_description/share/lsrx_rm75_dual_description/meshes/ltool_Right_1_Link.STL
[30.084s] -- Up-to-date: /home/moyu/workspace/vr_teleop/vr_rm75_ws/install/lsrx_rm75_dual_description/share/lsrx_rm75_dual_description/meshes/ltool_Right_2_Link.STL
[30.084s] -- Up-to-date: /home/moyu/workspace/vr_teleop/vr_rm75_ws/install/lsrx_rm75_dual_description/share/lsrx_rm75_dual_description/meshes/base_link.STL
[30.084s] -- Up-to-date: /home/moyu/workspace/vr_teleop/vr_rm75_ws/install/lsrx_rm75_dual_description/share/lsrx_rm75_dual_description/meshes/rtool_Left_1_Link.STL
[30.084s] -- Up-to-date: /home/moyu/workspace/vr_teleop/vr_rm75_ws/install/lsrx_rm75_dual_description/share/lsrx_rm75_dual_description/meshes/rtool_Right_Support_Link.STL
[30.084s] -- Up-to-date: /home/moyu/workspace/vr_teleop/vr_rm75_ws/install/lsrx_rm75_dual_description/share/lsrx_rm75_dual_description/meshes/rm75
[30.084s] -- Up-to-date: /home/moyu/workspace/vr_teleop/vr_rm75_ws/install/lsrx_rm75_dual_description/share/lsrx_rm75_dual_description/meshes/rm75/link_6.STL
[30.084s] -- Up-to-date: /home/moyu/workspace/vr_teleop/vr_rm75_ws/install/lsrx_rm75_dual_description/share/lsrx_rm75_dual_description/meshes/rm75/link_2.STL
[30.085s] -- Up-to-date: /home/moyu/workspace/vr_teleop/vr_rm75_ws/install/lsrx_rm75_dual_description/share/lsrx_rm75_dual_description/meshes/rm75/link_7.STL
[30.085s] -- Up-to-date: /home/moyu/workspace/vr_teleop/vr_rm75_ws/install/lsrx_rm75_dual_description/share/lsrx_rm75_dual_description/meshes/rm75/camera_link.STL
[30.085s] -- Up-to-date: /home/moyu/workspace/vr_teleop/vr_rm75_ws/install/lsrx_rm75_dual_description/share/lsrx_rm75_dual_description/meshes/rm75/camera_rolink.STL
[30.085s] -- Up-to-date: /home/moyu/workspace/vr_teleop/vr_rm75_ws/install/lsrx_rm75_dual_description/share/lsrx_rm75_dual_description/meshes/rm75/link_5.STL
[30.085s] -- Up-to-date: /home/moyu/workspace/vr_teleop/vr_rm75_ws/install/lsrx_rm75_dual_description/share/lsrx_rm75_dual_description/meshes/rm75/base_link.STL
[30.085s] -- Up-to-date: /home/moyu/workspace/vr_teleop/vr_rm75_ws/install/lsrx_rm75_dual_description/share/lsrx_rm75_dual_description/meshes/rm75/link_4.STL
[30.085s] -- Up-to-date: /home/moyu/workspace/vr_teleop/vr_rm75_ws/install/lsrx_rm75_dual_description/share/lsrx_rm75_dual_description/meshes/rm75/link_3.STL
[30.085s] -- Up-to-date: /home/moyu/workspace/vr_teleop/vr_rm75_ws/install/lsrx_rm75_dual_description/share/lsrx_rm75_dual_description/meshes/rm75/link_1.STL
[30.085s] -- Up-to-date: /home/moyu/workspace/vr_teleop/vr_rm75_ws/install/lsrx_rm75_dual_description/share/lsrx_rm75_dual_description/meshes/xb_camera_link_2.STL
[30.085s] -- Up-to-date: /home/moyu/workspace/vr_teleop/vr_rm75_ws/install/lsrx_rm75_dual_description/share/lsrx_rm75_dual_description/meshes/rtool_Left_Support_Link.STL
[30.086s] -- Up-to-date: /home/moyu/workspace/vr_teleop/vr_rm75_ws/install/lsrx_rm75_dual_description/share/lsrx_rm75_dual_description/meshes/base_camera_link_1.STL
[30.086s] -- Up-to-date: /home/moyu/workspace/vr_teleop/vr_rm75_ws/install/lsrx_rm75_dual_description/share/lsrx_rm75_dual_description/meshes/xt_link_2.STL
[30.086s] -- Up-to-date: /home/moyu/workspace/vr_teleop/vr_rm75_ws/install/lsrx_rm75_dual_description/share/lsrx_rm75_dual_description/meshes/tb_camera_link.STL
[30.086s] -- Up-to-date: /home/moyu/workspace/vr_teleop/vr_rm75_ws/install/lsrx_rm75_dual_description/share/lsrx_rm75_dual_description/meshes/ltool_base_link.STL
[30.086s] -- Up-to-date: /home/moyu/workspace/vr_teleop/vr_rm75_ws/install/lsrx_rm75_dual_description/share/lsrx_rm75_dual_description/meshes/dt_link.STL
[30.086s] -- Up-to-date: /home/moyu/workspace/vr_teleop/vr_rm75_ws/install/lsrx_rm75_dual_description/share/lsrx_rm75_dual_description/meshes/wc_rear_right_link.STL
[30.086s] -- Up-to-date: /home/moyu/workspace/vr_teleop/vr_rm75_ws/install/lsrx_rm75_dual_description/share/lsrx_rm75_dual_description/meshes/wc_rear_left_link.STL
[30.086s] -- Up-to-date: /home/moyu/workspace/vr_teleop/vr_rm75_ws/install/lsrx_rm75_dual_description/share/lsrx_rm75_dual_description/meshes/rtool_Left_2_Link.STL
[30.086s] -- Up-to-date: /home/moyu/workspace/vr_teleop/vr_rm75_ws/install/lsrx_rm75_dual_description/share/lsrx_rm75_dual_description/meshes/xb_link.STL
[30.086s] -- Up-to-date: /home/moyu/workspace/vr_teleop/vr_rm75_ws/install/lsrx_rm75_dual_description/share/lsrx_rm75_dual_description/meshes/xt_link_1.STL
[30.086s] -- Up-to-date: /home/moyu/workspace/vr_teleop/vr_rm75_ws/install/lsrx_rm75_dual_description/share/lsrx_rm75_dual_description/launch
[30.086s] -- Up-to-date: /home/moyu/workspace/vr_teleop/vr_rm75_ws/install/lsrx_rm75_dual_description/share/lsrx_rm75_dual_description/launch/display_dual.launch.py
[30.086s] -- Up-to-date: /home/moyu/workspace/vr_teleop/vr_rm75_ws/install/lsrx_rm75_dual_description/share/lsrx_rm75_dual_description/launch/display.launch
[30.086s] -- Up-to-date: /home/moyu/workspace/vr_teleop/vr_rm75_ws/install/lsrx_rm75_dual_description/share/ament_index/resource_index/package_run_dependencies/lsrx_rm75_dual_description
[30.086s] -- Up-to-date: /home/moyu/workspace/vr_teleop/vr_rm75_ws/install/lsrx_rm75_dual_description/share/ament_index/resource_index/parent_prefix_path/lsrx_rm75_dual_description
[30.086s] -- Up-to-date: /home/moyu/workspace/vr_teleop/vr_rm75_ws/install/lsrx_rm75_dual_description/share/lsrx_rm75_dual_description/environment/ament_prefix_path.sh
[30.086s] -- Up-to-date: /home/moyu/workspace/vr_teleop/vr_rm75_ws/install/lsrx_rm75_dual_description/share/lsrx_rm75_dual_description/environment/ament_prefix_path.dsv
[30.086s] -- Up-to-date: /home/moyu/workspace/vr_teleop/vr_rm75_ws/install/lsrx_rm75_dual_description/share/lsrx_rm75_dual_description/environment/path.sh
[30.086s] -- Up-to-date: /home/moyu/workspace/vr_teleop/vr_rm75_ws/install/lsrx_rm75_dual_description/share/lsrx_rm75_dual_description/environment/path.dsv
[30.086s] -- Up-to-date: /home/moyu/workspace/vr_teleop/vr_rm75_ws/install/lsrx_rm75_dual_description/share/lsrx_rm75_dual_description/local_setup.bash
[30.086s] -- Up-to-date: /home/moyu/workspace/vr_teleop/vr_rm75_ws/install/lsrx_rm75_dual_description/share/lsrx_rm75_dual_description/local_setup.sh
[30.087s] -- Up-to-date: /home/moyu/workspace/vr_teleop/vr_rm75_ws/install/lsrx_rm75_dual_description/share/lsrx_rm75_dual_description/local_setup.zsh
[30.087s] -- Up-to-date: /home/moyu/workspace/vr_teleop/vr_rm75_ws/install/lsrx_rm75_dual_description/share/lsrx_rm75_dual_description/local_setup.dsv
[30.087s] -- Installing: /home/moyu/workspace/vr_teleop/vr_rm75_ws/install/lsrx_rm75_dual_description/share/lsrx_rm75_dual_description/package.dsv
[30.087s] -- Up-to-date: /home/moyu/workspace/vr_teleop/vr_rm75_ws/install/lsrx_rm75_dual_description/share/ament_index/resource_index/packages/lsrx_rm75_dual_description
[30.087s] -- Up-to-date: /home/moyu/workspace/vr_teleop/vr_rm75_ws/install/lsrx_rm75_dual_description/share/lsrx_rm75_dual_description/cmake/lsrx_rm75_dual_descriptionConfig.cmake
[30.087s] -- Up-to-date: /home/moyu/workspace/vr_teleop/vr_rm75_ws/install/lsrx_rm75_dual_description/share/lsrx_rm75_dual_description/cmake/lsrx_rm75_dual_descriptionConfig-version.cmake
[30.087s] -- Up-to-date: /home/moyu/workspace/vr_teleop/vr_rm75_ws/install/lsrx_rm75_dual_description/share/lsrx_rm75_dual_description/package.xml
[30.087s] Invoked command in '/home/moyu/workspace/vr_teleop/vr_rm75_ws/build/lsrx_rm75_dual_description' returned '0': CMAKE_PREFIX_PATH=/opt/ros/humble /usr/bin/cmake --install /home/moyu/workspace/vr_teleop/vr_rm75_ws/build/lsrx_rm75_dual_description
